[INFO] Scanning for projects...
[INFO] 
[INFO] ------------------------< crm_imobiliario:back >------------------------
[INFO] Building  0.0.1-SNAPSHOT
[INFO]   from pom.xml
[INFO] --------------------------------[ jar ]---------------------------------
[INFO] 
[INFO] >>> spring-boot:4.0.5:run (default-cli) > test-compile @ back >>>
[INFO] 
[INFO] --- resources:3.3.1:resources (default-resources) @ back ---
[INFO] Copying 1 resource from src\main\resources to target\classes
[INFO] Copying 1 resource from src\main\resources to target\classes
[INFO] 
[INFO] --- compiler:3.14.1:compile (default-compile) @ back ---
[INFO] Nothing to compile - all classes are up to date.
[INFO] 
[INFO] --- resources:3.3.1:testResources (default-testResources) @ back ---
[INFO] skip non existing resourceDirectory C:\Users\isabe\Desktop\imoveis\crm-imobiliario_backEnd\back\src\test\resources
[INFO] 
[INFO] --- compiler:3.14.1:testCompile (default-testCompile) @ back ---
[INFO] Nothing to compile - all classes are up to date.
[INFO] 
[INFO] <<< spring-boot:4.0.5:run (default-cli) < test-compile @ back <<<
[INFO] 
[INFO] 
[INFO] --- spring-boot:4.0.5:run (default-cli) @ back ---
[INFO] Attaching agents: []

  .   ____          _            __ _ _
 /\\ / ___'_ __ _ _(_)_ __  __ _ \ \ \ \
( ( )\___ | '_ | '_| | '_ \/ _` | \ \ \ \
 \\/  ___)| |_)| | | | | || (_| |  ) ) ) )
  '  |____| .__|_| |_|_| |_\__, | / / / /
 =========|_|==============|___/=/_/_/_/

 :: Spring Boot ::                (v4.0.5)

2026-09-14T20:59:48.611-03:00  INFO 11152 --- [back] [           main] crm_imobiliario.back.BackApplication     : Starting BackApplication using Java 21.0.12.1 with PID 11152 (C:\Users\isabe\Desktop\imoveis\crm-imobiliario_backEnd\back\target\classes started by isabe in C:\Users\isabe\Desktop\imoveis\crm-imobiliario_backEnd\back)
2026-09-14T20:59:48.624-03:00  INFO 11152 --- [back] [           main] crm_imobiliario.back.BackApplication     : No active profile set, falling back to 1 default profile: "default"
2026-09-14T20:59:49.852-03:00  INFO 11152 --- [back] [           main] .s.d.r.c.RepositoryConfigurationDelegate : Bootstrapping Spring Data JPA repositories in DEFAULT mode.
2026-09-14T20:59:50.029-03:00  INFO 11152 --- [back] [           main] .s.d.r.c.RepositoryConfigurationDelegate : Finished Spring Data repository scanning in 175 ms. Found 28 JPA repository interfaces.
2026-09-14T20:59:50.998-03:00  INFO 11152 --- [back] [           main] o.s.boot.tomcat.TomcatWebServer          : Tomcat initialized with port 8080 (http)
2026-09-14T20:59:51.025-03:00  INFO 11152 --- [back] [           main] o.apache.catalina.core.StandardService   : Starting service [Tomcat]
2026-09-14T20:59:51.025-03:00  INFO 11152 --- [back] [           main] o.apache.catalina.core.StandardEngine    : Starting Servlet engine: [Apache Tomcat/11.0.20]
2026-09-14T20:59:51.132-03:00  INFO 11152 --- [back] [           main] b.w.c.s.WebApplicationContextInitializer : Root WebApplicationContext: initialization completed in 2419 ms
2026-09-14T20:59:51.750-03:00  INFO 11152 --- [back] [           main] com.zaxxer.hikari.HikariDataSource       : HikariPool-1 - Starting...
2026-09-14T20:59:52.057-03:00  INFO 11152 --- [back] [           main] com.zaxxer.hikari.pool.HikariPool        : HikariPool-1 - Added connection org.postgresql.jdbc.PgConnection@6fd1ea75
2026-09-14T20:59:52.057-03:00  INFO 11152 --- [back] [           main] com.zaxxer.hikari.HikariDataSource       : HikariPool-1 - Start completed.
2026-09-14T20:59:52.109-03:00  INFO 11152 --- [back] [           main] org.flywaydb.core.FlywayExecutor         : Database: jdbc:postgresql://localhost:5432/crm_corretora (PostgreSQL 17.11)
2026-09-14T20:59:52.223-03:00  INFO 11152 --- [back] [           main] o.f.core.internal.command.DbValidate     : Successfully validated 2 migrations (execution time 00:00.065s)
2026-09-14T20:59:52.265-03:00  INFO 11152 --- [back] [           main] o.f.core.internal.command.DbMigrate      : Current version of schema "public": 2
2026-09-14T20:59:52.271-03:00  INFO 11152 --- [back] [           main] o.f.core.internal.command.DbMigrate      : Schema "public" is up to date. No migration necessary.
2026-09-14T20:59:52.437-03:00  INFO 11152 --- [back] [           main] org.hibernate.orm.jpa                    : HHH008540: Processing PersistenceUnitInfo [name: default]
2026-09-14T20:59:52.546-03:00  INFO 11152 --- [back] [           main] org.hibernate.orm.core                   : HHH000001: Hibernate ORM core version 7.2.7.Final
2026-09-14T20:59:53.326-03:00  INFO 11152 --- [back] [           main] o.s.o.j.p.SpringPersistenceUnitInfo      : No LoadTimeWeaver setup: ignoring JPA class transformer
2026-09-14T20:59:53.493-03:00  INFO 11152 --- [back] [           main] org.hibernate.orm.connections.pooling    : HHH10001005: Database info:
	Database JDBC URL [jdbc:postgresql://localhost:5432/crm_corretora]
	Database driver: PostgreSQL JDBC Driver
	Database dialect: PostgreSQLDialect
	Database version: 17.11
	Default catalog/schema: crm_corretora/public
	Autocommit mode: undefined/unknown
	Isolation level: READ_COMMITTED [default READ_COMMITTED]
	JDBC fetch size: none
	Pool: DataSourceConnectionProvider
	Minimum pool size: undefined/unknown
	Maximum pool size: undefined/unknown
2026-09-14T20:59:56.219-03:00  INFO 11152 --- [back] [           main] org.hibernate.orm.core                   : HHH000489: No JTA platform available (set 'hibernate.transaction.jta.platform' to enable JTA platform integration)
2026-09-14T20:59:56.378-03:00  INFO 11152 --- [back] [           main] j.LocalContainerEntityManagerFactoryBean : Initialized JPA EntityManagerFactory for persistence unit 'default'
2026-09-14T20:59:56.485-03:00  INFO 11152 --- [back] [           main] o.s.d.j.r.query.QueryEnhancerFactories   : Hibernate is in classpath; If applicable, HQL parser will be used.
2026-09-14T20:59:58.649-03:00  INFO 11152 --- [back] [           main] c.b.m.s.empreendimento.CrmSyncService    : CrmSyncService: sync no startup habilitado — agendando seed inicial
2026-09-14T20:59:59.110-03:00  WARN 11152 --- [back] [           main] JpaBaseConfiguration$JpaWebConfiguration : spring.jpa.open-in-view is enabled by default. Therefore, database queries may be performed during view rendering. Explicitly configure spring.jpa.open-in-view to disable this warning
2026-09-14T20:59:59.992-03:00  INFO 11152 --- [back] [           main] o.s.boot.tomcat.TomcatWebServer          : Tomcat started on port 8080 (http) with context path '/'
2026-09-14T21:00:00.008-03:00  INFO 11152 --- [back] [           main] crm_imobiliario.back.BackApplication     : Started BackApplication in 12.044 seconds (process running for 12.766)
2026-09-14T21:00:00.016-03:00  INFO 11152 --- [back] [   scheduling-1] c.b.m.s.empreendimento.CrmSyncService    : CrmSyncService agendado disparado
2026-09-14T21:00:00.016-03:00  WARN 11152 --- [back] [   scheduling-1] c.b.m.s.e.GuiaParserService              : Nenhum Guia encontrado (json=.\guia-de-bolso_empreendimentos.json, html=.\guia-de-bolso.html)
2026-09-14T21:00:00.016-03:00  WARN 11152 --- [back] [   scheduling-1] c.b.m.s.e.GuiaParserService              : Nenhum Guia encontrado (json=.\data\guia-de-bolso_empreendimentos.json, html=.\data\guia-de-bolso.html)
2026-09-14T21:00:00.016-03:00  WARN 11152 --- [back] [   scheduling-1] c.b.m.s.e.GuiaParserService              : Nenhum Guia encontrado (json=guia-de-bolso_empreendimentos.json, html=guia-de-bolso.html)
2026-09-14T21:00:00.058-03:00  WARN 11152 --- [back] [   scheduling-1] c.b.m.s.e.GuiaParserService              : Falha ao ler JSON Guia C:\Users\isabe\Desktop\imoveis\guia-de-bolso_empreendimentos.json: Unrecognized field "ativo" (class crm_imobiliario.back.model.service.empreendimento.GuiaParserService$EmpreendimentoGuia), not marked as ignorable (25 known properties: "preco_min", "regiao", "cidade", "bairro", "pontos_referencia", "endereco", "slug", "resumo_10s", "descricao_resumo", "diferenciais", "uf", "status", "preco_max", "condicoes_comerciais", "metragem_min", "nome", "id", "plantas", "parcelamento_max", "previsao_entrega", "metragem_max", "geo", "areas_comuns", "entrega_contratual", "tabela")
 at [Source: REDACTED (`StreamReadFeature.INCLUDE_SOURCE_IN_LOCATION` disabled); line: 6, column: 18] (through reference chain: java.util.ArrayList[0]->crm_imobiliario.back.model.service.empreendimento.GuiaParserService$EmpreendimentoGuia["ativo"])
2026-09-14T21:00:00.099-03:00  WARN 11152 --- [back] [   scheduling-1] c.b.m.s.e.GuiaParserService              : Bloco Guia ignorado: Unrecognized field "ativo" (class crm_imobiliario.back.model.service.empreendimento.GuiaParserService$EmpreendimentoGuia), not marked as ignorable (25 known properties: "preco_min", "regiao", "cidade", "bairro", "pontos_referencia", "endereco", "slug", "resumo_10s", "descricao_resumo", "diferenciais", "uf", "status", "preco_max", "condicoes_comerciais", "metragem_min", "nome", "id", "plantas", "parcelamento_max", "previsao_entrega", "metragem_max", "geo", "areas_comuns", "entrega_contratual", "tabela")
 at [Source: REDACTED (`StreamReadFeature.INCLUDE_SOURCE_IN_LOCATION` disabled); line: 1, column: 90] (through reference chain: crm_imobiliario.back.model.service.empreendimento.GuiaParserService$EmpreendimentoGuia["ativo"])
2026-09-14T21:00:00.116-03:00  WARN 11152 --- [back] [   scheduling-1] c.b.m.s.e.GuiaParserService              : Bloco Guia ignorado: Unrecognized field "ativo" (class crm_imobiliario.back.model.service.empreendimento.GuiaParserService$EmpreendimentoGuia), not marked as ignorable (25 known properties: "preco_min", "regiao", "cidade", "bairro", "pontos_referencia", "endereco", "slug", "resumo_10s", "descricao_resumo", "diferenciais", "uf", "status", "preco_max", "condicoes_comerciais", "metragem_min", "nome", "id", "plantas", "parcelamento_max", "previsao_entrega", "metragem_max", "geo", "areas_comuns", "entrega_contratual", "tabela")
 at [Source: REDACTED (`StreamReadFeature.INCLUDE_SOURCE_IN_LOCATION` disabled); line: 1, column: 87] (through reference chain: crm_imobiliario.back.model.service.empreendimento.GuiaParserService$EmpreendimentoGuia["ativo"])
2026-09-14T21:00:00.134-03:00  WARN 11152 --- [back] [   scheduling-1] c.b.m.s.e.GuiaParserService              : Bloco Guia ignorado: Unrecognized field "ativo" (class crm_imobiliario.back.model.service.empreendimento.GuiaParserService$EmpreendimentoGuia), not marked as ignorable (25 known properties: "preco_min", "regiao", "cidade", "bairro", "pontos_referencia", "endereco", "slug", "resumo_10s", "descricao_resumo", "diferenciais", "uf", "status", "preco_max", "condicoes_comerciais", "metragem_min", "nome", "id", "plantas", "parcelamento_max", "previsao_entrega", "metragem_max", "geo", "areas_comuns", "entrega_contratual", "tabela")
 at [Source: REDACTED (`StreamReadFeature.INCLUDE_SOURCE_IN_LOCATION` disabled); line: 1, column: 82] (through reference chain: crm_imobiliario.back.model.service.empreendimento.GuiaParserService$EmpreendimentoGuia["ativo"])
2026-09-14T21:00:00.158-03:00  WARN 11152 --- [back] [   scheduling-1] c.b.m.s.e.GuiaParserService              : Bloco Guia ignorado: Unrecognized field "ativo" (class crm_imobiliario.back.model.service.empreendimento.GuiaParserService$EmpreendimentoGuia), not marked as ignorable (25 known properties: "preco_min", "regiao", "cidade", "bairro", "pontos_referencia", "endereco", "slug", "resumo_10s", "descricao_resumo", "diferenciais", "uf", "status", "preco_max", "condicoes_comerciais", "metragem_min", "nome", "id", "plantas", "parcelamento_max", "previsao_entrega", "metragem_max", "geo", "areas_comuns", "entrega_contratual", "tabela")
 at [Source: REDACTED (`StreamReadFeature.INCLUDE_SOURCE_IN_LOCATION` disabled); line: 1, column: 84] (through reference chain: crm_imobiliario.back.model.service.empreendimento.GuiaParserService$EmpreendimentoGuia["ativo"])
2026-09-14T21:00:00.176-03:00  WARN 11152 --- [back] [   scheduling-1] c.b.m.s.e.GuiaParserService              : Bloco Guia ignorado: Unrecognized field "ativo" (class crm_imobiliario.back.model.service.empreendimento.GuiaParserService$EmpreendimentoGuia), not marked as ignorable (25 known properties: "preco_min", "regiao", "cidade", "bairro", "pontos_referencia", "endereco", "slug", "resumo_10s", "descricao_resumo", "diferenciais", "uf", "status", "preco_max", "condicoes_comerciais", "metragem_min", "nome", "id", "plantas", "parcelamento_max", "previsao_entrega", "metragem_max", "geo", "areas_comuns", "entrega_contratual", "tabela")
 at [Source: REDACTED (`StreamReadFeature.INCLUDE_SOURCE_IN_LOCATION` disabled); line: 1, column: 78] (through reference chain: crm_imobiliario.back.model.service.empreendimento.GuiaParserService$EmpreendimentoGuia["ativo"])
2026-09-14T21:00:00.176-03:00  INFO 11152 --- [back] [   scheduling-1] c.b.m.s.e.GuiaParserService              : Guia carregado via HTML: 0 empreendimentos de C:\Users\isabe\Desktop\imoveis\guia-de-bolso.html
2026-09-14T21:00:00.176-03:00  WARN 11152 --- [back] [   scheduling-1] c.b.m.s.e.GuiaParserService              : Nenhum Guia encontrado (json=.\guia-de-bolso_empreendimentos.json, html=.\guia-de-bolso.html)
2026-09-14T21:00:00.176-03:00  WARN 11152 --- [back] [   scheduling-1] c.b.m.s.e.GuiaParserService              : Nenhum Guia encontrado (json=.\guia-de-bolso_empreendimentos.json, html=.\data\guia-de-bolso.html)
2026-09-14T21:00:00.176-03:00  WARN 11152 --- [back] [   scheduling-1] c.b.m.s.e.GuiaParserService              : Nenhum Guia encontrado (json=.\guia-de-bolso_empreendimentos.json, html=guia-de-bolso.html)
2026-09-14T21:00:00.208-03:00  WARN 11152 --- [back] [   scheduling-1] c.b.m.s.e.GuiaParserService              : Bloco Guia ignorado: Unrecognized field "ativo" (class crm_imobiliario.back.model.service.empreendimento.GuiaParserService$EmpreendimentoGuia), not marked as ignorable (25 known properties: "preco_min", "regiao", "cidade", "bairro", "pontos_referencia", "endereco", "slug", "resumo_10s", "descricao_resumo", "diferenciais", "uf", "status", "preco_max", "condicoes_comerciais", "metragem_min", "nome", "id", "plantas", "parcelamento_max", "previsao_entrega", "metragem_max", "geo", "areas_comuns", "entrega_contratual", "tabela")
 at [Source: REDACTED (`StreamReadFeature.INCLUDE_SOURCE_IN_LOCATION` disabled); line: 1, column: 90] (through reference chain: crm_imobiliario.back.model.service.empreendimento.GuiaParserService$EmpreendimentoGuia["ativo"])
2026-09-14T21:00:00.226-03:00  WARN 11152 --- [back] [   scheduling-1] c.b.m.s.e.GuiaParserService              : Bloco Guia ignorado: Unrecognized field "ativo" (class crm_imobiliario.back.model.service.empreendimento.GuiaParserService$EmpreendimentoGuia), not marked as ignorable (25 known properties: "preco_min", "regiao", "cidade", "bairro", "pontos_referencia", "endereco", "slug", "resumo_10s", "descricao_resumo", "diferenciais", "uf", "status", "preco_max", "condicoes_comerciais", "metragem_min", "nome", "id", "plantas", "parcelamento_max", "previsao_entrega", "metragem_max", "geo", "areas_comuns", "entrega_contratual", "tabela")
 at [Source: REDACTED (`StreamReadFeature.INCLUDE_SOURCE_IN_LOCATION` disabled); line: 1, column: 87] (through reference chain: crm_imobiliario.back.model.service.empreendimento.GuiaParserService$EmpreendimentoGuia["ativo"])
2026-09-14T21:00:00.242-03:00  WARN 11152 --- [back] [   scheduling-1] c.b.m.s.e.GuiaParserService              : Bloco Guia ignorado: Unrecognized field "ativo" (class crm_imobiliario.back.model.service.empreendimento.GuiaParserService$EmpreendimentoGuia), not marked as ignorable (25 known properties: "preco_min", "regiao", "cidade", "bairro", "pontos_referencia", "endereco", "slug", "resumo_10s", "descricao_resumo", "diferenciais", "uf", "status", "preco_max", "condicoes_comerciais", "metragem_min", "nome", "id", "plantas", "parcelamento_max", "previsao_entrega", "metragem_max", "geo", "areas_comuns", "entrega_contratual", "tabela")
 at [Source: REDACTED (`StreamReadFeature.INCLUDE_SOURCE_IN_LOCATION` disabled); line: 1, column: 82] (through reference chain: crm_imobiliario.back.model.service.empreendimento.GuiaParserService$EmpreendimentoGuia["ativo"])
2026-09-14T21:00:00.267-03:00  WARN 11152 --- [back] [   scheduling-1] c.b.m.s.e.GuiaParserService              : Bloco Guia ignorado: Unrecognized field "ativo" (class crm_imobiliario.back.model.service.empreendimento.GuiaParserService$EmpreendimentoGuia), not marked as ignorable (25 known properties: "preco_min", "regiao", "cidade", "bairro", "pontos_referencia", "endereco", "slug", "resumo_10s", "descricao_resumo", "diferenciais", "uf", "status", "preco_max", "condicoes_comerciais", "metragem_min", "nome", "id", "plantas", "parcelamento_max", "previsao_entrega", "metragem_max", "geo", "areas_comuns", "entrega_contratual", "tabela")
 at [Source: REDACTED (`StreamReadFeature.INCLUDE_SOURCE_IN_LOCATION` disabled); line: 1, column: 84] (through reference chain: crm_imobiliario.back.model.service.empreendimento.GuiaParserService$EmpreendimentoGuia["ativo"])
2026-09-14T21:00:00.291-03:00  WARN 11152 --- [back] [   scheduling-1] c.b.m.s.e.GuiaParserService              : Bloco Guia ignorado: Unrecognized field "ativo" (class crm_imobiliario.back.model.service.empreendimento.GuiaParserService$EmpreendimentoGuia), not marked as ignorable (25 known properties: "preco_min", "regiao", "cidade", "bairro", "pontos_referencia", "endereco", "slug", "resumo_10s", "descricao_resumo", "diferenciais", "uf", "status", "preco_max", "condicoes_comerciais", "metragem_min", "nome", "id", "plantas", "parcelamento_max", "previsao_entrega", "metragem_max", "geo", "areas_comuns", "entrega_contratual", "tabela")
 at [Source: REDACTED (`StreamReadFeature.INCLUDE_SOURCE_IN_LOCATION` disabled); line: 1, column: 78] (through reference chain: crm_imobiliario.back.model.service.empreendimento.GuiaParserService$EmpreendimentoGuia["ativo"])
2026-09-14T21:00:00.291-03:00  INFO 11152 --- [back] [   scheduling-1] c.b.m.s.e.GuiaParserService              : Guia carregado via HTML: 0 empreendimentos de C:\Users\isabe\Desktop\imoveis\guia-de-bolso.html
2026-09-14T21:00:00.291-03:00  WARN 11152 --- [back] [   scheduling-1] c.b.m.s.e.GuiaParserService              : Nenhum Guia encontrado (json=.\data\guia-de-bolso_empreendimentos.json, html=.\guia-de-bolso.html)
2026-09-14T21:00:00.291-03:00  WARN 11152 --- [back] [   scheduling-1] c.b.m.s.e.GuiaParserService              : Nenhum Guia encontrado (json=.\data\guia-de-bolso_empreendimentos.json, html=.\data\guia-de-bolso.html)
2026-09-14T21:00:00.291-03:00  WARN 11152 --- [back] [   scheduling-1] c.b.m.s.e.GuiaParserService              : Nenhum Guia encontrado (json=.\data\guia-de-bolso_empreendimentos.json, html=guia-de-bolso.html)
2026-09-14T21:00:00.317-03:00  WARN 11152 --- [back] [   scheduling-1] c.b.m.s.e.GuiaParserService              : Bloco Guia ignorado: Unrecognized field "ativo" (class crm_imobiliario.back.model.service.empreendimento.GuiaParserService$EmpreendimentoGuia), not marked as ignorable (25 known properties: "preco_min", "regiao", "cidade", "bairro", "pontos_referencia", "endereco", "slug", "resumo_10s", "descricao_resumo", "diferenciais", "uf", "status", "preco_max", "condicoes_comerciais", "metragem_min", "nome", "id", "plantas", "parcelamento_max", "previsao_entrega", "metragem_max", "geo", "areas_comuns", "entrega_contratual", "tabela")
 at [Source: REDACTED (`StreamReadFeature.INCLUDE_SOURCE_IN_LOCATION` disabled); line: 1, column: 90] (through reference chain: crm_imobiliario.back.model.service.empreendimento.GuiaParserService$EmpreendimentoGuia["ativo"])
2026-09-14T21:00:00.338-03:00  WARN 11152 --- [back] [   scheduling-1] c.b.m.s.e.GuiaParserService              : Bloco Guia ignorado: Unrecognized field "ativo" (class crm_imobiliario.back.model.service.empreendimento.GuiaParserService$EmpreendimentoGuia), not marked as ignorable (25 known properties: "preco_min", "regiao", "cidade", "bairro", "pontos_referencia", "endereco", "slug", "resumo_10s", "descricao_resumo", "diferenciais", "uf", "status", "preco_max", "condicoes_comerciais", "metragem_min", "nome", "id", "plantas", "parcelamento_max", "previsao_entrega", "metragem_max", "geo", "areas_comuns", "entrega_contratual", "tabela")
 at [Source: REDACTED (`StreamReadFeature.INCLUDE_SOURCE_IN_LOCATION` disabled); line: 1, column: 87] (through reference chain: crm_imobiliario.back.model.service.empreendimento.GuiaParserService$EmpreendimentoGuia["ativo"])
2026-09-14T21:00:00.360-03:00  WARN 11152 --- [back] [   scheduling-1] c.b.m.s.e.GuiaParserService              : Bloco Guia ignorado: Unrecognized field "ativo" (class crm_imobiliario.back.model.service.empreendimento.GuiaParserService$EmpreendimentoGuia), not marked as ignorable (25 known properties: "preco_min", "regiao", "cidade", "bairro", "pontos_referencia", "endereco", "slug", "resumo_10s", "descricao_resumo", "diferenciais", "uf", "status", "preco_max", "condicoes_comerciais", "metragem_min", "nome", "id", "plantas", "parcelamento_max", "previsao_entrega", "metragem_max", "geo", "areas_comuns", "entrega_contratual", "tabela")
 at [Source: REDACTED (`StreamReadFeature.INCLUDE_SOURCE_IN_LOCATION` disabled); line: 1, column: 82] (through reference chain: crm_imobiliario.back.model.service.empreendimento.GuiaParserService$EmpreendimentoGuia["ativo"])
2026-09-14T21:00:00.375-03:00  WARN 11152 --- [back] [   scheduling-1] c.b.m.s.e.GuiaParserService              : Bloco Guia ignorado: Unrecognized field "ativo" (class crm_imobiliario.back.model.service.empreendimento.GuiaParserService$EmpreendimentoGuia), not marked as ignorable (25 known properties: "preco_min", "regiao", "cidade", "bairro", "pontos_referencia", "endereco", "slug", "resumo_10s", "descricao_resumo", "diferenciais", "uf", "status", "preco_max", "condicoes_comerciais", "metragem_min", "nome", "id", "plantas", "parcelamento_max", "previsao_entrega", "metragem_max", "geo", "areas_comuns", "entrega_contratual", "tabela")
 at [Source: REDACTED (`StreamReadFeature.INCLUDE_SOURCE_IN_LOCATION` disabled); line: 1, column: 84] (through reference chain: crm_imobiliario.back.model.service.empreendimento.GuiaParserService$EmpreendimentoGuia["ativo"])
2026-09-14T21:00:00.392-03:00  WARN 11152 --- [back] [   scheduling-1] c.b.m.s.e.GuiaParserService              : Bloco Guia ignorado: Unrecognized field "ativo" (class crm_imobiliario.back.model.service.empreendimento.GuiaParserService$EmpreendimentoGuia), not marked as ignorable (25 known properties: "preco_min", "regiao", "cidade", "bairro", "pontos_referencia", "endereco", "slug", "resumo_10s", "descricao_resumo", "diferenciais", "uf", "status", "preco_max", "condicoes_comerciais", "metragem_min", "nome", "id", "plantas", "parcelamento_max", "previsao_entrega", "metragem_max", "geo", "areas_comuns", "entrega_contratual", "tabela")
 at [Source: REDACTED (`StreamReadFeature.INCLUDE_SOURCE_IN_LOCATION` disabled); line: 1, column: 78] (through reference chain: crm_imobiliario.back.model.service.empreendimento.GuiaParserService$EmpreendimentoGuia["ativo"])
2026-09-14T21:00:00.392-03:00  INFO 11152 --- [back] [   scheduling-1] c.b.m.s.e.GuiaParserService              : Guia carregado via HTML: 0 empreendimentos de C:\Users\isabe\Desktop\imoveis\guia-de-bolso.html
2026-09-14T21:00:00.392-03:00  WARN 11152 --- [back] [   scheduling-1] c.b.m.s.e.GuiaParserService              : Nenhum Guia encontrado (json=guia-de-bolso_empreendimentos.json, html=.\guia-de-bolso.html)
2026-09-14T21:00:00.392-03:00  WARN 11152 --- [back] [   scheduling-1] c.b.m.s.e.GuiaParserService              : Nenhum Guia encontrado (json=guia-de-bolso_empreendimentos.json, html=.\data\guia-de-bolso.html)
2026-09-14T21:00:00.392-03:00  WARN 11152 --- [back] [   scheduling-1] c.b.m.s.e.GuiaParserService              : Nenhum Guia encontrado (json=guia-de-bolso_empreendimentos.json, html=guia-de-bolso.html)
2026-09-14T21:00:00.427-03:00  WARN 11152 --- [back] [   scheduling-1] c.b.m.s.e.GuiaParserService              : Bloco Guia ignorado: Unrecognized field "ativo" (class crm_imobiliario.back.model.service.empreendimento.GuiaParserService$EmpreendimentoGuia), not marked as ignorable (25 known properties: "preco_min", "regiao", "cidade", "bairro", "pontos_referencia", "endereco", "slug", "resumo_10s", "descricao_resumo", "diferenciais", "uf", "status", "preco_max", "condicoes_comerciais", "metragem_min", "nome", "id", "plantas", "parcelamento_max", "previsao_entrega", "metragem_max", "geo", "areas_comuns", "entrega_contratual", "tabela")
 at [Source: REDACTED (`StreamReadFeature.INCLUDE_SOURCE_IN_LOCATION` disabled); line: 1, column: 90] (through reference chain: crm_imobiliario.back.model.service.empreendimento.GuiaParserService$EmpreendimentoGuia["ativo"])
2026-09-14T21:00:00.443-03:00  WARN 11152 --- [back] [   scheduling-1] c.b.m.s.e.GuiaParserService              : Bloco Guia ignorado: Unrecognized field "ativo" (class crm_imobiliario.back.model.service.empreendimento.GuiaParserService$EmpreendimentoGuia), not marked as ignorable (25 known properties: "preco_min", "regiao", "cidade", "bairro", "pontos_referencia", "endereco", "slug", "resumo_10s", "descricao_resumo", "diferenciais", "uf", "status", "preco_max", "condicoes_comerciais", "metragem_min", "nome", "id", "plantas", "parcelamento_max", "previsao_entrega", "metragem_max", "geo", "areas_comuns", "entrega_contratual", "tabela")
 at [Source: REDACTED (`StreamReadFeature.INCLUDE_SOURCE_IN_LOCATION` disabled); line: 1, column: 87] (through reference chain: crm_imobiliario.back.model.service.empreendimento.GuiaParserService$EmpreendimentoGuia["ativo"])
2026-09-14T21:00:00.460-03:00  WARN 11152 --- [back] [   scheduling-1] c.b.m.s.e.GuiaParserService              : Bloco Guia ignorado: Unrecognized field "ativo" (class crm_imobiliario.back.model.service.empreendimento.GuiaParserService$EmpreendimentoGuia), not marked as ignorable (25 known properties: "preco_min", "regiao", "cidade", "bairro", "pontos_referencia", "endereco", "slug", "resumo_10s", "descricao_resumo", "diferenciais", "uf", "status", "preco_max", "condicoes_comerciais", "metragem_min", "nome", "id", "plantas", "parcelamento_max", "previsao_entrega", "metragem_max", "geo", "areas_comuns", "entrega_contratual", "tabela")
 at [Source: REDACTED (`StreamReadFeature.INCLUDE_SOURCE_IN_LOCATION` disabled); line: 1, column: 82] (through reference chain: crm_imobiliario.back.model.service.empreendimento.GuiaParserService$EmpreendimentoGuia["ativo"])
2026-09-14T21:00:00.475-03:00  WARN 11152 --- [back] [   scheduling-1] c.b.m.s.e.GuiaParserService              : Bloco Guia ignorado: Unrecognized field "ativo" (class crm_imobiliario.back.model.service.empreendimento.GuiaParserService$EmpreendimentoGuia), not marked as ignorable (25 known properties: "preco_min", "regiao", "cidade", "bairro", "pontos_referencia", "endereco", "slug", "resumo_10s", "descricao_resumo", "diferenciais", "uf", "status", "preco_max", "condicoes_comerciais", "metragem_min", "nome", "id", "plantas", "parcelamento_max", "previsao_entrega", "metragem_max", "geo", "areas_comuns", "entrega_contratual", "tabela")
 at [Source: REDACTED (`StreamReadFeature.INCLUDE_SOURCE_IN_LOCATION` disabled); line: 1, column: 84] (through reference chain: crm_imobiliario.back.model.service.empreendimento.GuiaParserService$EmpreendimentoGuia["ativo"])
2026-09-14T21:00:00.492-03:00  WARN 11152 --- [back] [   scheduling-1] c.b.m.s.e.GuiaParserService              : Bloco Guia ignorado: Unrecognized field "ativo" (class crm_imobiliario.back.model.service.empreendimento.GuiaParserService$EmpreendimentoGuia), not marked as ignorable (25 known properties: "preco_min", "regiao", "cidade", "bairro", "pontos_referencia", "endereco", "slug", "resumo_10s", "descricao_resumo", "diferenciais", "uf", "status", "preco_max", "condicoes_comerciais", "metragem_min", "nome", "id", "plantas", "parcelamento_max", "previsao_entrega", "metragem_max", "geo", "areas_comuns", "entrega_contratual", "tabela")
 at [Source: REDACTED (`StreamReadFeature.INCLUDE_SOURCE_IN_LOCATION` disabled); line: 1, column: 78] (through reference chain: crm_imobiliario.back.model.service.empreendimento.GuiaParserService$EmpreendimentoGuia["ativo"])
2026-09-14T21:00:00.492-03:00  INFO 11152 --- [back] [   scheduling-1] c.b.m.s.e.GuiaParserService              : Guia carregado via HTML: 0 empreendimentos de C:\Users\isabe\Desktop\imoveis\guia-de-bolso.html
2026-09-14T21:00:00.508-03:00  WARN 11152 --- [back] [   scheduling-1] c.b.m.s.e.GuiaParserService              : Falha ao ler JSON Guia C:\Users\isabe\Desktop\imoveis\guia-de-bolso_empreendimentos.json: Unrecognized field "ativo" (class crm_imobiliario.back.model.service.empreendimento.GuiaParserService$EmpreendimentoGuia), not marked as ignorable (25 known properties: "preco_min", "regiao", "cidade", "bairro", "pontos_referencia", "endereco", "slug", "resumo_10s", "descricao_resumo", "diferenciais", "uf", "status", "preco_max", "condicoes_comerciais", "metragem_min", "nome", "id", "plantas", "parcelamento_max", "previsao_entrega", "metragem_max", "geo", "areas_comuns", "entrega_contratual", "tabela")
 at [Source: REDACTED (`StreamReadFeature.INCLUDE_SOURCE_IN_LOCATION` disabled); line: 6, column: 18] (through reference chain: java.util.ArrayList[0]->crm_imobiliario.back.model.service.empreendimento.GuiaParserService$EmpreendimentoGuia["ativo"])
2026-09-14T21:00:00.509-03:00  WARN 11152 --- [back] [   scheduling-1] c.b.m.s.e.GuiaParserService              : Nenhum Guia encontrado (json=C:\Users\isabe\Desktop\imoveis\guia-de-bolso_empreendimentos.json, html=.\guia-de-bolso.html)
2026-09-14T21:00:00.517-03:00  WARN 11152 --- [back] [   scheduling-1] c.b.m.s.e.GuiaParserService              : Falha ao ler JSON Guia C:\Users\isabe\Desktop\imoveis\guia-de-bolso_empreendimentos.json: Unrecognized field "ativo" (class crm_imobiliario.back.model.service.empreendimento.GuiaParserService$EmpreendimentoGuia), not marked as ignorable (25 known properties: "preco_min", "regiao", "cidade", "bairro", "pontos_referencia", "endereco", "slug", "resumo_10s", "descricao_resumo", "diferenciais", "uf", "status", "preco_max", "condicoes_comerciais", "metragem_min", "nome", "id", "plantas", "parcelamento_max", "previsao_entrega", "metragem_max", "geo", "areas_comuns", "entrega_contratual", "tabela")
 at [Source: REDACTED (`StreamReadFeature.INCLUDE_SOURCE_IN_LOCATION` disabled); line: 6, column: 18] (through reference chain: java.util.ArrayList[0]->crm_imobiliario.back.model.service.empreendimento.GuiaParserService$EmpreendimentoGuia["ativo"])
2026-09-14T21:00:00.517-03:00  WARN 11152 --- [back] [   scheduling-1] c.b.m.s.e.GuiaParserService              : Nenhum Guia encontrado (json=C:\Users\isabe\Desktop\imoveis\guia-de-bolso_empreendimentos.json, html=.\data\guia-de-bolso.html)
2026-09-14T21:00:00.527-03:00  WARN 11152 --- [back] [   scheduling-1] c.b.m.s.e.GuiaParserService              : Falha ao ler JSON Guia C:\Users\isabe\Desktop\imoveis\guia-de-bolso_empreendimentos.json: Unrecognized field "ativo" (class crm_imobiliario.back.model.service.empreendimento.GuiaParserService$EmpreendimentoGuia), not marked as ignorable (25 known properties: "preco_min", "regiao", "cidade", "bairro", "pontos_referencia", "endereco", "slug", "resumo_10s", "descricao_resumo", "diferenciais", "uf", "status", "preco_max", "condicoes_comerciais", "metragem_min", "nome", "id", "plantas", "parcelamento_max", "previsao_entrega", "metragem_max", "geo", "areas_comuns", "entrega_contratual", "tabela")
 at [Source: REDACTED (`StreamReadFeature.INCLUDE_SOURCE_IN_LOCATION` disabled); line: 6, column: 18] (through reference chain: java.util.ArrayList[0]->crm_imobiliario.back.model.service.empreendimento.GuiaParserService$EmpreendimentoGuia["ativo"])
2026-09-14T21:00:00.527-03:00  WARN 11152 --- [back] [   scheduling-1] c.b.m.s.e.GuiaParserService              : Nenhum Guia encontrado (json=C:\Users\isabe\Desktop\imoveis\guia-de-bolso_empreendimentos.json, html=guia-de-bolso.html)
2026-09-14T21:00:00.534-03:00  WARN 11152 --- [back] [   scheduling-1] c.b.m.s.e.GuiaParserService              : Falha ao ler JSON Guia C:\Users\isabe\Desktop\imoveis\guia-de-bolso_empreendimentos.json: Unrecognized field "ativo" (class crm_imobiliario.back.model.service.empreendimento.GuiaParserService$EmpreendimentoGuia), not marked as ignorable (25 known properties: "preco_min", "regiao", "cidade", "bairro", "pontos_referencia", "endereco", "slug", "resumo_10s", "descricao_resumo", "diferenciais", "uf", "status", "preco_max", "condicoes_comerciais", "metragem_min", "nome", "id", "plantas", "parcelamento_max", "previsao_entrega", "metragem_max", "geo", "areas_comuns", "entrega_contratual", "tabela")
 at [Source: REDACTED (`StreamReadFeature.INCLUDE_SOURCE_IN_LOCATION` disabled); line: 6, column: 18] (through reference chain: java.util.ArrayList[0]->crm_imobiliario.back.model.service.empreendimento.GuiaParserService$EmpreendimentoGuia["ativo"])
2026-09-14T21:00:00.567-03:00  WARN 11152 --- [back] [   scheduling-1] c.b.m.s.e.GuiaParserService              : Bloco Guia ignorado: Unrecognized field "ativo" (class crm_imobiliario.back.model.service.empreendimento.GuiaParserService$EmpreendimentoGuia), not marked as ignorable (25 known properties: "preco_min", "regiao", "cidade", "bairro", "pontos_referencia", "endereco", "slug", "resumo_10s", "descricao_resumo", "diferenciais", "uf", "status", "preco_max", "condicoes_comerciais", "metragem_min", "nome", "id", "plantas", "parcelamento_max", "previsao_entrega", "metragem_max", "geo", "areas_comuns", "entrega_contratual", "tabela")
 at [Source: REDACTED (`StreamReadFeature.INCLUDE_SOURCE_IN_LOCATION` disabled); line: 1, column: 90] (through reference chain: crm_imobiliario.back.model.service.empreendimento.GuiaParserService$EmpreendimentoGuia["ativo"])
2026-09-14T21:00:00.592-03:00  WARN 11152 --- [back] [   scheduling-1] c.b.m.s.e.GuiaParserService              : Bloco Guia ignorado: Unrecognized field "ativo" (class crm_imobiliario.back.model.service.empreendimento.GuiaParserService$EmpreendimentoGuia), not marked as ignorable (25 known properties: "preco_min", "regiao", "cidade", "bairro", "pontos_referencia", "endereco", "slug", "resumo_10s", "descricao_resumo", "diferenciais", "uf", "status", "preco_max", "condicoes_comerciais", "metragem_min", "nome", "id", "plantas", "parcelamento_max", "previsao_entrega", "metragem_max", "geo", "areas_comuns", "entrega_contratual", "tabela")
 at [Source: REDACTED (`StreamReadFeature.INCLUDE_SOURCE_IN_LOCATION` disabled); line: 1, column: 87] (through reference chain: crm_imobiliario.back.model.service.empreendimento.GuiaParserService$EmpreendimentoGuia["ativo"])
2026-09-14T21:00:00.613-03:00  WARN 11152 --- [back] [   scheduling-1] c.b.m.s.e.GuiaParserService              : Bloco Guia ignorado: Unrecognized field "ativo" (class crm_imobiliario.back.model.service.empreendimento.GuiaParserService$EmpreendimentoGuia), not marked as ignorable (25 known properties: "preco_min", "regiao", "cidade", "bairro", "pontos_referencia", "endereco", "slug", "resumo_10s", "descricao_resumo", "diferenciais", "uf", "status", "preco_max", "condicoes_comerciais", "metragem_min", "nome", "id", "plantas", "parcelamento_max", "previsao_entrega", "metragem_max", "geo", "areas_comuns", "entrega_contratual", "tabela")
 at [Source: REDACTED (`StreamReadFeature.INCLUDE_SOURCE_IN_LOCATION` disabled); line: 1, column: 82] (through reference chain: crm_imobiliario.back.model.service.empreendimento.GuiaParserService$EmpreendimentoGuia["ativo"])
2026-09-14T21:00:00.634-03:00  WARN 11152 --- [back] [   scheduling-1] c.b.m.s.e.GuiaParserService              : Bloco Guia ignorado: Unrecognized field "ativo" (class crm_imobiliario.back.model.service.empreendimento.GuiaParserService$EmpreendimentoGuia), not marked as ignorable (25 known properties: "preco_min", "regiao", "cidade", "bairro", "pontos_referencia", "endereco", "slug", "resumo_10s", "descricao_resumo", "diferenciais", "uf", "status", "preco_max", "condicoes_comerciais", "metragem_min", "nome", "id", "plantas", "parcelamento_max", "previsao_entrega", "metragem_max", "geo", "areas_comuns", "entrega_contratual", "tabela")
 at [Source: REDACTED (`StreamReadFeature.INCLUDE_SOURCE_IN_LOCATION` disabled); line: 1, column: 84] (through reference chain: crm_imobiliario.back.model.service.empreendimento.GuiaParserService$EmpreendimentoGuia["ativo"])
2026-09-14T21:00:00.650-03:00  WARN 11152 --- [back] [   scheduling-1] c.b.m.s.e.GuiaParserService              : Bloco Guia ignorado: Unrecognized field "ativo" (class crm_imobiliario.back.model.service.empreendimento.GuiaParserService$EmpreendimentoGuia), not marked as ignorable (25 known properties: "preco_min", "regiao", "cidade", "bairro", "pontos_referencia", "endereco", "slug", "resumo_10s", "descricao_resumo", "diferenciais", "uf", "status", "preco_max", "condicoes_comerciais", "metragem_min", "nome", "id", "plantas", "parcelamento_max", "previsao_entrega", "metragem_max", "geo", "areas_comuns", "entrega_contratual", "tabela")
 at [Source: REDACTED (`StreamReadFeature.INCLUDE_SOURCE_IN_LOCATION` disabled); line: 1, column: 78] (through reference chain: crm_imobiliario.back.model.service.empreendimento.GuiaParserService$EmpreendimentoGuia["ativo"])
2026-09-14T21:00:00.650-03:00  INFO 11152 --- [back] [   scheduling-1] c.b.m.s.e.GuiaParserService              : Guia carregado via HTML: 0 empreendimentos de C:\Users\isabe\Desktop\imoveis\guia-de-bolso.html
2026-09-14T21:00:00.650-03:00  WARN 11152 --- [back] [   scheduling-1] c.b.m.s.empreendimento.CrmSyncService    : CrmSyncService: nenhum Guia encontrado em candidatosJson=[.\guia-de-bolso_empreendimentos.json, .\data\guia-de-bolso_empreendimentos.json, guia-de-bolso_empreendimentos.json, C:\Users\isabe\Desktop\imoveis\guia-de-bolso_empreendimentos.json], candidatosHtml=[.\guia-de-bolso.html, .\data\guia-de-bolso.html, guia-de-bolso.html, C:\Users\isabe\Desktop\imoveis\guia-de-bolso.html]
2026-09-14T21:00:00.942-03:00  INFO 11152 --- [back] [   scheduling-1] c.b.m.s.empreendimento.CrmSyncService    : Sync completa: total=17, sucesso=17, falha=0, disponiveis=16
2026-09-14T21:00:01.661-03:00  WARN 11152 --- [back] [       crm-seed] c.b.m.s.e.GuiaParserService              : Nenhum Guia encontrado (json=.\guia-de-bolso_empreendimentos.json, html=.\guia-de-bolso.html)
2026-09-14T21:00:01.661-03:00  WARN 11152 --- [back] [       crm-seed] c.b.m.s.e.GuiaParserService              : Nenhum Guia encontrado (json=.\data\guia-de-bolso_empreendimentos.json, html=.\data\guia-de-bolso.html)
2026-09-14T21:00:01.661-03:00  WARN 11152 --- [back] [       crm-seed] c.b.m.s.e.GuiaParserService              : Nenhum Guia encontrado (json=guia-de-bolso_empreendimentos.json, html=guia-de-bolso.html)
2026-09-14T21:00:01.669-03:00  WARN 11152 --- [back] [       crm-seed] c.b.m.s.e.GuiaParserService              : Falha ao ler JSON Guia C:\Users\isabe\Desktop\imoveis\guia-de-bolso_empreendimentos.json: Unrecognized field "ativo" (class crm_imobiliario.back.model.service.empreendimento.GuiaParserService$EmpreendimentoGuia), not marked as ignorable (25 known properties: "preco_min", "regiao", "cidade", "bairro", "pontos_referencia", "endereco", "slug", "resumo_10s", "descricao_resumo", "diferenciais", "uf", "status", "preco_max", "condicoes_comerciais", "metragem_min", "nome", "id", "plantas", "parcelamento_max", "previsao_entrega", "metragem_max", "geo", "areas_comuns", "entrega_contratual", "tabela")
 at [Source: REDACTED (`StreamReadFeature.INCLUDE_SOURCE_IN_LOCATION` disabled); line: 6, column: 18] (through reference chain: java.util.ArrayList[0]->crm_imobiliario.back.model.service.empreendimento.GuiaParserService$EmpreendimentoGuia["ativo"])
2026-09-14T21:00:01.695-03:00  WARN 11152 --- [back] [       crm-seed] c.b.m.s.e.GuiaParserService              : Bloco Guia ignorado: Unrecognized field "ativo" (class crm_imobiliario.back.model.service.empreendimento.GuiaParserService$EmpreendimentoGuia), not marked as ignorable (25 known properties: "preco_min", "regiao", "cidade", "bairro", "pontos_referencia", "endereco", "slug", "resumo_10s", "descricao_resumo", "diferenciais", "uf", "status", "preco_max", "condicoes_comerciais", "metragem_min", "nome", "id", "plantas", "parcelamento_max", "previsao_entrega", "metragem_max", "geo", "areas_comuns", "entrega_contratual", "tabela")
 at [Source: REDACTED (`StreamReadFeature.INCLUDE_SOURCE_IN_LOCATION` disabled); line: 1, column: 90] (through reference chain: crm_imobiliario.back.model.service.empreendimento.GuiaParserService$EmpreendimentoGuia["ativo"])
2026-09-14T21:00:01.709-03:00  WARN 11152 --- [back] [       crm-seed] c.b.m.s.e.GuiaParserService              : Bloco Guia ignorado: Unrecognized field "ativo" (class crm_imobiliario.back.model.service.empreendimento.GuiaParserService$EmpreendimentoGuia), not marked as ignorable (25 known properties: "preco_min", "regiao", "cidade", "bairro", "pontos_referencia", "endereco", "slug", "resumo_10s", "descricao_resumo", "diferenciais", "uf", "status", "preco_max", "condicoes_comerciais", "metragem_min", "nome", "id", "plantas", "parcelamento_max", "previsao_entrega", "metragem_max", "geo", "areas_comuns", "entrega_contratual", "tabela")
 at [Source: REDACTED (`StreamReadFeature.INCLUDE_SOURCE_IN_LOCATION` disabled); line: 1, column: 87] (through reference chain: crm_imobiliario.back.model.service.empreendimento.GuiaParserService$EmpreendimentoGuia["ativo"])
2026-09-14T21:00:02.044-03:00  WARN 11152 --- [back] [       crm-seed] c.b.m.s.e.GuiaParserService              : Bloco Guia ignorado: Unrecognized field "ativo" (class crm_imobiliario.back.model.service.empreendimento.GuiaParserService$EmpreendimentoGuia), not marked as ignorable (25 known properties: "preco_min", "regiao", "cidade", "bairro", "pontos_referencia", "endereco", "slug", "resumo_10s", "descricao_resumo", "diferenciais", "uf", "status", "preco_max", "condicoes_comerciais", "metragem_min", "nome", "id", "plantas", "parcelamento_max", "previsao_entrega", "metragem_max", "geo", "areas_comuns", "entrega_contratual", "tabela")
 at [Source: REDACTED (`StreamReadFeature.INCLUDE_SOURCE_IN_LOCATION` disabled); line: 1, column: 82] (through reference chain: crm_imobiliario.back.model.service.empreendimento.GuiaParserService$EmpreendimentoGuia["ativo"])
2026-09-14T21:00:02.070-03:00  WARN 11152 --- [back] [       crm-seed] c.b.m.s.e.GuiaParserService              : Bloco Guia ignorado: Unrecognized field "ativo" (class crm_imobiliario.back.model.service.empreendimento.GuiaParserService$EmpreendimentoGuia), not marked as ignorable (25 known properties: "preco_min", "regiao", "cidade", "bairro", "pontos_referencia", "endereco", "slug", "resumo_10s", "descricao_resumo", "diferenciais", "uf", "status", "preco_max", "condicoes_comerciais", "metragem_min", "nome", "id", "plantas", "parcelamento_max", "previsao_entrega", "metragem_max", "geo", "areas_comuns", "entrega_contratual", "tabela")
 at [Source: REDACTED (`StreamReadFeature.INCLUDE_SOURCE_IN_LOCATION` disabled); line: 1, column: 84] (through reference chain: crm_imobiliario.back.model.service.empreendimento.GuiaParserService$EmpreendimentoGuia["ativo"])
2026-09-14T21:00:02.086-03:00  WARN 11152 --- [back] [       crm-seed] c.b.m.s.e.GuiaParserService              : Bloco Guia ignorado: Unrecognized field "ativo" (class crm_imobiliario.back.model.service.empreendimento.GuiaParserService$EmpreendimentoGuia), not marked as ignorable (25 known properties: "preco_min", "regiao", "cidade", "bairro", "pontos_referencia", "endereco", "slug", "resumo_10s", "descricao_resumo", "diferenciais", "uf", "status", "preco_max", "condicoes_comerciais", "metragem_min", "nome", "id", "plantas", "parcelamento_max", "previsao_entrega", "metragem_max", "geo", "areas_comuns", "entrega_contratual", "tabela")
 at [Source: REDACTED (`StreamReadFeature.INCLUDE_SOURCE_IN_LOCATION` disabled); line: 1, column: 78] (through reference chain: crm_imobiliario.back.model.service.empreendimento.GuiaParserService$EmpreendimentoGuia["ativo"])
2026-09-14T21:00:02.086-03:00  INFO 11152 --- [back] [       crm-seed] c.b.m.s.e.GuiaParserService              : Guia carregado via HTML: 0 empreendimentos de C:\Users\isabe\Desktop\imoveis\guia-de-bolso.html
2026-09-14T21:00:02.086-03:00  WARN 11152 --- [back] [       crm-seed] c.b.m.s.e.GuiaParserService              : Nenhum Guia encontrado (json=.\guia-de-bolso_empreendimentos.json, html=.\guia-de-bolso.html)
2026-09-14T21:00:02.086-03:00  WARN 11152 --- [back] [       crm-seed] c.b.m.s.e.GuiaParserService              : Nenhum Guia encontrado (json=.\guia-de-bolso_empreendimentos.json, html=.\data\guia-de-bolso.html)
2026-09-14T21:00:02.086-03:00  WARN 11152 --- [back] [       crm-seed] c.b.m.s.e.GuiaParserService              : Nenhum Guia encontrado (json=.\guia-de-bolso_empreendimentos.json, html=guia-de-bolso.html)
2026-09-14T21:00:02.127-03:00  WARN 11152 --- [back] [       crm-seed] c.b.m.s.e.GuiaParserService              : Bloco Guia ignorado: Unrecognized field "ativo" (class crm_imobiliario.back.model.service.empreendimento.GuiaParserService$EmpreendimentoGuia), not marked as ignorable (25 known properties: "preco_min", "regiao", "cidade", "bairro", "pontos_referencia", "endereco", "slug", "resumo_10s", "descricao_resumo", "diferenciais", "uf", "status", "preco_max", "condicoes_comerciais", "metragem_min", "nome", "id", "plantas", "parcelamento_max", "previsao_entrega", "metragem_max", "geo", "areas_comuns", "entrega_contratual", "tabela")
 at [Source: REDACTED (`StreamReadFeature.INCLUDE_SOURCE_IN_LOCATION` disabled); line: 1, column: 90] (through reference chain: crm_imobiliario.back.model.service.empreendimento.GuiaParserService$EmpreendimentoGuia["ativo"])
2026-09-14T21:00:02.144-03:00  WARN 11152 --- [back] [       crm-seed] c.b.m.s.e.GuiaParserService              : Bloco Guia ignorado: Unrecognized field "ativo" (class crm_imobiliario.back.model.service.empreendimento.GuiaParserService$EmpreendimentoGuia), not marked as ignorable (25 known properties: "preco_min", "regiao", "cidade", "bairro", "pontos_referencia", "endereco", "slug", "resumo_10s", "descricao_resumo", "diferenciais", "uf", "status", "preco_max", "condicoes_comerciais", "metragem_min", "nome", "id", "plantas", "parcelamento_max", "previsao_entrega", "metragem_max", "geo", "areas_comuns", "entrega_contratual", "tabela")
 at [Source: REDACTED (`StreamReadFeature.INCLUDE_SOURCE_IN_LOCATION` disabled); line: 1, column: 87] (through reference chain: crm_imobiliario.back.model.service.empreendimento.GuiaParserService$EmpreendimentoGuia["ativo"])
2026-09-14T21:00:02.162-03:00  WARN 11152 --- [back] [       crm-seed] c.b.m.s.e.GuiaParserService              : Bloco Guia ignorado: Unrecognized field "ativo" (class crm_imobiliario.back.model.service.empreendimento.GuiaParserService$EmpreendimentoGuia), not marked as ignorable (25 known properties: "preco_min", "regiao", "cidade", "bairro", "pontos_referencia", "endereco", "slug", "resumo_10s", "descricao_resumo", "diferenciais", "uf", "status", "preco_max", "condicoes_comerciais", "metragem_min", "nome", "id", "plantas", "parcelamento_max", "previsao_entrega", "metragem_max", "geo", "areas_comuns", "entrega_contratual", "tabela")
 at [Source: REDACTED (`StreamReadFeature.INCLUDE_SOURCE_IN_LOCATION` disabled); line: 1, column: 82] (through reference chain: crm_imobiliario.back.model.service.empreendimento.GuiaParserService$EmpreendimentoGuia["ativo"])
2026-09-14T21:00:02.183-03:00  WARN 11152 --- [back] [       crm-seed] c.b.m.s.e.GuiaParserService              : Bloco Guia ignorado: Unrecognized field "ativo" (class crm_imobiliario.back.model.service.empreendimento.GuiaParserService$EmpreendimentoGuia), not marked as ignorable (25 known properties: "preco_min", "regiao", "cidade", "bairro", "pontos_referencia", "endereco", "slug", "resumo_10s", "descricao_resumo", "diferenciais", "uf", "status", "preco_max", "condicoes_comerciais", "metragem_min", "nome", "id", "plantas", "parcelamento_max", "previsao_entrega", "metragem_max", "geo", "areas_comuns", "entrega_contratual", "tabela")
 at [Source: REDACTED (`StreamReadFeature.INCLUDE_SOURCE_IN_LOCATION` disabled); line: 1, column: 84] (through reference chain: crm_imobiliario.back.model.service.empreendimento.GuiaParserService$EmpreendimentoGuia["ativo"])
2026-09-14T21:00:02.203-03:00  WARN 11152 --- [back] [       crm-seed] c.b.m.s.e.GuiaParserService              : Bloco Guia ignorado: Unrecognized field "ativo" (class crm_imobiliario.back.model.service.empreendimento.GuiaParserService$EmpreendimentoGuia), not marked as ignorable (25 known properties: "preco_min", "regiao", "cidade", "bairro", "pontos_referencia", "endereco", "slug", "resumo_10s", "descricao_resumo", "diferenciais", "uf", "status", "preco_max", "condicoes_comerciais", "metragem_min", "nome", "id", "plantas", "parcelamento_max", "previsao_entrega", "metragem_max", "geo", "areas_comuns", "entrega_contratual", "tabela")
 at [Source: REDACTED (`StreamReadFeature.INCLUDE_SOURCE_IN_LOCATION` disabled); line: 1, column: 78] (through reference chain: crm_imobiliario.back.model.service.empreendimento.GuiaParserService$EmpreendimentoGuia["ativo"])
2026-09-14T21:00:02.203-03:00  INFO 11152 --- [back] [       crm-seed] c.b.m.s.e.GuiaParserService              : Guia carregado via HTML: 0 empreendimentos de C:\Users\isabe\Desktop\imoveis\guia-de-bolso.html
2026-09-14T21:00:02.203-03:00  WARN 11152 --- [back] [       crm-seed] c.b.m.s.e.GuiaParserService              : Nenhum Guia encontrado (json=.\data\guia-de-bolso_empreendimentos.json, html=.\guia-de-bolso.html)
2026-09-14T21:00:02.203-03:00  WARN 11152 --- [back] [       crm-seed] c.b.m.s.e.GuiaParserService              : Nenhum Guia encontrado (json=.\data\guia-de-bolso_empreendimentos.json, html=.\data\guia-de-bolso.html)
2026-09-14T21:00:02.203-03:00  WARN 11152 --- [back] [       crm-seed] c.b.m.s.e.GuiaParserService              : Nenhum Guia encontrado (json=.\data\guia-de-bolso_empreendimentos.json, html=guia-de-bolso.html)
2026-09-14T21:00:02.228-03:00  WARN 11152 --- [back] [       crm-seed] c.b.m.s.e.GuiaParserService              : Bloco Guia ignorado: Unrecognized field "ativo" (class crm_imobiliario.back.model.service.empreendimento.GuiaParserService$EmpreendimentoGuia), not marked as ignorable (25 known properties: "preco_min", "regiao", "cidade", "bairro", "pontos_referencia", "endereco", "slug", "resumo_10s", "descricao_resumo", "diferenciais", "uf", "status", "preco_max", "condicoes_comerciais", "metragem_min", "nome", "id", "plantas", "parcelamento_max", "previsao_entrega", "metragem_max", "geo", "areas_comuns", "entrega_contratual", "tabela")
 at [Source: REDACTED (`StreamReadFeature.INCLUDE_SOURCE_IN_LOCATION` disabled); line: 1, column: 90] (through reference chain: crm_imobiliario.back.model.service.empreendimento.GuiaParserService$EmpreendimentoGuia["ativo"])
2026-09-14T21:00:02.244-03:00  WARN 11152 --- [back] [       crm-seed] c.b.m.s.e.GuiaParserService              : Bloco Guia ignorado: Unrecognized field "ativo" (class crm_imobiliario.back.model.service.empreendimento.GuiaParserService$EmpreendimentoGuia), not marked as ignorable (25 known properties: "preco_min", "regiao", "cidade", "bairro", "pontos_referencia", "endereco", "slug", "resumo_10s", "descricao_resumo", "diferenciais", "uf", "status", "preco_max", "condicoes_comerciais", "metragem_min", "nome", "id", "plantas", "parcelamento_max", "previsao_entrega", "metragem_max", "geo", "areas_comuns", "entrega_contratual", "tabela")
 at [Source: REDACTED (`StreamReadFeature.INCLUDE_SOURCE_IN_LOCATION` disabled); line: 1, column: 87] (through reference chain: crm_imobiliario.back.model.service.empreendimento.GuiaParserService$EmpreendimentoGuia["ativo"])
2026-09-14T21:00:02.270-03:00  WARN 11152 --- [back] [       crm-seed] c.b.m.s.e.GuiaParserService              : Bloco Guia ignorado: Unrecognized field "ativo" (class crm_imobiliario.back.model.service.empreendimento.GuiaParserService$EmpreendimentoGuia), not marked as ignorable (25 known properties: "preco_min", "regiao", "cidade", "bairro", "pontos_referencia", "endereco", "slug", "resumo_10s", "descricao_resumo", "diferenciais", "uf", "status", "preco_max", "condicoes_comerciais", "metragem_min", "nome", "id", "plantas", "parcelamento_max", "previsao_entrega", "metragem_max", "geo", "areas_comuns", "entrega_contratual", "tabela")
 at [Source: REDACTED (`StreamReadFeature.INCLUDE_SOURCE_IN_LOCATION` disabled); line: 1, column: 82] (through reference chain: crm_imobiliario.back.model.service.empreendimento.GuiaParserService$EmpreendimentoGuia["ativo"])
2026-09-14T21:00:02.287-03:00  WARN 11152 --- [back] [       crm-seed] c.b.m.s.e.GuiaParserService              : Bloco Guia ignorado: Unrecognized field "ativo" (class crm_imobiliario.back.model.service.empreendimento.GuiaParserService$EmpreendimentoGuia), not marked as ignorable (25 known properties: "preco_min", "regiao", "cidade", "bairro", "pontos_referencia", "endereco", "slug", "resumo_10s", "descricao_resumo", "diferenciais", "uf", "status", "preco_max", "condicoes_comerciais", "metragem_min", "nome", "id", "plantas", "parcelamento_max", "previsao_entrega", "metragem_max", "geo", "areas_comuns", "entrega_contratual", "tabela")
 at [Source: REDACTED (`StreamReadFeature.INCLUDE_SOURCE_IN_LOCATION` disabled); line: 1, column: 84] (through reference chain: crm_imobiliario.back.model.service.empreendimento.GuiaParserService$EmpreendimentoGuia["ativo"])
2026-09-14T21:00:02.311-03:00  WARN 11152 --- [back] [       crm-seed] c.b.m.s.e.GuiaParserService              : Bloco Guia ignorado: Unrecognized field "ativo" (class crm_imobiliario.back.model.service.empreendimento.GuiaParserService$EmpreendimentoGuia), not marked as ignorable (25 known properties: "preco_min", "regiao", "cidade", "bairro", "pontos_referencia", "endereco", "slug", "resumo_10s", "descricao_resumo", "diferenciais", "uf", "status", "preco_max", "condicoes_comerciais", "metragem_min", "nome", "id", "plantas", "parcelamento_max", "previsao_entrega", "metragem_max", "geo", "areas_comuns", "entrega_contratual", "tabela")
 at [Source: REDACTED (`StreamReadFeature.INCLUDE_SOURCE_IN_LOCATION` disabled); line: 1, column: 78] (through reference chain: crm_imobiliario.back.model.service.empreendimento.GuiaParserService$EmpreendimentoGuia["ativo"])
2026-09-14T21:00:02.311-03:00  INFO 11152 --- [back] [       crm-seed] c.b.m.s.e.GuiaParserService              : Guia carregado via HTML: 0 empreendimentos de C:\Users\isabe\Desktop\imoveis\guia-de-bolso.html
2026-09-14T21:00:02.311-03:00  WARN 11152 --- [back] [       crm-seed] c.b.m.s.e.GuiaParserService              : Nenhum Guia encontrado (json=guia-de-bolso_empreendimentos.json, html=.\guia-de-bolso.html)
2026-09-14T21:00:02.311-03:00  WARN 11152 --- [back] [       crm-seed] c.b.m.s.e.GuiaParserService              : Nenhum Guia encontrado (json=guia-de-bolso_empreendimentos.json, html=.\data\guia-de-bolso.html)
2026-09-14T21:00:02.311-03:00  WARN 11152 --- [back] [       crm-seed] c.b.m.s.e.GuiaParserService              : Nenhum Guia encontrado (json=guia-de-bolso_empreendimentos.json, html=guia-de-bolso.html)
2026-09-14T21:00:02.340-03:00  WARN 11152 --- [back] [       crm-seed] c.b.m.s.e.GuiaParserService              : Bloco Guia ignorado: Unrecognized field "ativo" (class crm_imobiliario.back.model.service.empreendimento.GuiaParserService$EmpreendimentoGuia), not marked as ignorable (25 known properties: "preco_min", "regiao", "cidade", "bairro", "pontos_referencia", "endereco", "slug", "resumo_10s", "descricao_resumo", "diferenciais", "uf", "status", "preco_max", "condicoes_comerciais", "metragem_min", "nome", "id", "plantas", "parcelamento_max", "previsao_entrega", "metragem_max", "geo", "areas_comuns", "entrega_contratual", "tabela")
 at [Source: REDACTED (`StreamReadFeature.INCLUDE_SOURCE_IN_LOCATION` disabled); line: 1, column: 90] (through reference chain: crm_imobiliario.back.model.service.empreendimento.GuiaParserService$EmpreendimentoGuia["ativo"])
2026-09-14T21:00:02.361-03:00  WARN 11152 --- [back] [       crm-seed] c.b.m.s.e.GuiaParserService              : Bloco Guia ignorado: Unrecognized field "ativo" (class crm_imobiliario.back.model.service.empreendimento.GuiaParserService$EmpreendimentoGuia), not marked as ignorable (25 known properties: "preco_min", "regiao", "cidade", "bairro", "pontos_referencia", "endereco", "slug", "resumo_10s", "descricao_resumo", "diferenciais", "uf", "status", "preco_max", "condicoes_comerciais", "metragem_min", "nome", "id", "plantas", "parcelamento_max", "previsao_entrega", "metragem_max", "geo", "areas_comuns", "entrega_contratual", "tabela")
 at [Source: REDACTED (`StreamReadFeature.INCLUDE_SOURCE_IN_LOCATION` disabled); line: 1, column: 87] (through reference chain: crm_imobiliario.back.model.service.empreendimento.GuiaParserService$EmpreendimentoGuia["ativo"])
2026-09-14T21:00:02.386-03:00  WARN 11152 --- [back] [       crm-seed] c.b.m.s.e.GuiaParserService              : Bloco Guia ignorado: Unrecognized field "ativo" (class crm_imobiliario.back.model.service.empreendimento.GuiaParserService$EmpreendimentoGuia), not marked as ignorable (25 known properties: "preco_min", "regiao", "cidade", "bairro", "pontos_referencia", "endereco", "slug", "resumo_10s", "descricao_resumo", "diferenciais", "uf", "status", "preco_max", "condicoes_comerciais", "metragem_min", "nome", "id", "plantas", "parcelamento_max", "previsao_entrega", "metragem_max", "geo", "areas_comuns", "entrega_contratual", "tabela")
 at [Source: REDACTED (`StreamReadFeature.INCLUDE_SOURCE_IN_LOCATION` disabled); line: 1, column: 82] (through reference chain: crm_imobiliario.back.model.service.empreendimento.GuiaParserService$EmpreendimentoGuia["ativo"])
2026-09-14T21:00:02.403-03:00  WARN 11152 --- [back] [       crm-seed] c.b.m.s.e.GuiaParserService              : Bloco Guia ignorado: Unrecognized field "ativo" (class crm_imobiliario.back.model.service.empreendimento.GuiaParserService$EmpreendimentoGuia), not marked as ignorable (25 known properties: "preco_min", "regiao", "cidade", "bairro", "pontos_referencia", "endereco", "slug", "resumo_10s", "descricao_resumo", "diferenciais", "uf", "status", "preco_max", "condicoes_comerciais", "metragem_min", "nome", "id", "plantas", "parcelamento_max", "previsao_entrega", "metragem_max", "geo", "areas_comuns", "entrega_contratual", "tabela")
 at [Source: REDACTED (`StreamReadFeature.INCLUDE_SOURCE_IN_LOCATION` disabled); line: 1, column: 84] (through reference chain: crm_imobiliario.back.model.service.empreendimento.GuiaParserService$EmpreendimentoGuia["ativo"])
2026-09-14T21:00:02.420-03:00  WARN 11152 --- [back] [       crm-seed] c.b.m.s.e.GuiaParserService              : Bloco Guia ignorado: Unrecognized field "ativo" (class crm_imobiliario.back.model.service.empreendimento.GuiaParserService$EmpreendimentoGuia), not marked as ignorable (25 known properties: "preco_min", "regiao", "cidade", "bairro", "pontos_referencia", "endereco", "slug", "resumo_10s", "descricao_resumo", "diferenciais", "uf", "status", "preco_max", "condicoes_comerciais", "metragem_min", "nome", "id", "plantas", "parcelamento_max", "previsao_entrega", "metragem_max", "geo", "areas_comuns", "entrega_contratual", "tabela")
 at [Source: REDACTED (`StreamReadFeature.INCLUDE_SOURCE_IN_LOCATION` disabled); line: 1, column: 78] (through reference chain: crm_imobiliario.back.model.service.empreendimento.GuiaParserService$EmpreendimentoGuia["ativo"])
2026-09-14T21:00:02.420-03:00  INFO 11152 --- [back] [       crm-seed] c.b.m.s.e.GuiaParserService              : Guia carregado via HTML: 0 empreendimentos de C:\Users\isabe\Desktop\imoveis\guia-de-bolso.html
2026-09-14T21:00:02.429-03:00  WARN 11152 --- [back] [       crm-seed] c.b.m.s.e.GuiaParserService              : Falha ao ler JSON Guia C:\Users\isabe\Desktop\imoveis\guia-de-bolso_empreendimentos.json: Unrecognized field "ativo" (class crm_imobiliario.back.model.service.empreendimento.GuiaParserService$EmpreendimentoGuia), not marked as ignorable (25 known properties: "preco_min", "regiao", "cidade", "bairro", "pontos_referencia", "endereco", "slug", "resumo_10s", "descricao_resumo", "diferenciais", "uf", "status", "preco_max", "condicoes_comerciais", "metragem_min", "nome", "id", "plantas", "parcelamento_max", "previsao_entrega", "metragem_max", "geo", "areas_comuns", "entrega_contratual", "tabela")
 at [Source: REDACTED (`StreamReadFeature.INCLUDE_SOURCE_IN_LOCATION` disabled); line: 6, column: 18] (through reference chain: java.util.ArrayList[0]->crm_imobiliario.back.model.service.empreendimento.GuiaParserService$EmpreendimentoGuia["ativo"])
2026-09-14T21:00:02.429-03:00  WARN 11152 --- [back] [       crm-seed] c.b.m.s.e.GuiaParserService              : Nenhum Guia encontrado (json=C:\Users\isabe\Desktop\imoveis\guia-de-bolso_empreendimentos.json, html=.\guia-de-bolso.html)
2026-09-14T21:00:02.446-03:00  WARN 11152 --- [back] [       crm-seed] c.b.m.s.e.GuiaParserService              : Falha ao ler JSON Guia C:\Users\isabe\Desktop\imoveis\guia-de-bolso_empreendimentos.json: Unrecognized field "ativo" (class crm_imobiliario.back.model.service.empreendimento.GuiaParserService$EmpreendimentoGuia), not marked as ignorable (25 known properties: "preco_min", "regiao", "cidade", "bairro", "pontos_referencia", "endereco", "slug", "resumo_10s", "descricao_resumo", "diferenciais", "uf", "status", "preco_max", "condicoes_comerciais", "metragem_min", "nome", "id", "plantas", "parcelamento_max", "previsao_entrega", "metragem_max", "geo", "areas_comuns", "entrega_contratual", "tabela")
 at [Source: REDACTED (`StreamReadFeature.INCLUDE_SOURCE_IN_LOCATION` disabled); line: 6, column: 18] (through reference chain: java.util.ArrayList[0]->crm_imobiliario.back.model.service.empreendimento.GuiaParserService$EmpreendimentoGuia["ativo"])
2026-09-14T21:00:02.446-03:00  WARN 11152 --- [back] [       crm-seed] c.b.m.s.e.GuiaParserService              : Nenhum Guia encontrado (json=C:\Users\isabe\Desktop\imoveis\guia-de-bolso_empreendimentos.json, html=.\data\guia-de-bolso.html)
2026-09-14T21:00:02.459-03:00  WARN 11152 --- [back] [       crm-seed] c.b.m.s.e.GuiaParserService              : Falha ao ler JSON Guia C:\Users\isabe\Desktop\imoveis\guia-de-bolso_empreendimentos.json: Unrecognized field "ativo" (class crm_imobiliario.back.model.service.empreendimento.GuiaParserService$EmpreendimentoGuia), not marked as ignorable (25 known properties: "preco_min", "regiao", "cidade", "bairro", "pontos_referencia", "endereco", "slug", "resumo_10s", "descricao_resumo", "diferenciais", "uf", "status", "preco_max", "condicoes_comerciais", "metragem_min", "nome", "id", "plantas", "parcelamento_max", "previsao_entrega", "metragem_max", "geo", "areas_comuns", "entrega_contratual", "tabela")
 at [Source: REDACTED (`StreamReadFeature.INCLUDE_SOURCE_IN_LOCATION` disabled); line: 6, column: 18] (through reference chain: java.util.ArrayList[0]->crm_imobiliario.back.model.service.empreendimento.GuiaParserService$EmpreendimentoGuia["ativo"])
2026-09-14T21:00:02.459-03:00  WARN 11152 --- [back] [       crm-seed] c.b.m.s.e.GuiaParserService              : Nenhum Guia encontrado (json=C:\Users\isabe\Desktop\imoveis\guia-de-bolso_empreendimentos.json, html=guia-de-bolso.html)
2026-09-14T21:00:02.470-03:00  WARN 11152 --- [back] [       crm-seed] c.b.m.s.e.GuiaParserService              : Falha ao ler JSON Guia C:\Users\isabe\Desktop\imoveis\guia-de-bolso_empreendimentos.json: Unrecognized field "ativo" (class crm_imobiliario.back.model.service.empreendimento.GuiaParserService$EmpreendimentoGuia), not marked as ignorable (25 known properties: "preco_min", "regiao", "cidade", "bairro", "pontos_referencia", "endereco", "slug", "resumo_10s", "descricao_resumo", "diferenciais", "uf", "status", "preco_max", "condicoes_comerciais", "metragem_min", "nome", "id", "plantas", "parcelamento_max", "previsao_entrega", "metragem_max", "geo", "areas_comuns", "entrega_contratual", "tabela")
 at [Source: REDACTED (`StreamReadFeature.INCLUDE_SOURCE_IN_LOCATION` disabled); line: 6, column: 18] (through reference chain: java.util.ArrayList[0]->crm_imobiliario.back.model.service.empreendimento.GuiaParserService$EmpreendimentoGuia["ativo"])
2026-09-14T21:00:02.512-03:00  WARN 11152 --- [back] [       crm-seed] c.b.m.s.e.GuiaParserService              : Bloco Guia ignorado: Unrecognized field "ativo" (class crm_imobiliario.back.model.service.empreendimento.GuiaParserService$EmpreendimentoGuia), not marked as ignorable (25 known properties: "preco_min", "regiao", "cidade", "bairro", "pontos_referencia", "endereco", "slug", "resumo_10s", "descricao_resumo", "diferenciais", "uf", "status", "preco_max", "condicoes_comerciais", "metragem_min", "nome", "id", "plantas", "parcelamento_max", "previsao_entrega", "metragem_max", "geo", "areas_comuns", "entrega_contratual", "tabela")
 at [Source: REDACTED (`StreamReadFeature.INCLUDE_SOURCE_IN_LOCATION` disabled); line: 1, column: 90] (through reference chain: crm_imobiliario.back.model.service.empreendimento.GuiaParserService$EmpreendimentoGuia["ativo"])
2026-09-14T21:00:02.529-03:00  WARN 11152 --- [back] [       crm-seed] c.b.m.s.e.GuiaParserService              : Bloco Guia ignorado: Unrecognized field "ativo" (class crm_imobiliario.back.model.service.empreendimento.GuiaParserService$EmpreendimentoGuia), not marked as ignorable (25 known properties: "preco_min", "regiao", "cidade", "bairro", "pontos_referencia", "endereco", "slug", "resumo_10s", "descricao_resumo", "diferenciais", "uf", "status", "preco_max", "condicoes_comerciais", "metragem_min", "nome", "id", "plantas", "parcelamento_max", "previsao_entrega", "metragem_max", "geo", "areas_comuns", "entrega_contratual", "tabela")
 at [Source: REDACTED (`StreamReadFeature.INCLUDE_SOURCE_IN_LOCATION` disabled); line: 1, column: 87] (through reference chain: crm_imobiliario.back.model.service.empreendimento.GuiaParserService$EmpreendimentoGuia["ativo"])
2026-09-14T21:00:02.545-03:00  WARN 11152 --- [back] [       crm-seed] c.b.m.s.e.GuiaParserService              : Bloco Guia ignorado: Unrecognized field "ativo" (class crm_imobiliario.back.model.service.empreendimento.GuiaParserService$EmpreendimentoGuia), not marked as ignorable (25 known properties: "preco_min", "regiao", "cidade", "bairro", "pontos_referencia", "endereco", "slug", "resumo_10s", "descricao_resumo", "diferenciais", "uf", "status", "preco_max", "condicoes_comerciais", "metragem_min", "nome", "id", "plantas", "parcelamento_max", "previsao_entrega", "metragem_max", "geo", "areas_comuns", "entrega_contratual", "tabela")
 at [Source: REDACTED (`StreamReadFeature.INCLUDE_SOURCE_IN_LOCATION` disabled); line: 1, column: 82] (through reference chain: crm_imobiliario.back.model.service.empreendimento.GuiaParserService$EmpreendimentoGuia["ativo"])
2026-09-14T21:00:02.584-03:00  WARN 11152 --- [back] [       crm-seed] c.b.m.s.e.GuiaParserService              : Bloco Guia ignorado: Unrecognized field "ativo" (class crm_imobiliario.back.model.service.empreendimento.GuiaParserService$EmpreendimentoGuia), not marked as ignorable (25 known properties: "preco_min", "regiao", "cidade", "bairro", "pontos_referencia", "endereco", "slug", "resumo_10s", "descricao_resumo", "diferenciais", "uf", "status", "preco_max", "condicoes_comerciais", "metragem_min", "nome", "id", "plantas", "parcelamento_max", "previsao_entrega", "metragem_max", "geo", "areas_comuns", "entrega_contratual", "tabela")
 at [Source: REDACTED (`StreamReadFeature.INCLUDE_SOURCE_IN_LOCATION` disabled); line: 1, column: 84] (through reference chain: crm_imobiliario.back.model.service.empreendimento.GuiaParserService$EmpreendimentoGuia["ativo"])
2026-09-14T21:00:02.612-03:00  WARN 11152 --- [back] [       crm-seed] c.b.m.s.e.GuiaParserService              : Bloco Guia ignorado: Unrecognized field "ativo" (class crm_imobiliario.back.model.service.empreendimento.GuiaParserService$EmpreendimentoGuia), not marked as ignorable (25 known properties: "preco_min", "regiao", "cidade", "bairro", "pontos_referencia", "endereco", "slug", "resumo_10s", "descricao_resumo", "diferenciais", "uf", "status", "preco_max", "condicoes_comerciais", "metragem_min", "nome", "id", "plantas", "parcelamento_max", "previsao_entrega", "metragem_max", "geo", "areas_comuns", "entrega_contratual", "tabela")
 at [Source: REDACTED (`StreamReadFeature.INCLUDE_SOURCE_IN_LOCATION` disabled); line: 1, column: 78] (through reference chain: crm_imobiliario.back.model.service.empreendimento.GuiaParserService$EmpreendimentoGuia["ativo"])
2026-09-14T21:00:02.612-03:00  INFO 11152 --- [back] [       crm-seed] c.b.m.s.e.GuiaParserService              : Guia carregado via HTML: 0 empreendimentos de C:\Users\isabe\Desktop\imoveis\guia-de-bolso.html
2026-09-14T21:00:02.612-03:00  WARN 11152 --- [back] [       crm-seed] c.b.m.s.empreendimento.CrmSyncService    : CrmSyncService: nenhum Guia encontrado em candidatosJson=[.\guia-de-bolso_empreendimentos.json, .\data\guia-de-bolso_empreendimentos.json, guia-de-bolso_empreendimentos.json, C:\Users\isabe\Desktop\imoveis\guia-de-bolso_empreendimentos.json], candidatosHtml=[.\guia-de-bolso.html, .\data\guia-de-bolso.html, guia-de-bolso.html, C:\Users\isabe\Desktop\imoveis\guia-de-bolso.html]
2026-09-14T21:00:03.020-03:00  INFO 11152 --- [back] [       crm-seed] c.b.m.s.empreendimento.CrmSyncService    : Sync completa: total=17, sucesso=17, falha=0, disponiveis=16
2026-09-14T21:00:04.235-03:00  INFO 11152 --- [back] [nio-8080-exec-1] o.a.c.c.C.[Tomcat].[localhost].[/]       : Initializing Spring DispatcherServlet 'dispatcherServlet'
2026-09-14T21:00:04.235-03:00  INFO 11152 --- [back] [nio-8080-exec-1] o.s.web.servlet.DispatcherServlet        : Initializing Servlet 'dispatcherServlet'
2026-09-14T21:00:04.238-03:00  INFO 11152 --- [back] [nio-8080-exec-1] o.s.web.servlet.DispatcherServlet        : Completed initialization in 3 ms
2026-09-14T21:00:04.756-03:00  WARN 11152 --- [back] [nio-8080-exec-1] c.back.util.GlobalExceptionHandler       : [a9602f39-4273-41d7-849b-5e8846f70982] Validation error on /login: {senha=A senha é obrigatória, email=O e-mail é obrigatório}
2026-09-14T21:00:16.474-03:00  INFO 11152 --- [back] [nio-8080-exec-4] b.m.s.e.e.DocumentExtractionOrchestrator : Documento "C-PRD - Book - Felicce (Digital).pdf" classificado como Book. Total de páginas: 19. Página 19 ignorada para extração do endereço institucional do empreendimento. Páginas elegíveis para endereço: 1 a 18.
2026-09-14T21:00:16.560-03:00  INFO 11152 --- [back] [nio-8080-exec-4] c.b.m.s.e.EmpreendimentoExtracaoService  : Extracao 18 concluida status=revisao
[INFO] ------------------------------------------------------------------------
[INFO] BUILD FAILURE
[INFO] ------------------------------------------------------------------------
[INFO] Total time:  18:03 min
[INFO] Finished at: 2026-09-14T21:17:45-03:00
[INFO] ------------------------------------------------------------------------
[ERROR] Failed to execute goal org.springframework.boot:spring-boot-maven-plugin:4.0.5:run (default-cli) on project back: Process terminated with exit code: 1 -> [Help 1]
[ERROR] 
[ERROR] To see the full stack trace of the errors, re-run Maven with the -e switch.
[ERROR] Re-run Maven using the -X switch to enable full debug logging.
[ERROR] 
[ERROR] For more information about the errors and possible solutions, please read the following articles:
[ERROR] [Help 1] http://cwiki.apache.org/confluence/display/MAVEN/MojoExecutionException
