[INFO] Scanning for projects...
[INFO] 
[INFO] ------------------------< crm_imobiliario:back >------------------------
[INFO] Building  0.0.1-SNAPSHOT
[INFO]   from pom.xml
[INFO] --------------------------------[ jar ]---------------------------------
[INFO] 
[INFO] >>> spring-boot:4.0.5:run (default-cli) > test-compile @ back >>>
[INFO] 
[INFO] --- resources:3.3.1:resources (default-resources) @ back ---
[INFO] Copying 1 resource from src\main\resources to target\classes
[INFO] Copying 2 resources from src\main\resources to target\classes
[INFO] 
[INFO] --- compiler:3.14.1:compile (default-compile) @ back ---
[INFO] Nothing to compile - all classes are up to date.
[INFO] 
[INFO] --- resources:3.3.1:testResources (default-testResources) @ back ---
[INFO] skip non existing resourceDirectory C:\Users\isabe\Desktop\imoveis\crm-imobiliario_backEnd\back\src\test\resources
[INFO] 
[INFO] --- compiler:3.14.1:testCompile (default-testCompile) @ back ---
[INFO] Nothing to compile - all classes are up to date.
[INFO] 
[INFO] <<< spring-boot:4.0.5:run (default-cli) < test-compile @ back <<<
[INFO] 
[INFO] 
[INFO] --- spring-boot:4.0.5:run (default-cli) @ back ---
[INFO] Attaching agents: []

  .   ____          _            __ _ _
 /\\ / ___'_ __ _ _(_)_ __  __ _ \ \ \ \
( ( )\___ | '_ | '_| | '_ \/ _` | \ \ \ \
 \\/  ___)| |_)| | | | | || (_| |  ) ) ) )
  '  |____| .__|_| |_|_| |_\__, | / / / /
 =========|_|==============|___/=/_/_/_/

 :: Spring Boot ::                (v4.0.5)

2026-09-15T22:42:08.660-03:00  INFO 28724 --- [back] [           main] crm_imobiliario.back.BackApplication     : Starting BackApplication using Java 21.0.12.1 with PID 28724 (C:\Users\isabe\Desktop\imoveis\crm-imobiliario_backEnd\back\target\classes started by isabe in C:\Users\isabe\Desktop\imoveis\crm-imobiliario_backEnd\back)
2026-09-15T22:42:08.665-03:00  INFO 28724 --- [back] [           main] crm_imobiliario.back.BackApplication     : No active profile set, falling back to 1 default profile: "default"
2026-09-15T22:42:09.893-03:00  INFO 28724 --- [back] [           main] .s.d.r.c.RepositoryConfigurationDelegate : Bootstrapping Spring Data JPA repositories in DEFAULT mode.
2026-09-15T22:42:10.078-03:00  INFO 28724 --- [back] [           main] .s.d.r.c.RepositoryConfigurationDelegate : Finished Spring Data repository scanning in 175 ms. Found 28 JPA repository interfaces.
2026-09-15T22:42:11.002-03:00  INFO 28724 --- [back] [           main] o.s.boot.tomcat.TomcatWebServer          : Tomcat initialized with port 8080 (http)
2026-09-15T22:42:11.027-03:00  INFO 28724 --- [back] [           main] o.apache.catalina.core.StandardService   : Starting service [Tomcat]
2026-09-15T22:42:11.027-03:00  INFO 28724 --- [back] [           main] o.apache.catalina.core.StandardEngine    : Starting Servlet engine: [Apache Tomcat/11.0.20]
2026-09-15T22:42:11.148-03:00  INFO 28724 --- [back] [           main] b.w.c.s.WebApplicationContextInitializer : Root WebApplicationContext: initialization completed in 2387 ms
2026-09-15T22:42:11.774-03:00  INFO 28724 --- [back] [           main] com.zaxxer.hikari.HikariDataSource       : HikariPool-1 - Starting...
2026-09-15T22:42:12.196-03:00  INFO 28724 --- [back] [           main] com.zaxxer.hikari.pool.HikariPool        : HikariPool-1 - Added connection org.postgresql.jdbc.PgConnection@6fd1ea75
2026-09-15T22:42:12.196-03:00  INFO 28724 --- [back] [           main] com.zaxxer.hikari.HikariDataSource       : HikariPool-1 - Start completed.
2026-09-15T22:42:12.244-03:00  INFO 28724 --- [back] [           main] org.flywaydb.core.FlywayExecutor         : Database: jdbc:postgresql://localhost:5432/crm_corretora (PostgreSQL 17.11)
2026-09-15T22:42:12.367-03:00  INFO 28724 --- [back] [           main] o.f.core.internal.command.DbValidate     : Successfully validated 3 migrations (execution time 00:00.060s)
2026-09-15T22:42:12.405-03:00  INFO 28724 --- [back] [           main] o.f.core.internal.command.DbMigrate      : Current version of schema "public": 3
2026-09-15T22:42:12.410-03:00  INFO 28724 --- [back] [           main] o.f.core.internal.command.DbMigrate      : Schema "public" is up to date. No migration necessary.
2026-09-15T22:42:12.593-03:00  INFO 28724 --- [back] [           main] org.hibernate.orm.jpa                    : HHH008540: Processing PersistenceUnitInfo [name: default]
2026-09-15T22:42:12.713-03:00  INFO 28724 --- [back] [           main] org.hibernate.orm.core                   : HHH000001: Hibernate ORM core version 7.2.7.Final
2026-09-15T22:42:14.036-03:00  INFO 28724 --- [back] [           main] o.s.o.j.p.SpringPersistenceUnitInfo      : No LoadTimeWeaver setup: ignoring JPA class transformer
2026-09-15T22:42:14.203-03:00  INFO 28724 --- [back] [           main] org.hibernate.orm.connections.pooling    : HHH10001005: Database info:
	Database JDBC URL [jdbc:postgresql://localhost:5432/crm_corretora]
	Database driver: PostgreSQL JDBC Driver
	Database dialect: PostgreSQLDialect
	Database version: 17.11
	Default catalog/schema: crm_corretora/public
	Autocommit mode: undefined/unknown
	Isolation level: READ_COMMITTED [default READ_COMMITTED]
	JDBC fetch size: none
	Pool: DataSourceConnectionProvider
	Minimum pool size: undefined/unknown
	Maximum pool size: undefined/unknown
2026-09-15T22:42:16.652-03:00  INFO 28724 --- [back] [           main] org.hibernate.orm.core                   : HHH000489: No JTA platform available (set 'hibernate.transaction.jta.platform' to enable JTA platform integration)
2026-09-15T22:42:16.741-03:00  INFO 28724 --- [back] [           main] j.LocalContainerEntityManagerFactoryBean : Initialized JPA EntityManagerFactory for persistence unit 'default'
2026-09-15T22:42:16.853-03:00  INFO 28724 --- [back] [           main] o.s.d.j.r.query.QueryEnhancerFactories   : Hibernate is in classpath; If applicable, HQL parser will be used.
2026-09-15T22:42:19.380-03:00  INFO 28724 --- [back] [           main] c.b.m.s.empreendimento.CrmSyncService    : CrmSyncService: sync no startup habilitado — agendando seed inicial
2026-09-15T22:42:19.842-03:00  WARN 28724 --- [back] [           main] JpaBaseConfiguration$JpaWebConfiguration : spring.jpa.open-in-view is enabled by default. Therefore, database queries may be performed during view rendering. Explicitly configure spring.jpa.open-in-view to disable this warning
2026-09-15T22:42:20.865-03:00  INFO 28724 --- [back] [           main] o.s.boot.tomcat.TomcatWebServer          : Tomcat started on port 8080 (http) with context path '/'
2026-09-15T22:42:20.877-03:00  INFO 28724 --- [back] [           main] crm_imobiliario.back.BackApplication     : Started BackApplication in 12.896 seconds (process running for 13.598)
2026-09-15T22:42:20.887-03:00  INFO 28724 --- [back] [   scheduling-1] c.b.m.s.empreendimento.CrmSyncService    : CrmSyncService agendado disparado
2026-09-15T22:42:20.887-03:00  WARN 28724 --- [back] [   scheduling-1] c.b.m.s.e.GuiaParserService              : Nenhum Guia encontrado (json=.\guia-de-bolso_empreendimentos.json, html=.\guia-de-bolso.html)
2026-09-15T22:42:20.887-03:00  WARN 28724 --- [back] [   scheduling-1] c.b.m.s.e.GuiaParserService              : Nenhum Guia encontrado (json=.\data\guia-de-bolso_empreendimentos.json, html=.\data\guia-de-bolso.html)
2026-09-15T22:42:20.887-03:00  WARN 28724 --- [back] [   scheduling-1] c.b.m.s.e.GuiaParserService              : Nenhum Guia encontrado (json=guia-de-bolso_empreendimentos.json, html=guia-de-bolso.html)
2026-09-15T22:42:20.933-03:00  WARN 28724 --- [back] [   scheduling-1] c.b.m.s.e.GuiaParserService              : Falha ao ler JSON Guia C:\Users\isabe\Desktop\imoveis\guia-de-bolso_empreendimentos.json: Unrecognized field "ativo" (class crm_imobiliario.back.model.service.empreendimento.GuiaParserService$EmpreendimentoGuia), not marked as ignorable (25 known properties: "preco_min", "regiao", "cidade", "bairro", "pontos_referencia", "endereco", "slug", "resumo_10s", "descricao_resumo", "diferenciais", "uf", "status", "preco_max", "condicoes_comerciais", "metragem_min", "nome", "id", "plantas", "parcelamento_max", "previsao_entrega", "metragem_max", "geo", "areas_comuns", "entrega_contratual", "tabela")
 at [Source: REDACTED (`StreamReadFeature.INCLUDE_SOURCE_IN_LOCATION` disabled); line: 6, column: 18] (through reference chain: java.util.ArrayList[0]->crm_imobiliario.back.model.service.empreendimento.GuiaParserService$EmpreendimentoGuia["ativo"])
2026-09-15T22:42:20.982-03:00  WARN 28724 --- [back] [   scheduling-1] c.b.m.s.e.GuiaParserService              : Bloco Guia ignorado: Unrecognized field "ativo" (class crm_imobiliario.back.model.service.empreendimento.GuiaParserService$EmpreendimentoGuia), not marked as ignorable (25 known properties: "preco_min", "regiao", "cidade", "bairro", "pontos_referencia", "endereco", "slug", "resumo_10s", "descricao_resumo", "diferenciais", "uf", "status", "preco_max", "condicoes_comerciais", "metragem_min", "nome", "id", "plantas", "parcelamento_max", "previsao_entrega", "metragem_max", "geo", "areas_comuns", "entrega_contratual", "tabela")
 at [Source: REDACTED (`StreamReadFeature.INCLUDE_SOURCE_IN_LOCATION` disabled); line: 1, column: 90] (through reference chain: crm_imobiliario.back.model.service.empreendimento.GuiaParserService$EmpreendimentoGuia["ativo"])
2026-09-15T22:42:20.998-03:00  INFO 28724 --- [back] [nio-8080-exec-1] o.a.c.c.C.[Tomcat].[localhost].[/]       : Initializing Spring DispatcherServlet 'dispatcherServlet'
2026-09-15T22:42:20.998-03:00  INFO 28724 --- [back] [nio-8080-exec-1] o.s.web.servlet.DispatcherServlet        : Initializing Servlet 'dispatcherServlet'
2026-09-15T22:42:20.998-03:00  WARN 28724 --- [back] [   scheduling-1] c.b.m.s.e.GuiaParserService              : Bloco Guia ignorado: Unrecognized field "ativo" (class crm_imobiliario.back.model.service.empreendimento.GuiaParserService$EmpreendimentoGuia), not marked as ignorable (25 known properties: "preco_min", "regiao", "cidade", "bairro", "pontos_referencia", "endereco", "slug", "resumo_10s", "descricao_resumo", "diferenciais", "uf", "status", "preco_max", "condicoes_comerciais", "metragem_min", "nome", "id", "plantas", "parcelamento_max", "previsao_entrega", "metragem_max", "geo", "areas_comuns", "entrega_contratual", "tabela")
 at [Source: REDACTED (`StreamReadFeature.INCLUDE_SOURCE_IN_LOCATION` disabled); line: 1, column: 87] (through reference chain: crm_imobiliario.back.model.service.empreendimento.GuiaParserService$EmpreendimentoGuia["ativo"])
2026-09-15T22:42:20.998-03:00  INFO 28724 --- [back] [nio-8080-exec-1] o.s.web.servlet.DispatcherServlet        : Completed initialization in 0 ms
2026-09-15T22:42:21.016-03:00  WARN 28724 --- [back] [   scheduling-1] c.b.m.s.e.GuiaParserService              : Bloco Guia ignorado: Unrecognized field "ativo" (class crm_imobiliario.back.model.service.empreendimento.GuiaParserService$EmpreendimentoGuia), not marked as ignorable (25 known properties: "preco_min", "regiao", "cidade", "bairro", "pontos_referencia", "endereco", "slug", "resumo_10s", "descricao_resumo", "diferenciais", "uf", "status", "preco_max", "condicoes_comerciais", "metragem_min", "nome", "id", "plantas", "parcelamento_max", "previsao_entrega", "metragem_max", "geo", "areas_comuns", "entrega_contratual", "tabela")
 at [Source: REDACTED (`StreamReadFeature.INCLUDE_SOURCE_IN_LOCATION` disabled); line: 1, column: 82] (through reference chain: crm_imobiliario.back.model.service.empreendimento.GuiaParserService$EmpreendimentoGuia["ativo"])
2026-09-15T22:42:21.031-03:00  WARN 28724 --- [back] [   scheduling-1] c.b.m.s.e.GuiaParserService              : Bloco Guia ignorado: Unrecognized field "ativo" (class crm_imobiliario.back.model.service.empreendimento.GuiaParserService$EmpreendimentoGuia), not marked as ignorable (25 known properties: "preco_min", "regiao", "cidade", "bairro", "pontos_referencia", "endereco", "slug", "resumo_10s", "descricao_resumo", "diferenciais", "uf", "status", "preco_max", "condicoes_comerciais", "metragem_min", "nome", "id", "plantas", "parcelamento_max", "previsao_entrega", "metragem_max", "geo", "areas_comuns", "entrega_contratual", "tabela")
 at [Source: REDACTED (`StreamReadFeature.INCLUDE_SOURCE_IN_LOCATION` disabled); line: 1, column: 84] (through reference chain: crm_imobiliario.back.model.service.empreendimento.GuiaParserService$EmpreendimentoGuia["ativo"])
2026-09-15T22:42:21.053-03:00  WARN 28724 --- [back] [   scheduling-1] c.b.m.s.e.GuiaParserService              : Bloco Guia ignorado: Unrecognized field "ativo" (class crm_imobiliario.back.model.service.empreendimento.GuiaParserService$EmpreendimentoGuia), not marked as ignorable (25 known properties: "preco_min", "regiao", "cidade", "bairro", "pontos_referencia", "endereco", "slug", "resumo_10s", "descricao_resumo", "diferenciais", "uf", "status", "preco_max", "condicoes_comerciais", "metragem_min", "nome", "id", "plantas", "parcelamento_max", "previsao_entrega", "metragem_max", "geo", "areas_comuns", "entrega_contratual", "tabela")
 at [Source: REDACTED (`StreamReadFeature.INCLUDE_SOURCE_IN_LOCATION` disabled); line: 1, column: 78] (through reference chain: crm_imobiliario.back.model.service.empreendimento.GuiaParserService$EmpreendimentoGuia["ativo"])
2026-09-15T22:42:21.053-03:00  INFO 28724 --- [back] [   scheduling-1] c.b.m.s.e.GuiaParserService              : Guia carregado via HTML: 0 empreendimentos de C:\Users\isabe\Desktop\imoveis\guia-de-bolso.html
2026-09-15T22:42:21.053-03:00  WARN 28724 --- [back] [   scheduling-1] c.b.m.s.e.GuiaParserService              : Nenhum Guia encontrado (json=.\guia-de-bolso_empreendimentos.json, html=.\guia-de-bolso.html)
2026-09-15T22:42:21.053-03:00  WARN 28724 --- [back] [   scheduling-1] c.b.m.s.e.GuiaParserService              : Nenhum Guia encontrado (json=.\guia-de-bolso_empreendimentos.json, html=.\data\guia-de-bolso.html)
2026-09-15T22:42:21.053-03:00  WARN 28724 --- [back] [   scheduling-1] c.b.m.s.e.GuiaParserService              : Nenhum Guia encontrado (json=.\guia-de-bolso_empreendimentos.json, html=guia-de-bolso.html)
2026-09-15T22:42:21.093-03:00  WARN 28724 --- [back] [   scheduling-1] c.b.m.s.e.GuiaParserService              : Bloco Guia ignorado: Unrecognized field "ativo" (class crm_imobiliario.back.model.service.empreendimento.GuiaParserService$EmpreendimentoGuia), not marked as ignorable (25 known properties: "preco_min", "regiao", "cidade", "bairro", "pontos_referencia", "endereco", "slug", "resumo_10s", "descricao_resumo", "diferenciais", "uf", "status", "preco_max", "condicoes_comerciais", "metragem_min", "nome", "id", "plantas", "parcelamento_max", "previsao_entrega", "metragem_max", "geo", "areas_comuns", "entrega_contratual", "tabela")
 at [Source: REDACTED (`StreamReadFeature.INCLUDE_SOURCE_IN_LOCATION` disabled); line: 1, column: 90] (through reference chain: crm_imobiliario.back.model.service.empreendimento.GuiaParserService$EmpreendimentoGuia["ativo"])
2026-09-15T22:42:21.111-03:00  WARN 28724 --- [back] [   scheduling-1] c.b.m.s.e.GuiaParserService              : Bloco Guia ignorado: Unrecognized field "ativo" (class crm_imobiliario.back.model.service.empreendimento.GuiaParserService$EmpreendimentoGuia), not marked as ignorable (25 known properties: "preco_min", "regiao", "cidade", "bairro", "pontos_referencia", "endereco", "slug", "resumo_10s", "descricao_resumo", "diferenciais", "uf", "status", "preco_max", "condicoes_comerciais", "metragem_min", "nome", "id", "plantas", "parcelamento_max", "previsao_entrega", "metragem_max", "geo", "areas_comuns", "entrega_contratual", "tabela")
 at [Source: REDACTED (`StreamReadFeature.INCLUDE_SOURCE_IN_LOCATION` disabled); line: 1, column: 87] (through reference chain: crm_imobiliario.back.model.service.empreendimento.GuiaParserService$EmpreendimentoGuia["ativo"])
2026-09-15T22:42:21.131-03:00  WARN 28724 --- [back] [   scheduling-1] c.b.m.s.e.GuiaParserService              : Bloco Guia ignorado: Unrecognized field "ativo" (class crm_imobiliario.back.model.service.empreendimento.GuiaParserService$EmpreendimentoGuia), not marked as ignorable (25 known properties: "preco_min", "regiao", "cidade", "bairro", "pontos_referencia", "endereco", "slug", "resumo_10s", "descricao_resumo", "diferenciais", "uf", "status", "preco_max", "condicoes_comerciais", "metragem_min", "nome", "id", "plantas", "parcelamento_max", "previsao_entrega", "metragem_max", "geo", "areas_comuns", "entrega_contratual", "tabela")
 at [Source: REDACTED (`StreamReadFeature.INCLUDE_SOURCE_IN_LOCATION` disabled); line: 1, column: 82] (through reference chain: crm_imobiliario.back.model.service.empreendimento.GuiaParserService$EmpreendimentoGuia["ativo"])
2026-09-15T22:42:21.153-03:00  WARN 28724 --- [back] [   scheduling-1] c.b.m.s.e.GuiaParserService              : Bloco Guia ignorado: Unrecognized field "ativo" (class crm_imobiliario.back.model.service.empreendimento.GuiaParserService$EmpreendimentoGuia), not marked as ignorable (25 known properties: "preco_min", "regiao", "cidade", "bairro", "pontos_referencia", "endereco", "slug", "resumo_10s", "descricao_resumo", "diferenciais", "uf", "status", "preco_max", "condicoes_comerciais", "metragem_min", "nome", "id", "plantas", "parcelamento_max", "previsao_entrega", "metragem_max", "geo", "areas_comuns", "entrega_contratual", "tabela")
 at [Source: REDACTED (`StreamReadFeature.INCLUDE_SOURCE_IN_LOCATION` disabled); line: 1, column: 84] (through reference chain: crm_imobiliario.back.model.service.empreendimento.GuiaParserService$EmpreendimentoGuia["ativo"])
2026-09-15T22:42:21.173-03:00  WARN 28724 --- [back] [   scheduling-1] c.b.m.s.e.GuiaParserService              : Bloco Guia ignorado: Unrecognized field "ativo" (class crm_imobiliario.back.model.service.empreendimento.GuiaParserService$EmpreendimentoGuia), not marked as ignorable (25 known properties: "preco_min", "regiao", "cidade", "bairro", "pontos_referencia", "endereco", "slug", "resumo_10s", "descricao_resumo", "diferenciais", "uf", "status", "preco_max", "condicoes_comerciais", "metragem_min", "nome", "id", "plantas", "parcelamento_max", "previsao_entrega", "metragem_max", "geo", "areas_comuns", "entrega_contratual", "tabela")
 at [Source: REDACTED (`StreamReadFeature.INCLUDE_SOURCE_IN_LOCATION` disabled); line: 1, column: 78] (through reference chain: crm_imobiliario.back.model.service.empreendimento.GuiaParserService$EmpreendimentoGuia["ativo"])
2026-09-15T22:42:21.174-03:00  INFO 28724 --- [back] [   scheduling-1] c.b.m.s.e.GuiaParserService              : Guia carregado via HTML: 0 empreendimentos de C:\Users\isabe\Desktop\imoveis\guia-de-bolso.html
2026-09-15T22:42:21.174-03:00  WARN 28724 --- [back] [   scheduling-1] c.b.m.s.e.GuiaParserService              : Nenhum Guia encontrado (json=.\data\guia-de-bolso_empreendimentos.json, html=.\guia-de-bolso.html)
2026-09-15T22:42:21.174-03:00  WARN 28724 --- [back] [   scheduling-1] c.b.m.s.e.GuiaParserService              : Nenhum Guia encontrado (json=.\data\guia-de-bolso_empreendimentos.json, html=.\data\guia-de-bolso.html)
2026-09-15T22:42:21.174-03:00  WARN 28724 --- [back] [   scheduling-1] c.b.m.s.e.GuiaParserService              : Nenhum Guia encontrado (json=.\data\guia-de-bolso_empreendimentos.json, html=guia-de-bolso.html)
2026-09-15T22:42:21.201-03:00  WARN 28724 --- [back] [   scheduling-1] c.b.m.s.e.GuiaParserService              : Bloco Guia ignorado: Unrecognized field "ativo" (class crm_imobiliario.back.model.service.empreendimento.GuiaParserService$EmpreendimentoGuia), not marked as ignorable (25 known properties: "preco_min", "regiao", "cidade", "bairro", "pontos_referencia", "endereco", "slug", "resumo_10s", "descricao_resumo", "diferenciais", "uf", "status", "preco_max", "condicoes_comerciais", "metragem_min", "nome", "id", "plantas", "parcelamento_max", "previsao_entrega", "metragem_max", "geo", "areas_comuns", "entrega_contratual", "tabela")
 at [Source: REDACTED (`StreamReadFeature.INCLUDE_SOURCE_IN_LOCATION` disabled); line: 1, column: 90] (through reference chain: crm_imobiliario.back.model.service.empreendimento.GuiaParserService$EmpreendimentoGuia["ativo"])
2026-09-15T22:42:21.217-03:00  WARN 28724 --- [back] [   scheduling-1] c.b.m.s.e.GuiaParserService              : Bloco Guia ignorado: Unrecognized field "ativo" (class crm_imobiliario.back.model.service.empreendimento.GuiaParserService$EmpreendimentoGuia), not marked as ignorable (25 known properties: "preco_min", "regiao", "cidade", "bairro", "pontos_referencia", "endereco", "slug", "resumo_10s", "descricao_resumo", "diferenciais", "uf", "status", "preco_max", "condicoes_comerciais", "metragem_min", "nome", "id", "plantas", "parcelamento_max", "previsao_entrega", "metragem_max", "geo", "areas_comuns", "entrega_contratual", "tabela")
 at [Source: REDACTED (`StreamReadFeature.INCLUDE_SOURCE_IN_LOCATION` disabled); line: 1, column: 87] (through reference chain: crm_imobiliario.back.model.service.empreendimento.GuiaParserService$EmpreendimentoGuia["ativo"])
2026-09-15T22:42:21.232-03:00  WARN 28724 --- [back] [   scheduling-1] c.b.m.s.e.GuiaParserService              : Bloco Guia ignorado: Unrecognized field "ativo" (class crm_imobiliario.back.model.service.empreendimento.GuiaParserService$EmpreendimentoGuia), not marked as ignorable (25 known properties: "preco_min", "regiao", "cidade", "bairro", "pontos_referencia", "endereco", "slug", "resumo_10s", "descricao_resumo", "diferenciais", "uf", "status", "preco_max", "condicoes_comerciais", "metragem_min", "nome", "id", "plantas", "parcelamento_max", "previsao_entrega", "metragem_max", "geo", "areas_comuns", "entrega_contratual", "tabela")
 at [Source: REDACTED (`StreamReadFeature.INCLUDE_SOURCE_IN_LOCATION` disabled); line: 1, column: 82] (through reference chain: crm_imobiliario.back.model.service.empreendimento.GuiaParserService$EmpreendimentoGuia["ativo"])
2026-09-15T22:42:21.252-03:00  WARN 28724 --- [back] [   scheduling-1] c.b.m.s.e.GuiaParserService              : Bloco Guia ignorado: Unrecognized field "ativo" (class crm_imobiliario.back.model.service.empreendimento.GuiaParserService$EmpreendimentoGuia), not marked as ignorable (25 known properties: "preco_min", "regiao", "cidade", "bairro", "pontos_referencia", "endereco", "slug", "resumo_10s", "descricao_resumo", "diferenciais", "uf", "status", "preco_max", "condicoes_comerciais", "metragem_min", "nome", "id", "plantas", "parcelamento_max", "previsao_entrega", "metragem_max", "geo", "areas_comuns", "entrega_contratual", "tabela")
 at [Source: REDACTED (`StreamReadFeature.INCLUDE_SOURCE_IN_LOCATION` disabled); line: 1, column: 84] (through reference chain: crm_imobiliario.back.model.service.empreendimento.GuiaParserService$EmpreendimentoGuia["ativo"])
2026-09-15T22:42:21.270-03:00  WARN 28724 --- [back] [nio-8080-exec-1] c.back.util.GlobalExceptionHandler       : [b8e7334f-f949-429f-a4a1-ea62568eaf13] Validation error on /login: {senha=A senha é obrigatória, email=O e-mail é obrigatório}
2026-09-15T22:42:21.275-03:00  WARN 28724 --- [back] [   scheduling-1] c.b.m.s.e.GuiaParserService              : Bloco Guia ignorado: Unrecognized field "ativo" (class crm_imobiliario.back.model.service.empreendimento.GuiaParserService$EmpreendimentoGuia), not marked as ignorable (25 known properties: "preco_min", "regiao", "cidade", "bairro", "pontos_referencia", "endereco", "slug", "resumo_10s", "descricao_resumo", "diferenciais", "uf", "status", "preco_max", "condicoes_comerciais", "metragem_min", "nome", "id", "plantas", "parcelamento_max", "previsao_entrega", "metragem_max", "geo", "areas_comuns", "entrega_contratual", "tabela")
 at [Source: REDACTED (`StreamReadFeature.INCLUDE_SOURCE_IN_LOCATION` disabled); line: 1, column: 78] (through reference chain: crm_imobiliario.back.model.service.empreendimento.GuiaParserService$EmpreendimentoGuia["ativo"])
2026-09-15T22:42:21.275-03:00  INFO 28724 --- [back] [   scheduling-1] c.b.m.s.e.GuiaParserService              : Guia carregado via HTML: 0 empreendimentos de C:\Users\isabe\Desktop\imoveis\guia-de-bolso.html
2026-09-15T22:42:21.275-03:00  WARN 28724 --- [back] [   scheduling-1] c.b.m.s.e.GuiaParserService              : Nenhum Guia encontrado (json=guia-de-bolso_empreendimentos.json, html=.\guia-de-bolso.html)
2026-09-15T22:42:21.275-03:00  WARN 28724 --- [back] [   scheduling-1] c.b.m.s.e.GuiaParserService              : Nenhum Guia encontrado (json=guia-de-bolso_empreendimentos.json, html=.\data\guia-de-bolso.html)
2026-09-15T22:42:21.275-03:00  WARN 28724 --- [back] [   scheduling-1] c.b.m.s.e.GuiaParserService              : Nenhum Guia encontrado (json=guia-de-bolso_empreendimentos.json, html=guia-de-bolso.html)
2026-09-15T22:42:21.304-03:00  WARN 28724 --- [back] [   scheduling-1] c.b.m.s.e.GuiaParserService              : Bloco Guia ignorado: Unrecognized field "ativo" (class crm_imobiliario.back.model.service.empreendimento.GuiaParserService$EmpreendimentoGuia), not marked as ignorable (25 known properties: "preco_min", "regiao", "cidade", "bairro", "pontos_referencia", "endereco", "slug", "resumo_10s", "descricao_resumo", "diferenciais", "uf", "status", "preco_max", "condicoes_comerciais", "metragem_min", "nome", "id", "plantas", "parcelamento_max", "previsao_entrega", "metragem_max", "geo", "areas_comuns", "entrega_contratual", "tabela")
 at [Source: REDACTED (`StreamReadFeature.INCLUDE_SOURCE_IN_LOCATION` disabled); line: 1, column: 90] (through reference chain: crm_imobiliario.back.model.service.empreendimento.GuiaParserService$EmpreendimentoGuia["ativo"])
2026-09-15T22:42:21.329-03:00  WARN 28724 --- [back] [   scheduling-1] c.b.m.s.e.GuiaParserService              : Bloco Guia ignorado: Unrecognized field "ativo" (class crm_imobiliario.back.model.service.empreendimento.GuiaParserService$EmpreendimentoGuia), not marked as ignorable (25 known properties: "preco_min", "regiao", "cidade", "bairro", "pontos_referencia", "endereco", "slug", "resumo_10s", "descricao_resumo", "diferenciais", "uf", "status", "preco_max", "condicoes_comerciais", "metragem_min", "nome", "id", "plantas", "parcelamento_max", "previsao_entrega", "metragem_max", "geo", "areas_comuns", "entrega_contratual", "tabela")
 at [Source: REDACTED (`StreamReadFeature.INCLUDE_SOURCE_IN_LOCATION` disabled); line: 1, column: 87] (through reference chain: crm_imobiliario.back.model.service.empreendimento.GuiaParserService$EmpreendimentoGuia["ativo"])
2026-09-15T22:42:21.348-03:00  WARN 28724 --- [back] [   scheduling-1] c.b.m.s.e.GuiaParserService              : Bloco Guia ignorado: Unrecognized field "ativo" (class crm_imobiliario.back.model.service.empreendimento.GuiaParserService$EmpreendimentoGuia), not marked as ignorable (25 known properties: "preco_min", "regiao", "cidade", "bairro", "pontos_referencia", "endereco", "slug", "resumo_10s", "descricao_resumo", "diferenciais", "uf", "status", "preco_max", "condicoes_comerciais", "metragem_min", "nome", "id", "plantas", "parcelamento_max", "previsao_entrega", "metragem_max", "geo", "areas_comuns", "entrega_contratual", "tabela")
 at [Source: REDACTED (`StreamReadFeature.INCLUDE_SOURCE_IN_LOCATION` disabled); line: 1, column: 82] (through reference chain: crm_imobiliario.back.model.service.empreendimento.GuiaParserService$EmpreendimentoGuia["ativo"])
2026-09-15T22:42:21.371-03:00  WARN 28724 --- [back] [   scheduling-1] c.b.m.s.e.GuiaParserService              : Bloco Guia ignorado: Unrecognized field "ativo" (class crm_imobiliario.back.model.service.empreendimento.GuiaParserService$EmpreendimentoGuia), not marked as ignorable (25 known properties: "preco_min", "regiao", "cidade", "bairro", "pontos_referencia", "endereco", "slug", "resumo_10s", "descricao_resumo", "diferenciais", "uf", "status", "preco_max", "condicoes_comerciais", "metragem_min", "nome", "id", "plantas", "parcelamento_max", "previsao_entrega", "metragem_max", "geo", "areas_comuns", "entrega_contratual", "tabela")
 at [Source: REDACTED (`StreamReadFeature.INCLUDE_SOURCE_IN_LOCATION` disabled); line: 1, column: 84] (through reference chain: crm_imobiliario.back.model.service.empreendimento.GuiaParserService$EmpreendimentoGuia["ativo"])
2026-09-15T22:42:21.394-03:00  WARN 28724 --- [back] [   scheduling-1] c.b.m.s.e.GuiaParserService              : Bloco Guia ignorado: Unrecognized field "ativo" (class crm_imobiliario.back.model.service.empreendimento.GuiaParserService$EmpreendimentoGuia), not marked as ignorable (25 known properties: "preco_min", "regiao", "cidade", "bairro", "pontos_referencia", "endereco", "slug", "resumo_10s", "descricao_resumo", "diferenciais", "uf", "status", "preco_max", "condicoes_comerciais", "metragem_min", "nome", "id", "plantas", "parcelamento_max", "previsao_entrega", "metragem_max", "geo", "areas_comuns", "entrega_contratual", "tabela")
 at [Source: REDACTED (`StreamReadFeature.INCLUDE_SOURCE_IN_LOCATION` disabled); line: 1, column: 78] (through reference chain: crm_imobiliario.back.model.service.empreendimento.GuiaParserService$EmpreendimentoGuia["ativo"])
2026-09-15T22:42:21.394-03:00  INFO 28724 --- [back] [   scheduling-1] c.b.m.s.e.GuiaParserService              : Guia carregado via HTML: 0 empreendimentos de C:\Users\isabe\Desktop\imoveis\guia-de-bolso.html
2026-09-15T22:42:21.404-03:00  WARN 28724 --- [back] [   scheduling-1] c.b.m.s.e.GuiaParserService              : Falha ao ler JSON Guia C:\Users\isabe\Desktop\imoveis\guia-de-bolso_empreendimentos.json: Unrecognized field "ativo" (class crm_imobiliario.back.model.service.empreendimento.GuiaParserService$EmpreendimentoGuia), not marked as ignorable (25 known properties: "preco_min", "regiao", "cidade", "bairro", "pontos_referencia", "endereco", "slug", "resumo_10s", "descricao_resumo", "diferenciais", "uf", "status", "preco_max", "condicoes_comerciais", "metragem_min", "nome", "id", "plantas", "parcelamento_max", "previsao_entrega", "metragem_max", "geo", "areas_comuns", "entrega_contratual", "tabela")
 at [Source: REDACTED (`StreamReadFeature.INCLUDE_SOURCE_IN_LOCATION` disabled); line: 6, column: 18] (through reference chain: java.util.ArrayList[0]->crm_imobiliario.back.model.service.empreendimento.GuiaParserService$EmpreendimentoGuia["ativo"])
2026-09-15T22:42:21.408-03:00  WARN 28724 --- [back] [   scheduling-1] c.b.m.s.e.GuiaParserService              : Nenhum Guia encontrado (json=C:\Users\isabe\Desktop\imoveis\guia-de-bolso_empreendimentos.json, html=.\guia-de-bolso.html)
2026-09-15T22:42:21.418-03:00  WARN 28724 --- [back] [   scheduling-1] c.b.m.s.e.GuiaParserService              : Falha ao ler JSON Guia C:\Users\isabe\Desktop\imoveis\guia-de-bolso_empreendimentos.json: Unrecognized field "ativo" (class crm_imobiliario.back.model.service.empreendimento.GuiaParserService$EmpreendimentoGuia), not marked as ignorable (25 known properties: "preco_min", "regiao", "cidade", "bairro", "pontos_referencia", "endereco", "slug", "resumo_10s", "descricao_resumo", "diferenciais", "uf", "status", "preco_max", "condicoes_comerciais", "metragem_min", "nome", "id", "plantas", "parcelamento_max", "previsao_entrega", "metragem_max", "geo", "areas_comuns", "entrega_contratual", "tabela")
 at [Source: REDACTED (`StreamReadFeature.INCLUDE_SOURCE_IN_LOCATION` disabled); line: 6, column: 18] (through reference chain: java.util.ArrayList[0]->crm_imobiliario.back.model.service.empreendimento.GuiaParserService$EmpreendimentoGuia["ativo"])
2026-09-15T22:42:21.418-03:00  WARN 28724 --- [back] [   scheduling-1] c.b.m.s.e.GuiaParserService              : Nenhum Guia encontrado (json=C:\Users\isabe\Desktop\imoveis\guia-de-bolso_empreendimentos.json, html=.\data\guia-de-bolso.html)
2026-09-15T22:42:21.432-03:00  WARN 28724 --- [back] [   scheduling-1] c.b.m.s.e.GuiaParserService              : Falha ao ler JSON Guia C:\Users\isabe\Desktop\imoveis\guia-de-bolso_empreendimentos.json: Unrecognized field "ativo" (class crm_imobiliario.back.model.service.empreendimento.GuiaParserService$EmpreendimentoGuia), not marked as ignorable (25 known properties: "preco_min", "regiao", "cidade", "bairro", "pontos_referencia", "endereco", "slug", "resumo_10s", "descricao_resumo", "diferenciais", "uf", "status", "preco_max", "condicoes_comerciais", "metragem_min", "nome", "id", "plantas", "parcelamento_max", "previsao_entrega", "metragem_max", "geo", "areas_comuns", "entrega_contratual", "tabela")
 at [Source: REDACTED (`StreamReadFeature.INCLUDE_SOURCE_IN_LOCATION` disabled); line: 6, column: 18] (through reference chain: java.util.ArrayList[0]->crm_imobiliario.back.model.service.empreendimento.GuiaParserService$EmpreendimentoGuia["ativo"])
2026-09-15T22:42:21.432-03:00  WARN 28724 --- [back] [   scheduling-1] c.b.m.s.e.GuiaParserService              : Nenhum Guia encontrado (json=C:\Users\isabe\Desktop\imoveis\guia-de-bolso_empreendimentos.json, html=guia-de-bolso.html)
2026-09-15T22:42:21.442-03:00  WARN 28724 --- [back] [   scheduling-1] c.b.m.s.e.GuiaParserService              : Falha ao ler JSON Guia C:\Users\isabe\Desktop\imoveis\guia-de-bolso_empreendimentos.json: Unrecognized field "ativo" (class crm_imobiliario.back.model.service.empreendimento.GuiaParserService$EmpreendimentoGuia), not marked as ignorable (25 known properties: "preco_min", "regiao", "cidade", "bairro", "pontos_referencia", "endereco", "slug", "resumo_10s", "descricao_resumo", "diferenciais", "uf", "status", "preco_max", "condicoes_comerciais", "metragem_min", "nome", "id", "plantas", "parcelamento_max", "previsao_entrega", "metragem_max", "geo", "areas_comuns", "entrega_contratual", "tabela")
 at [Source: REDACTED (`StreamReadFeature.INCLUDE_SOURCE_IN_LOCATION` disabled); line: 6, column: 18] (through reference chain: java.util.ArrayList[0]->crm_imobiliario.back.model.service.empreendimento.GuiaParserService$EmpreendimentoGuia["ativo"])
2026-09-15T22:42:21.475-03:00  WARN 28724 --- [back] [   scheduling-1] c.b.m.s.e.GuiaParserService              : Bloco Guia ignorado: Unrecognized field "ativo" (class crm_imobiliario.back.model.service.empreendimento.GuiaParserService$EmpreendimentoGuia), not marked as ignorable (25 known properties: "preco_min", "regiao", "cidade", "bairro", "pontos_referencia", "endereco", "slug", "resumo_10s", "descricao_resumo", "diferenciais", "uf", "status", "preco_max", "condicoes_comerciais", "metragem_min", "nome", "id", "plantas", "parcelamento_max", "previsao_entrega", "metragem_max", "geo", "areas_comuns", "entrega_contratual", "tabela")
 at [Source: REDACTED (`StreamReadFeature.INCLUDE_SOURCE_IN_LOCATION` disabled); line: 1, column: 90] (through reference chain: crm_imobiliario.back.model.service.empreendimento.GuiaParserService$EmpreendimentoGuia["ativo"])
2026-09-15T22:42:21.504-03:00  WARN 28724 --- [back] [   scheduling-1] c.b.m.s.e.GuiaParserService              : Bloco Guia ignorado: Unrecognized field "ativo" (class crm_imobiliario.back.model.service.empreendimento.GuiaParserService$EmpreendimentoGuia), not marked as ignorable (25 known properties: "preco_min", "regiao", "cidade", "bairro", "pontos_referencia", "endereco", "slug", "resumo_10s", "descricao_resumo", "diferenciais", "uf", "status", "preco_max", "condicoes_comerciais", "metragem_min", "nome", "id", "plantas", "parcelamento_max", "previsao_entrega", "metragem_max", "geo", "areas_comuns", "entrega_contratual", "tabela")
 at [Source: REDACTED (`StreamReadFeature.INCLUDE_SOURCE_IN_LOCATION` disabled); line: 1, column: 87] (through reference chain: crm_imobiliario.back.model.service.empreendimento.GuiaParserService$EmpreendimentoGuia["ativo"])
2026-09-15T22:42:21.523-03:00  WARN 28724 --- [back] [   scheduling-1] c.b.m.s.e.GuiaParserService              : Bloco Guia ignorado: Unrecognized field "ativo" (class crm_imobiliario.back.model.service.empreendimento.GuiaParserService$EmpreendimentoGuia), not marked as ignorable (25 known properties: "preco_min", "regiao", "cidade", "bairro", "pontos_referencia", "endereco", "slug", "resumo_10s", "descricao_resumo", "diferenciais", "uf", "status", "preco_max", "condicoes_comerciais", "metragem_min", "nome", "id", "plantas", "parcelamento_max", "previsao_entrega", "metragem_max", "geo", "areas_comuns", "entrega_contratual", "tabela")
 at [Source: REDACTED (`StreamReadFeature.INCLUDE_SOURCE_IN_LOCATION` disabled); line: 1, column: 82] (through reference chain: crm_imobiliario.back.model.service.empreendimento.GuiaParserService$EmpreendimentoGuia["ativo"])
2026-09-15T22:42:21.541-03:00  WARN 28724 --- [back] [   scheduling-1] c.b.m.s.e.GuiaParserService              : Bloco Guia ignorado: Unrecognized field "ativo" (class crm_imobiliario.back.model.service.empreendimento.GuiaParserService$EmpreendimentoGuia), not marked as ignorable (25 known properties: "preco_min", "regiao", "cidade", "bairro", "pontos_referencia", "endereco", "slug", "resumo_10s", "descricao_resumo", "diferenciais", "uf", "status", "preco_max", "condicoes_comerciais", "metragem_min", "nome", "id", "plantas", "parcelamento_max", "previsao_entrega", "metragem_max", "geo", "areas_comuns", "entrega_contratual", "tabela")
 at [Source: REDACTED (`StreamReadFeature.INCLUDE_SOURCE_IN_LOCATION` disabled); line: 1, column: 84] (through reference chain: crm_imobiliario.back.model.service.empreendimento.GuiaParserService$EmpreendimentoGuia["ativo"])
2026-09-15T22:42:21.559-03:00  WARN 28724 --- [back] [   scheduling-1] c.b.m.s.e.GuiaParserService              : Bloco Guia ignorado: Unrecognized field "ativo" (class crm_imobiliario.back.model.service.empreendimento.GuiaParserService$EmpreendimentoGuia), not marked as ignorable (25 known properties: "preco_min", "regiao", "cidade", "bairro", "pontos_referencia", "endereco", "slug", "resumo_10s", "descricao_resumo", "diferenciais", "uf", "status", "preco_max", "condicoes_comerciais", "metragem_min", "nome", "id", "plantas", "parcelamento_max", "previsao_entrega", "metragem_max", "geo", "areas_comuns", "entrega_contratual", "tabela")
 at [Source: REDACTED (`StreamReadFeature.INCLUDE_SOURCE_IN_LOCATION` disabled); line: 1, column: 78] (through reference chain: crm_imobiliario.back.model.service.empreendimento.GuiaParserService$EmpreendimentoGuia["ativo"])
2026-09-15T22:42:21.561-03:00  INFO 28724 --- [back] [   scheduling-1] c.b.m.s.e.GuiaParserService              : Guia carregado via HTML: 0 empreendimentos de C:\Users\isabe\Desktop\imoveis\guia-de-bolso.html
2026-09-15T22:42:21.561-03:00  WARN 28724 --- [back] [   scheduling-1] c.b.m.s.empreendimento.CrmSyncService    : CrmSyncService: nenhum Guia encontrado em candidatosJson=[.\guia-de-bolso_empreendimentos.json, .\data\guia-de-bolso_empreendimentos.json, guia-de-bolso_empreendimentos.json, C:\Users\isabe\Desktop\imoveis\guia-de-bolso_empreendimentos.json], candidatosHtml=[.\guia-de-bolso.html, .\data\guia-de-bolso.html, guia-de-bolso.html, C:\Users\isabe\Desktop\imoveis\guia-de-bolso.html]
2026-09-15T22:42:21.823-03:00  INFO 28724 --- [back] [   scheduling-1] c.b.m.s.empreendimento.CrmSyncService    : Sync completa: total=17, sucesso=17, falha=0, disponiveis=16
2026-09-15T22:42:22.408-03:00  WARN 28724 --- [back] [       crm-seed] c.b.m.s.e.GuiaParserService              : Nenhum Guia encontrado (json=.\guia-de-bolso_empreendimentos.json, html=.\guia-de-bolso.html)
2026-09-15T22:42:22.408-03:00  WARN 28724 --- [back] [       crm-seed] c.b.m.s.e.GuiaParserService              : Nenhum Guia encontrado (json=.\data\guia-de-bolso_empreendimentos.json, html=.\data\guia-de-bolso.html)
2026-09-15T22:42:22.409-03:00  WARN 28724 --- [back] [       crm-seed] c.b.m.s.e.GuiaParserService              : Nenhum Guia encontrado (json=guia-de-bolso_empreendimentos.json, html=guia-de-bolso.html)
2026-09-15T22:42:22.409-03:00  WARN 28724 --- [back] [       crm-seed] c.b.m.s.e.GuiaParserService              : Falha ao ler JSON Guia C:\Users\isabe\Desktop\imoveis\guia-de-bolso_empreendimentos.json: Unrecognized field "ativo" (class crm_imobiliario.back.model.service.empreendimento.GuiaParserService$EmpreendimentoGuia), not marked as ignorable (25 known properties: "preco_min", "regiao", "cidade", "bairro", "pontos_referencia", "endereco", "slug", "resumo_10s", "descricao_resumo", "diferenciais", "uf", "status", "preco_max", "condicoes_comerciais", "metragem_min", "nome", "id", "plantas", "parcelamento_max", "previsao_entrega", "metragem_max", "geo", "areas_comuns", "entrega_contratual", "tabela")
 at [Source: REDACTED (`StreamReadFeature.INCLUDE_SOURCE_IN_LOCATION` disabled); line: 6, column: 18] (through reference chain: java.util.ArrayList[0]->crm_imobiliario.back.model.service.empreendimento.GuiaParserService$EmpreendimentoGuia["ativo"])
2026-09-15T22:42:22.442-03:00  WARN 28724 --- [back] [       crm-seed] c.b.m.s.e.GuiaParserService              : Bloco Guia ignorado: Unrecognized field "ativo" (class crm_imobiliario.back.model.service.empreendimento.GuiaParserService$EmpreendimentoGuia), not marked as ignorable (25 known properties: "preco_min", "regiao", "cidade", "bairro", "pontos_referencia", "endereco", "slug", "resumo_10s", "descricao_resumo", "diferenciais", "uf", "status", "preco_max", "condicoes_comerciais", "metragem_min", "nome", "id", "plantas", "parcelamento_max", "previsao_entrega", "metragem_max", "geo", "areas_comuns", "entrega_contratual", "tabela")
 at [Source: REDACTED (`StreamReadFeature.INCLUDE_SOURCE_IN_LOCATION` disabled); line: 1, column: 90] (through reference chain: crm_imobiliario.back.model.service.empreendimento.GuiaParserService$EmpreendimentoGuia["ativo"])
2026-09-15T22:42:22.455-03:00  WARN 28724 --- [back] [       crm-seed] c.b.m.s.e.GuiaParserService              : Bloco Guia ignorado: Unrecognized field "ativo" (class crm_imobiliario.back.model.service.empreendimento.GuiaParserService$EmpreendimentoGuia), not marked as ignorable (25 known properties: "preco_min", "regiao", "cidade", "bairro", "pontos_referencia", "endereco", "slug", "resumo_10s", "descricao_resumo", "diferenciais", "uf", "status", "preco_max", "condicoes_comerciais", "metragem_min", "nome", "id", "plantas", "parcelamento_max", "previsao_entrega", "metragem_max", "geo", "areas_comuns", "entrega_contratual", "tabela")
 at [Source: REDACTED (`StreamReadFeature.INCLUDE_SOURCE_IN_LOCATION` disabled); line: 1, column: 87] (through reference chain: crm_imobiliario.back.model.service.empreendimento.GuiaParserService$EmpreendimentoGuia["ativo"])
2026-09-15T22:42:22.471-03:00  WARN 28724 --- [back] [       crm-seed] c.b.m.s.e.GuiaParserService              : Bloco Guia ignorado: Unrecognized field "ativo" (class crm_imobiliario.back.model.service.empreendimento.GuiaParserService$EmpreendimentoGuia), not marked as ignorable (25 known properties: "preco_min", "regiao", "cidade", "bairro", "pontos_referencia", "endereco", "slug", "resumo_10s", "descricao_resumo", "diferenciais", "uf", "status", "preco_max", "condicoes_comerciais", "metragem_min", "nome", "id", "plantas", "parcelamento_max", "previsao_entrega", "metragem_max", "geo", "areas_comuns", "entrega_contratual", "tabela")
 at [Source: REDACTED (`StreamReadFeature.INCLUDE_SOURCE_IN_LOCATION` disabled); line: 1, column: 82] (through reference chain: crm_imobiliario.back.model.service.empreendimento.GuiaParserService$EmpreendimentoGuia["ativo"])
2026-09-15T22:42:22.493-03:00  WARN 28724 --- [back] [       crm-seed] c.b.m.s.e.GuiaParserService              : Bloco Guia ignorado: Unrecognized field "ativo" (class crm_imobiliario.back.model.service.empreendimento.GuiaParserService$EmpreendimentoGuia), not marked as ignorable (25 known properties: "preco_min", "regiao", "cidade", "bairro", "pontos_referencia", "endereco", "slug", "resumo_10s", "descricao_resumo", "diferenciais", "uf", "status", "preco_max", "condicoes_comerciais", "metragem_min", "nome", "id", "plantas", "parcelamento_max", "previsao_entrega", "metragem_max", "geo", "areas_comuns", "entrega_contratual", "tabela")
 at [Source: REDACTED (`StreamReadFeature.INCLUDE_SOURCE_IN_LOCATION` disabled); line: 1, column: 84] (through reference chain: crm_imobiliario.back.model.service.empreendimento.GuiaParserService$EmpreendimentoGuia["ativo"])
2026-09-15T22:42:22.503-03:00  WARN 28724 --- [back] [       crm-seed] c.b.m.s.e.GuiaParserService              : Bloco Guia ignorado: Unrecognized field "ativo" (class crm_imobiliario.back.model.service.empreendimento.GuiaParserService$EmpreendimentoGuia), not marked as ignorable (25 known properties: "preco_min", "regiao", "cidade", "bairro", "pontos_referencia", "endereco", "slug", "resumo_10s", "descricao_resumo", "diferenciais", "uf", "status", "preco_max", "condicoes_comerciais", "metragem_min", "nome", "id", "plantas", "parcelamento_max", "previsao_entrega", "metragem_max", "geo", "areas_comuns", "entrega_contratual", "tabela")
 at [Source: REDACTED (`StreamReadFeature.INCLUDE_SOURCE_IN_LOCATION` disabled); line: 1, column: 78] (through reference chain: crm_imobiliario.back.model.service.empreendimento.GuiaParserService$EmpreendimentoGuia["ativo"])
2026-09-15T22:42:22.503-03:00  INFO 28724 --- [back] [       crm-seed] c.b.m.s.e.GuiaParserService              : Guia carregado via HTML: 0 empreendimentos de C:\Users\isabe\Desktop\imoveis\guia-de-bolso.html
2026-09-15T22:42:22.503-03:00  WARN 28724 --- [back] [       crm-seed] c.b.m.s.e.GuiaParserService              : Nenhum Guia encontrado (json=.\guia-de-bolso_empreendimentos.json, html=.\guia-de-bolso.html)
2026-09-15T22:42:22.503-03:00  WARN 28724 --- [back] [       crm-seed] c.b.m.s.e.GuiaParserService              : Nenhum Guia encontrado (json=.\guia-de-bolso_empreendimentos.json, html=.\data\guia-de-bolso.html)
2026-09-15T22:42:22.503-03:00  WARN 28724 --- [back] [       crm-seed] c.b.m.s.e.GuiaParserService              : Nenhum Guia encontrado (json=.\guia-de-bolso_empreendimentos.json, html=guia-de-bolso.html)
2026-09-15T22:42:22.534-03:00  WARN 28724 --- [back] [       crm-seed] c.b.m.s.e.GuiaParserService              : Bloco Guia ignorado: Unrecognized field "ativo" (class crm_imobiliario.back.model.service.empreendimento.GuiaParserService$EmpreendimentoGuia), not marked as ignorable (25 known properties: "preco_min", "regiao", "cidade", "bairro", "pontos_referencia", "endereco", "slug", "resumo_10s", "descricao_resumo", "diferenciais", "uf", "status", "preco_max", "condicoes_comerciais", "metragem_min", "nome", "id", "plantas", "parcelamento_max", "previsao_entrega", "metragem_max", "geo", "areas_comuns", "entrega_contratual", "tabela")
 at [Source: REDACTED (`StreamReadFeature.INCLUDE_SOURCE_IN_LOCATION` disabled); line: 1, column: 90] (through reference chain: crm_imobiliario.back.model.service.empreendimento.GuiaParserService$EmpreendimentoGuia["ativo"])
2026-09-15T22:42:22.553-03:00  WARN 28724 --- [back] [       crm-seed] c.b.m.s.e.GuiaParserService              : Bloco Guia ignorado: Unrecognized field "ativo" (class crm_imobiliario.back.model.service.empreendimento.GuiaParserService$EmpreendimentoGuia), not marked as ignorable (25 known properties: "preco_min", "regiao", "cidade", "bairro", "pontos_referencia", "endereco", "slug", "resumo_10s", "descricao_resumo", "diferenciais", "uf", "status", "preco_max", "condicoes_comerciais", "metragem_min", "nome", "id", "plantas", "parcelamento_max", "previsao_entrega", "metragem_max", "geo", "areas_comuns", "entrega_contratual", "tabela")
 at [Source: REDACTED (`StreamReadFeature.INCLUDE_SOURCE_IN_LOCATION` disabled); line: 1, column: 87] (through reference chain: crm_imobiliario.back.model.service.empreendimento.GuiaParserService$EmpreendimentoGuia["ativo"])
2026-09-15T22:42:22.580-03:00  WARN 28724 --- [back] [       crm-seed] c.b.m.s.e.GuiaParserService              : Bloco Guia ignorado: Unrecognized field "ativo" (class crm_imobiliario.back.model.service.empreendimento.GuiaParserService$EmpreendimentoGuia), not marked as ignorable (25 known properties: "preco_min", "regiao", "cidade", "bairro", "pontos_referencia", "endereco", "slug", "resumo_10s", "descricao_resumo", "diferenciais", "uf", "status", "preco_max", "condicoes_comerciais", "metragem_min", "nome", "id", "plantas", "parcelamento_max", "previsao_entrega", "metragem_max", "geo", "areas_comuns", "entrega_contratual", "tabela")
 at [Source: REDACTED (`StreamReadFeature.INCLUDE_SOURCE_IN_LOCATION` disabled); line: 1, column: 82] (through reference chain: crm_imobiliario.back.model.service.empreendimento.GuiaParserService$EmpreendimentoGuia["ativo"])
2026-09-15T22:42:22.598-03:00  WARN 28724 --- [back] [       crm-seed] c.b.m.s.e.GuiaParserService              : Bloco Guia ignorado: Unrecognized field "ativo" (class crm_imobiliario.back.model.service.empreendimento.GuiaParserService$EmpreendimentoGuia), not marked as ignorable (25 known properties: "preco_min", "regiao", "cidade", "bairro", "pontos_referencia", "endereco", "slug", "resumo_10s", "descricao_resumo", "diferenciais", "uf", "status", "preco_max", "condicoes_comerciais", "metragem_min", "nome", "id", "plantas", "parcelamento_max", "previsao_entrega", "metragem_max", "geo", "areas_comuns", "entrega_contratual", "tabela")
 at [Source: REDACTED (`StreamReadFeature.INCLUDE_SOURCE_IN_LOCATION` disabled); line: 1, column: 84] (through reference chain: crm_imobiliario.back.model.service.empreendimento.GuiaParserService$EmpreendimentoGuia["ativo"])
2026-09-15T22:42:22.616-03:00  WARN 28724 --- [back] [       crm-seed] c.b.m.s.e.GuiaParserService              : Bloco Guia ignorado: Unrecognized field "ativo" (class crm_imobiliario.back.model.service.empreendimento.GuiaParserService$EmpreendimentoGuia), not marked as ignorable (25 known properties: "preco_min", "regiao", "cidade", "bairro", "pontos_referencia", "endereco", "slug", "resumo_10s", "descricao_resumo", "diferenciais", "uf", "status", "preco_max", "condicoes_comerciais", "metragem_min", "nome", "id", "plantas", "parcelamento_max", "previsao_entrega", "metragem_max", "geo", "areas_comuns", "entrega_contratual", "tabela")
 at [Source: REDACTED (`StreamReadFeature.INCLUDE_SOURCE_IN_LOCATION` disabled); line: 1, column: 78] (through reference chain: crm_imobiliario.back.model.service.empreendimento.GuiaParserService$EmpreendimentoGuia["ativo"])
2026-09-15T22:42:22.616-03:00  INFO 28724 --- [back] [       crm-seed] c.b.m.s.e.GuiaParserService              : Guia carregado via HTML: 0 empreendimentos de C:\Users\isabe\Desktop\imoveis\guia-de-bolso.html
2026-09-15T22:42:22.616-03:00  WARN 28724 --- [back] [       crm-seed] c.b.m.s.e.GuiaParserService              : Nenhum Guia encontrado (json=.\data\guia-de-bolso_empreendimentos.json, html=.\guia-de-bolso.html)
2026-09-15T22:42:22.616-03:00  WARN 28724 --- [back] [       crm-seed] c.b.m.s.e.GuiaParserService              : Nenhum Guia encontrado (json=.\data\guia-de-bolso_empreendimentos.json, html=.\data\guia-de-bolso.html)
2026-09-15T22:42:22.616-03:00  WARN 28724 --- [back] [       crm-seed] c.b.m.s.e.GuiaParserService              : Nenhum Guia encontrado (json=.\data\guia-de-bolso_empreendimentos.json, html=guia-de-bolso.html)
2026-09-15T22:42:22.629-03:00  WARN 28724 --- [back] [       crm-seed] c.b.m.s.e.GuiaParserService              : Bloco Guia ignorado: Unrecognized field "ativo" (class crm_imobiliario.back.model.service.empreendimento.GuiaParserService$EmpreendimentoGuia), not marked as ignorable (25 known properties: "preco_min", "regiao", "cidade", "bairro", "pontos_referencia", "endereco", "slug", "resumo_10s", "descricao_resumo", "diferenciais", "uf", "status", "preco_max", "condicoes_comerciais", "metragem_min", "nome", "id", "plantas", "parcelamento_max", "previsao_entrega", "metragem_max", "geo", "areas_comuns", "entrega_contratual", "tabela")
 at [Source: REDACTED (`StreamReadFeature.INCLUDE_SOURCE_IN_LOCATION` disabled); line: 1, column: 90] (through reference chain: crm_imobiliario.back.model.service.empreendimento.GuiaParserService$EmpreendimentoGuia["ativo"])
2026-09-15T22:42:22.660-03:00  WARN 28724 --- [back] [       crm-seed] c.b.m.s.e.GuiaParserService              : Bloco Guia ignorado: Unrecognized field "ativo" (class crm_imobiliario.back.model.service.empreendimento.GuiaParserService$EmpreendimentoGuia), not marked as ignorable (25 known properties: "preco_min", "regiao", "cidade", "bairro", "pontos_referencia", "endereco", "slug", "resumo_10s", "descricao_resumo", "diferenciais", "uf", "status", "preco_max", "condicoes_comerciais", "metragem_min", "nome", "id", "plantas", "parcelamento_max", "previsao_entrega", "metragem_max", "geo", "areas_comuns", "entrega_contratual", "tabela")
 at [Source: REDACTED (`StreamReadFeature.INCLUDE_SOURCE_IN_LOCATION` disabled); line: 1, column: 87] (through reference chain: crm_imobiliario.back.model.service.empreendimento.GuiaParserService$EmpreendimentoGuia["ativo"])
2026-09-15T22:42:22.676-03:00  WARN 28724 --- [back] [       crm-seed] c.b.m.s.e.GuiaParserService              : Bloco Guia ignorado: Unrecognized field "ativo" (class crm_imobiliario.back.model.service.empreendimento.GuiaParserService$EmpreendimentoGuia), not marked as ignorable (25 known properties: "preco_min", "regiao", "cidade", "bairro", "pontos_referencia", "endereco", "slug", "resumo_10s", "descricao_resumo", "diferenciais", "uf", "status", "preco_max", "condicoes_comerciais", "metragem_min", "nome", "id", "plantas", "parcelamento_max", "previsao_entrega", "metragem_max", "geo", "areas_comuns", "entrega_contratual", "tabela")
 at [Source: REDACTED (`StreamReadFeature.INCLUDE_SOURCE_IN_LOCATION` disabled); line: 1, column: 82] (through reference chain: crm_imobiliario.back.model.service.empreendimento.GuiaParserService$EmpreendimentoGuia["ativo"])
2026-09-15T22:42:22.697-03:00  WARN 28724 --- [back] [       crm-seed] c.b.m.s.e.GuiaParserService              : Bloco Guia ignorado: Unrecognized field "ativo" (class crm_imobiliario.back.model.service.empreendimento.GuiaParserService$EmpreendimentoGuia), not marked as ignorable (25 known properties: "preco_min", "regiao", "cidade", "bairro", "pontos_referencia", "endereco", "slug", "resumo_10s", "descricao_resumo", "diferenciais", "uf", "status", "preco_max", "condicoes_comerciais", "metragem_min", "nome", "id", "plantas", "parcelamento_max", "previsao_entrega", "metragem_max", "geo", "areas_comuns", "entrega_contratual", "tabela")
 at [Source: REDACTED (`StreamReadFeature.INCLUDE_SOURCE_IN_LOCATION` disabled); line: 1, column: 84] (through reference chain: crm_imobiliario.back.model.service.empreendimento.GuiaParserService$EmpreendimentoGuia["ativo"])
2026-09-15T22:42:22.710-03:00  WARN 28724 --- [back] [       crm-seed] c.b.m.s.e.GuiaParserService              : Bloco Guia ignorado: Unrecognized field "ativo" (class crm_imobiliario.back.model.service.empreendimento.GuiaParserService$EmpreendimentoGuia), not marked as ignorable (25 known properties: "preco_min", "regiao", "cidade", "bairro", "pontos_referencia", "endereco", "slug", "resumo_10s", "descricao_resumo", "diferenciais", "uf", "status", "preco_max", "condicoes_comerciais", "metragem_min", "nome", "id", "plantas", "parcelamento_max", "previsao_entrega", "metragem_max", "geo", "areas_comuns", "entrega_contratual", "tabela")
 at [Source: REDACTED (`StreamReadFeature.INCLUDE_SOURCE_IN_LOCATION` disabled); line: 1, column: 78] (through reference chain: crm_imobiliario.back.model.service.empreendimento.GuiaParserService$EmpreendimentoGuia["ativo"])
2026-09-15T22:42:22.710-03:00  INFO 28724 --- [back] [       crm-seed] c.b.m.s.e.GuiaParserService              : Guia carregado via HTML: 0 empreendimentos de C:\Users\isabe\Desktop\imoveis\guia-de-bolso.html
2026-09-15T22:42:22.710-03:00  WARN 28724 --- [back] [       crm-seed] c.b.m.s.e.GuiaParserService              : Nenhum Guia encontrado (json=guia-de-bolso_empreendimentos.json, html=.\guia-de-bolso.html)
2026-09-15T22:42:22.710-03:00  WARN 28724 --- [back] [       crm-seed] c.b.m.s.e.GuiaParserService              : Nenhum Guia encontrado (json=guia-de-bolso_empreendimentos.json, html=.\data\guia-de-bolso.html)
2026-09-15T22:42:22.710-03:00  WARN 28724 --- [back] [       crm-seed] c.b.m.s.e.GuiaParserService              : Nenhum Guia encontrado (json=guia-de-bolso_empreendimentos.json, html=guia-de-bolso.html)
2026-09-15T22:42:22.736-03:00  WARN 28724 --- [back] [       crm-seed] c.b.m.s.e.GuiaParserService              : Bloco Guia ignorado: Unrecognized field "ativo" (class crm_imobiliario.back.model.service.empreendimento.GuiaParserService$EmpreendimentoGuia), not marked as ignorable (25 known properties: "preco_min", "regiao", "cidade", "bairro", "pontos_referencia", "endereco", "slug", "resumo_10s", "descricao_resumo", "diferenciais", "uf", "status", "preco_max", "condicoes_comerciais", "metragem_min", "nome", "id", "plantas", "parcelamento_max", "previsao_entrega", "metragem_max", "geo", "areas_comuns", "entrega_contratual", "tabela")
 at [Source: REDACTED (`StreamReadFeature.INCLUDE_SOURCE_IN_LOCATION` disabled); line: 1, column: 90] (through reference chain: crm_imobiliario.back.model.service.empreendimento.GuiaParserService$EmpreendimentoGuia["ativo"])
2026-09-15T22:42:22.766-03:00  WARN 28724 --- [back] [       crm-seed] c.b.m.s.e.GuiaParserService              : Bloco Guia ignorado: Unrecognized field "ativo" (class crm_imobiliario.back.model.service.empreendimento.GuiaParserService$EmpreendimentoGuia), not marked as ignorable (25 known properties: "preco_min", "regiao", "cidade", "bairro", "pontos_referencia", "endereco", "slug", "resumo_10s", "descricao_resumo", "diferenciais", "uf", "status", "preco_max", "condicoes_comerciais", "metragem_min", "nome", "id", "plantas", "parcelamento_max", "previsao_entrega", "metragem_max", "geo", "areas_comuns", "entrega_contratual", "tabela")
 at [Source: REDACTED (`StreamReadFeature.INCLUDE_SOURCE_IN_LOCATION` disabled); line: 1, column: 87] (through reference chain: crm_imobiliario.back.model.service.empreendimento.GuiaParserService$EmpreendimentoGuia["ativo"])
2026-09-15T22:42:22.783-03:00  WARN 28724 --- [back] [       crm-seed] c.b.m.s.e.GuiaParserService              : Bloco Guia ignorado: Unrecognized field "ativo" (class crm_imobiliario.back.model.service.empreendimento.GuiaParserService$EmpreendimentoGuia), not marked as ignorable (25 known properties: "preco_min", "regiao", "cidade", "bairro", "pontos_referencia", "endereco", "slug", "resumo_10s", "descricao_resumo", "diferenciais", "uf", "status", "preco_max", "condicoes_comerciais", "metragem_min", "nome", "id", "plantas", "parcelamento_max", "previsao_entrega", "metragem_max", "geo", "areas_comuns", "entrega_contratual", "tabela")
 at [Source: REDACTED (`StreamReadFeature.INCLUDE_SOURCE_IN_LOCATION` disabled); line: 1, column: 82] (through reference chain: crm_imobiliario.back.model.service.empreendimento.GuiaParserService$EmpreendimentoGuia["ativo"])
2026-09-15T22:42:22.799-03:00  WARN 28724 --- [back] [       crm-seed] c.b.m.s.e.GuiaParserService              : Bloco Guia ignorado: Unrecognized field "ativo" (class crm_imobiliario.back.model.service.empreendimento.GuiaParserService$EmpreendimentoGuia), not marked as ignorable (25 known properties: "preco_min", "regiao", "cidade", "bairro", "pontos_referencia", "endereco", "slug", "resumo_10s", "descricao_resumo", "diferenciais", "uf", "status", "preco_max", "condicoes_comerciais", "metragem_min", "nome", "id", "plantas", "parcelamento_max", "previsao_entrega", "metragem_max", "geo", "areas_comuns", "entrega_contratual", "tabela")
 at [Source: REDACTED (`StreamReadFeature.INCLUDE_SOURCE_IN_LOCATION` disabled); line: 1, column: 84] (through reference chain: crm_imobiliario.back.model.service.empreendimento.GuiaParserService$EmpreendimentoGuia["ativo"])
2026-09-15T22:42:22.815-03:00  WARN 28724 --- [back] [       crm-seed] c.b.m.s.e.GuiaParserService              : Bloco Guia ignorado: Unrecognized field "ativo" (class crm_imobiliario.back.model.service.empreendimento.GuiaParserService$EmpreendimentoGuia), not marked as ignorable (25 known properties: "preco_min", "regiao", "cidade", "bairro", "pontos_referencia", "endereco", "slug", "resumo_10s", "descricao_resumo", "diferenciais", "uf", "status", "preco_max", "condicoes_comerciais", "metragem_min", "nome", "id", "plantas", "parcelamento_max", "previsao_entrega", "metragem_max", "geo", "areas_comuns", "entrega_contratual", "tabela")
 at [Source: REDACTED (`StreamReadFeature.INCLUDE_SOURCE_IN_LOCATION` disabled); line: 1, column: 78] (through reference chain: crm_imobiliario.back.model.service.empreendimento.GuiaParserService$EmpreendimentoGuia["ativo"])
2026-09-15T22:42:22.815-03:00  INFO 28724 --- [back] [       crm-seed] c.b.m.s.e.GuiaParserService              : Guia carregado via HTML: 0 empreendimentos de C:\Users\isabe\Desktop\imoveis\guia-de-bolso.html
2026-09-15T22:42:22.831-03:00  WARN 28724 --- [back] [       crm-seed] c.b.m.s.e.GuiaParserService              : Falha ao ler JSON Guia C:\Users\isabe\Desktop\imoveis\guia-de-bolso_empreendimentos.json: Unrecognized field "ativo" (class crm_imobiliario.back.model.service.empreendimento.GuiaParserService$EmpreendimentoGuia), not marked as ignorable (25 known properties: "preco_min", "regiao", "cidade", "bairro", "pontos_referencia", "endereco", "slug", "resumo_10s", "descricao_resumo", "diferenciais", "uf", "status", "preco_max", "condicoes_comerciais", "metragem_min", "nome", "id", "plantas", "parcelamento_max", "previsao_entrega", "metragem_max", "geo", "areas_comuns", "entrega_contratual", "tabela")
 at [Source: REDACTED (`StreamReadFeature.INCLUDE_SOURCE_IN_LOCATION` disabled); line: 6, column: 18] (through reference chain: java.util.ArrayList[0]->crm_imobiliario.back.model.service.empreendimento.GuiaParserService$EmpreendimentoGuia["ativo"])
2026-09-15T22:42:22.831-03:00  WARN 28724 --- [back] [       crm-seed] c.b.m.s.e.GuiaParserService              : Nenhum Guia encontrado (json=C:\Users\isabe\Desktop\imoveis\guia-de-bolso_empreendimentos.json, html=.\guia-de-bolso.html)
2026-09-15T22:42:22.831-03:00  WARN 28724 --- [back] [       crm-seed] c.b.m.s.e.GuiaParserService              : Falha ao ler JSON Guia C:\Users\isabe\Desktop\imoveis\guia-de-bolso_empreendimentos.json: Unrecognized field "ativo" (class crm_imobiliario.back.model.service.empreendimento.GuiaParserService$EmpreendimentoGuia), not marked as ignorable (25 known properties: "preco_min", "regiao", "cidade", "bairro", "pontos_referencia", "endereco", "slug", "resumo_10s", "descricao_resumo", "diferenciais", "uf", "status", "preco_max", "condicoes_comerciais", "metragem_min", "nome", "id", "plantas", "parcelamento_max", "previsao_entrega", "metragem_max", "geo", "areas_comuns", "entrega_contratual", "tabela")
 at [Source: REDACTED (`StreamReadFeature.INCLUDE_SOURCE_IN_LOCATION` disabled); line: 6, column: 18] (through reference chain: java.util.ArrayList[0]->crm_imobiliario.back.model.service.empreendimento.GuiaParserService$EmpreendimentoGuia["ativo"])
2026-09-15T22:42:22.831-03:00  WARN 28724 --- [back] [       crm-seed] c.b.m.s.e.GuiaParserService              : Nenhum Guia encontrado (json=C:\Users\isabe\Desktop\imoveis\guia-de-bolso_empreendimentos.json, html=.\data\guia-de-bolso.html)
2026-09-15T22:42:22.847-03:00  WARN 28724 --- [back] [       crm-seed] c.b.m.s.e.GuiaParserService              : Falha ao ler JSON Guia C:\Users\isabe\Desktop\imoveis\guia-de-bolso_empreendimentos.json: Unrecognized field "ativo" (class crm_imobiliario.back.model.service.empreendimento.GuiaParserService$EmpreendimentoGuia), not marked as ignorable (25 known properties: "preco_min", "regiao", "cidade", "bairro", "pontos_referencia", "endereco", "slug", "resumo_10s", "descricao_resumo", "diferenciais", "uf", "status", "preco_max", "condicoes_comerciais", "metragem_min", "nome", "id", "plantas", "parcelamento_max", "previsao_entrega", "metragem_max", "geo", "areas_comuns", "entrega_contratual", "tabela")
 at [Source: REDACTED (`StreamReadFeature.INCLUDE_SOURCE_IN_LOCATION` disabled); line: 6, column: 18] (through reference chain: java.util.ArrayList[0]->crm_imobiliario.back.model.service.empreendimento.GuiaParserService$EmpreendimentoGuia["ativo"])
2026-09-15T22:42:22.847-03:00  WARN 28724 --- [back] [       crm-seed] c.b.m.s.e.GuiaParserService              : Nenhum Guia encontrado (json=C:\Users\isabe\Desktop\imoveis\guia-de-bolso_empreendimentos.json, html=guia-de-bolso.html)
2026-09-15T22:42:22.856-03:00  WARN 28724 --- [back] [       crm-seed] c.b.m.s.e.GuiaParserService              : Falha ao ler JSON Guia C:\Users\isabe\Desktop\imoveis\guia-de-bolso_empreendimentos.json: Unrecognized field "ativo" (class crm_imobiliario.back.model.service.empreendimento.GuiaParserService$EmpreendimentoGuia), not marked as ignorable (25 known properties: "preco_min", "regiao", "cidade", "bairro", "pontos_referencia", "endereco", "slug", "resumo_10s", "descricao_resumo", "diferenciais", "uf", "status", "preco_max", "condicoes_comerciais", "metragem_min", "nome", "id", "plantas", "parcelamento_max", "previsao_entrega", "metragem_max", "geo", "areas_comuns", "entrega_contratual", "tabela")
 at [Source: REDACTED (`StreamReadFeature.INCLUDE_SOURCE_IN_LOCATION` disabled); line: 6, column: 18] (through reference chain: java.util.ArrayList[0]->crm_imobiliario.back.model.service.empreendimento.GuiaParserService$EmpreendimentoGuia["ativo"])
2026-09-15T22:42:22.878-03:00  WARN 28724 --- [back] [       crm-seed] c.b.m.s.e.GuiaParserService              : Bloco Guia ignorado: Unrecognized field "ativo" (class crm_imobiliario.back.model.service.empreendimento.GuiaParserService$EmpreendimentoGuia), not marked as ignorable (25 known properties: "preco_min", "regiao", "cidade", "bairro", "pontos_referencia", "endereco", "slug", "resumo_10s", "descricao_resumo", "diferenciais", "uf", "status", "preco_max", "condicoes_comerciais", "metragem_min", "nome", "id", "plantas", "parcelamento_max", "previsao_entrega", "metragem_max", "geo", "areas_comuns", "entrega_contratual", "tabela")
 at [Source: REDACTED (`StreamReadFeature.INCLUDE_SOURCE_IN_LOCATION` disabled); line: 1, column: 90] (through reference chain: crm_imobiliario.back.model.service.empreendimento.GuiaParserService$EmpreendimentoGuia["ativo"])
2026-09-15T22:42:22.910-03:00  WARN 28724 --- [back] [       crm-seed] c.b.m.s.e.GuiaParserService              : Bloco Guia ignorado: Unrecognized field "ativo" (class crm_imobiliario.back.model.service.empreendimento.GuiaParserService$EmpreendimentoGuia), not marked as ignorable (25 known properties: "preco_min", "regiao", "cidade", "bairro", "pontos_referencia", "endereco", "slug", "resumo_10s", "descricao_resumo", "diferenciais", "uf", "status", "preco_max", "condicoes_comerciais", "metragem_min", "nome", "id", "plantas", "parcelamento_max", "previsao_entrega", "metragem_max", "geo", "areas_comuns", "entrega_contratual", "tabela")
 at [Source: REDACTED (`StreamReadFeature.INCLUDE_SOURCE_IN_LOCATION` disabled); line: 1, column: 87] (through reference chain: crm_imobiliario.back.model.service.empreendimento.GuiaParserService$EmpreendimentoGuia["ativo"])
2026-09-15T22:42:22.930-03:00  WARN 28724 --- [back] [       crm-seed] c.b.m.s.e.GuiaParserService              : Bloco Guia ignorado: Unrecognized field "ativo" (class crm_imobiliario.back.model.service.empreendimento.GuiaParserService$EmpreendimentoGuia), not marked as ignorable (25 known properties: "preco_min", "regiao", "cidade", "bairro", "pontos_referencia", "endereco", "slug", "resumo_10s", "descricao_resumo", "diferenciais", "uf", "status", "preco_max", "condicoes_comerciais", "metragem_min", "nome", "id", "plantas", "parcelamento_max", "previsao_entrega", "metragem_max", "geo", "areas_comuns", "entrega_contratual", "tabela")
 at [Source: REDACTED (`StreamReadFeature.INCLUDE_SOURCE_IN_LOCATION` disabled); line: 1, column: 82] (through reference chain: crm_imobiliario.back.model.service.empreendimento.GuiaParserService$EmpreendimentoGuia["ativo"])
2026-09-15T22:42:22.947-03:00  WARN 28724 --- [back] [       crm-seed] c.b.m.s.e.GuiaParserService              : Bloco Guia ignorado: Unrecognized field "ativo" (class crm_imobiliario.back.model.service.empreendimento.GuiaParserService$EmpreendimentoGuia), not marked as ignorable (25 known properties: "preco_min", "regiao", "cidade", "bairro", "pontos_referencia", "endereco", "slug", "resumo_10s", "descricao_resumo", "diferenciais", "uf", "status", "preco_max", "condicoes_comerciais", "metragem_min", "nome", "id", "plantas", "parcelamento_max", "previsao_entrega", "metragem_max", "geo", "areas_comuns", "entrega_contratual", "tabela")
 at [Source: REDACTED (`StreamReadFeature.INCLUDE_SOURCE_IN_LOCATION` disabled); line: 1, column: 84] (through reference chain: crm_imobiliario.back.model.service.empreendimento.GuiaParserService$EmpreendimentoGuia["ativo"])
2026-09-15T22:42:22.960-03:00  WARN 28724 --- [back] [       crm-seed] c.b.m.s.e.GuiaParserService              : Bloco Guia ignorado: Unrecognized field "ativo" (class crm_imobiliario.back.model.service.empreendimento.GuiaParserService$EmpreendimentoGuia), not marked as ignorable (25 known properties: "preco_min", "regiao", "cidade", "bairro", "pontos_referencia", "endereco", "slug", "resumo_10s", "descricao_resumo", "diferenciais", "uf", "status", "preco_max", "condicoes_comerciais", "metragem_min", "nome", "id", "plantas", "parcelamento_max", "previsao_entrega", "metragem_max", "geo", "areas_comuns", "entrega_contratual", "tabela")
 at [Source: REDACTED (`StreamReadFeature.INCLUDE_SOURCE_IN_LOCATION` disabled); line: 1, column: 78] (through reference chain: crm_imobiliario.back.model.service.empreendimento.GuiaParserService$EmpreendimentoGuia["ativo"])
2026-09-15T22:42:22.960-03:00  INFO 28724 --- [back] [       crm-seed] c.b.m.s.e.GuiaParserService              : Guia carregado via HTML: 0 empreendimentos de C:\Users\isabe\Desktop\imoveis\guia-de-bolso.html
2026-09-15T22:42:22.960-03:00  WARN 28724 --- [back] [       crm-seed] c.b.m.s.empreendimento.CrmSyncService    : CrmSyncService: nenhum Guia encontrado em candidatosJson=[.\guia-de-bolso_empreendimentos.json, .\data\guia-de-bolso_empreendimentos.json, guia-de-bolso_empreendimentos.json, C:\Users\isabe\Desktop\imoveis\guia-de-bolso_empreendimentos.json], candidatosHtml=[.\guia-de-bolso.html, .\data\guia-de-bolso.html, guia-de-bolso.html, C:\Users\isabe\Desktop\imoveis\guia-de-bolso.html]
2026-09-15T22:42:23.029-03:00  INFO 28724 --- [back] [       crm-seed] c.b.m.s.empreendimento.CrmSyncService    : Sync completa: total=17, sucesso=17, falha=0, disponiveis=16
2026-09-15T22:42:41.692-03:00  WARN 28724 --- [back] [nio-8080-exec-8] ration$PageModule$WarningLoggingModifier : Serializing PageImpl instances as-is is not supported, meaning that there is no guarantee about the stability of the resulting JSON structure!
	For a stable JSON structure, please use Spring Data's PagedModel (globally via @EnableSpringDataWebSupport(pageSerializationMode = VIA_DTO))
	or Spring HATEOAS and Spring Data's PagedResourcesAssembler as documented in https://docs.spring.io/spring-data/commons/reference/repositories/core-extensions.html#core.web.pageables.

2026-09-16T05:03:43.441-03:00  WARN 28724 --- [back] [l-1:housekeeper] com.zaxxer.hikari.pool.HikariPool        : HikariPool-1 - Thread starvation or clock leap detected (housekeeper delta=6h16m31s61ms737µs700ns).
2026-09-16T20:08:19.735-03:00  WARN 28724 --- [back] [l-1:housekeeper] com.zaxxer.hikari.pool.HikariPool        : HikariPool-1 - Thread starvation or clock leap detected (housekeeper delta=15h4m38s439ms452µs800ns).
