[INFO] Scanning for projects...
[INFO] 
[INFO] ------------------------< crm_imobiliario:back >------------------------
[INFO] Building  0.0.1-SNAPSHOT
[INFO]   from pom.xml
[INFO] --------------------------------[ jar ]---------------------------------
[INFO] 
[INFO] >>> spring-boot:4.0.5:run (default-cli) > test-compile @ back >>>
[INFO] 
[INFO] --- resources:3.3.1:resources (default-resources) @ back ---
[INFO] Copying 1 resource from src\main\resources to target\classes
[INFO] Copying 1 resource from src\main\resources to target\classes
[INFO] 
[INFO] --- compiler:3.14.1:compile (default-compile) @ back ---
[INFO] Nothing to compile - all classes are up to date.
[INFO] 
[INFO] --- resources:3.3.1:testResources (default-testResources) @ back ---
[INFO] skip non existing resourceDirectory C:\Users\isabe\Desktop\imoveis\crm-imobiliario_backEnd\back\src\test\resources
[INFO] 
[INFO] --- compiler:3.14.1:testCompile (default-testCompile) @ back ---
[INFO] Nothing to compile - all classes are up to date.
[INFO] 
[INFO] <<< spring-boot:4.0.5:run (default-cli) < test-compile @ back <<<
[INFO] 
[INFO] 
[INFO] --- spring-boot:4.0.5:run (default-cli) @ back ---
[INFO] Attaching agents: []

  .   ____          _            __ _ _
 /\\ / ___'_ __ _ _(_)_ __  __ _ \ \ \ \
( ( )\___ | '_ | '_| | '_ \/ _` | \ \ \ \
 \\/  ___)| |_)| | | | | || (_| |  ) ) ) )
  '  |____| .__|_| |_|_| |_\__, | / / / /
 =========|_|==============|___/=/_/_/_/

 :: Spring Boot ::                (v4.0.5)

2026-09-13T22:25:50.528-03:00  INFO 5648 --- [back] [           main] crm_imobiliario.back.BackApplication     : Starting BackApplication using Java 21.0.12.1 with PID 5648 (C:\Users\isabe\Desktop\imoveis\crm-imobiliario_backEnd\back\target\classes started by isabe in C:\Users\isabe\Desktop\imoveis\crm-imobiliario_backEnd\back)
2026-09-13T22:25:50.536-03:00  INFO 5648 --- [back] [           main] crm_imobiliario.back.BackApplication     : No active profile set, falling back to 1 default profile: "default"
2026-09-13T22:25:51.602-03:00  INFO 5648 --- [back] [           main] .s.d.r.c.RepositoryConfigurationDelegate : Bootstrapping Spring Data JPA repositories in DEFAULT mode.
2026-09-13T22:25:51.790-03:00  INFO 5648 --- [back] [           main] .s.d.r.c.RepositoryConfigurationDelegate : Finished Spring Data repository scanning in 177 ms. Found 28 JPA repository interfaces.
2026-09-13T22:25:52.660-03:00  INFO 5648 --- [back] [           main] o.s.boot.tomcat.TomcatWebServer          : Tomcat initialized with port 8080 (http)
2026-09-13T22:25:52.681-03:00  INFO 5648 --- [back] [           main] o.apache.catalina.core.StandardService   : Starting service [Tomcat]
2026-09-13T22:25:52.681-03:00  INFO 5648 --- [back] [           main] o.apache.catalina.core.StandardEngine    : Starting Servlet engine: [Apache Tomcat/11.0.20]
2026-09-13T22:25:52.788-03:00  INFO 5648 --- [back] [           main] b.w.c.s.WebApplicationContextInitializer : Root WebApplicationContext: initialization completed in 2165 ms
2026-09-13T22:25:53.373-03:00  INFO 5648 --- [back] [           main] com.zaxxer.hikari.HikariDataSource       : HikariPool-1 - Starting...
2026-09-13T22:25:53.661-03:00  INFO 5648 --- [back] [           main] com.zaxxer.hikari.pool.HikariPool        : HikariPool-1 - Added connection org.postgresql.jdbc.PgConnection@5e385b6f
2026-09-13T22:25:53.665-03:00  INFO 5648 --- [back] [           main] com.zaxxer.hikari.HikariDataSource       : HikariPool-1 - Start completed.
2026-09-13T22:25:53.699-03:00  INFO 5648 --- [back] [           main] org.flywaydb.core.FlywayExecutor         : Database: jdbc:postgresql://localhost:5432/crm_corretora (PostgreSQL 17.11)
2026-09-13T22:25:53.824-03:00  INFO 5648 --- [back] [           main] o.f.core.internal.command.DbValidate     : Successfully validated 1 migration (execution time 00:00.065s)
2026-09-13T22:25:53.848-03:00  INFO 5648 --- [back] [           main] o.f.core.internal.command.DbMigrate      : Current version of schema "public": 1
2026-09-13T22:25:53.856-03:00  INFO 5648 --- [back] [           main] o.f.core.internal.command.DbMigrate      : Schema "public" is up to date. No migration necessary.
2026-09-13T22:25:53.995-03:00  INFO 5648 --- [back] [           main] org.hibernate.orm.jpa                    : HHH008540: Processing PersistenceUnitInfo [name: default]
2026-09-13T22:25:54.078-03:00  INFO 5648 --- [back] [           main] org.hibernate.orm.core                   : HHH000001: Hibernate ORM core version 7.2.7.Final
2026-09-13T22:25:54.758-03:00  INFO 5648 --- [back] [           main] o.s.o.j.p.SpringPersistenceUnitInfo      : No LoadTimeWeaver setup: ignoring JPA class transformer
2026-09-13T22:25:54.892-03:00  INFO 5648 --- [back] [           main] org.hibernate.orm.connections.pooling    : HHH10001005: Database info:
	Database JDBC URL [jdbc:postgresql://localhost:5432/crm_corretora]
	Database driver: PostgreSQL JDBC Driver
	Database dialect: PostgreSQLDialect
	Database version: 17.11
	Default catalog/schema: crm_corretora/public
	Autocommit mode: undefined/unknown
	Isolation level: READ_COMMITTED [default READ_COMMITTED]
	JDBC fetch size: none
	Pool: DataSourceConnectionProvider
	Minimum pool size: undefined/unknown
	Maximum pool size: undefined/unknown
2026-09-13T22:25:57.038-03:00  INFO 5648 --- [back] [           main] org.hibernate.orm.core                   : HHH000489: No JTA platform available (set 'hibernate.transaction.jta.platform' to enable JTA platform integration)
2026-09-13T22:25:57.126-03:00  INFO 5648 --- [back] [           main] j.LocalContainerEntityManagerFactoryBean : Initialized JPA EntityManagerFactory for persistence unit 'default'
2026-09-13T22:25:57.210-03:00  INFO 5648 --- [back] [           main] o.s.d.j.r.query.QueryEnhancerFactories   : Hibernate is in classpath; If applicable, HQL parser will be used.
2026-09-13T22:25:59.171-03:00  INFO 5648 --- [back] [           main] c.b.m.s.empreendimento.CrmSyncService    : CrmSyncService: sync no startup habilitado — agendando seed inicial
2026-09-13T22:25:59.564-03:00  WARN 5648 --- [back] [           main] JpaBaseConfiguration$JpaWebConfiguration : spring.jpa.open-in-view is enabled by default. Therefore, database queries may be performed during view rendering. Explicitly configure spring.jpa.open-in-view to disable this warning
2026-09-13T22:26:00.398-03:00  INFO 5648 --- [back] [           main] o.s.boot.tomcat.TomcatWebServer          : Tomcat started on port 8080 (http) with context path '/'
2026-09-13T22:26:00.408-03:00  INFO 5648 --- [back] [           main] crm_imobiliario.back.BackApplication     : Started BackApplication in 10.475 seconds (process running for 11.119)
2026-09-13T22:26:00.416-03:00  INFO 5648 --- [back] [   scheduling-1] c.b.m.s.empreendimento.CrmSyncService    : CrmSyncService agendado disparado
2026-09-13T22:26:00.416-03:00  WARN 5648 --- [back] [   scheduling-1] c.b.m.s.e.GuiaParserService              : Nenhum Guia encontrado (json=.\guia-de-bolso_empreendimentos.json, html=.\guia-de-bolso.html)
2026-09-13T22:26:00.416-03:00  WARN 5648 --- [back] [   scheduling-1] c.b.m.s.e.GuiaParserService              : Nenhum Guia encontrado (json=.\data\guia-de-bolso_empreendimentos.json, html=.\data\guia-de-bolso.html)
2026-09-13T22:26:00.416-03:00  WARN 5648 --- [back] [   scheduling-1] c.b.m.s.e.GuiaParserService              : Nenhum Guia encontrado (json=guia-de-bolso_empreendimentos.json, html=guia-de-bolso.html)
2026-09-13T22:26:00.448-03:00  WARN 5648 --- [back] [   scheduling-1] c.b.m.s.e.GuiaParserService              : Falha ao ler JSON Guia C:\Users\isabe\Desktop\imoveis\guia-de-bolso_empreendimentos.json: Unrecognized field "ativo" (class crm_imobiliario.back.model.service.empreendimento.GuiaParserService$EmpreendimentoGuia), not marked as ignorable (25 known properties: "preco_min", "regiao", "cidade", "bairro", "pontos_referencia", "endereco", "slug", "resumo_10s", "descricao_resumo", "diferenciais", "uf", "status", "preco_max", "condicoes_comerciais", "metragem_min", "nome", "id", "plantas", "parcelamento_max", "previsao_entrega", "metragem_max", "geo", "areas_comuns", "entrega_contratual", "tabela")
 at [Source: REDACTED (`StreamReadFeature.INCLUDE_SOURCE_IN_LOCATION` disabled); line: 6, column: 18] (through reference chain: java.util.ArrayList[0]->crm_imobiliario.back.model.service.empreendimento.GuiaParserService$EmpreendimentoGuia["ativo"])
2026-09-13T22:26:00.483-03:00  WARN 5648 --- [back] [   scheduling-1] c.b.m.s.e.GuiaParserService              : Bloco Guia ignorado: Unrecognized field "ativo" (class crm_imobiliario.back.model.service.empreendimento.GuiaParserService$EmpreendimentoGuia), not marked as ignorable (25 known properties: "preco_min", "regiao", "cidade", "bairro", "pontos_referencia", "endereco", "slug", "resumo_10s", "descricao_resumo", "diferenciais", "uf", "status", "preco_max", "condicoes_comerciais", "metragem_min", "nome", "id", "plantas", "parcelamento_max", "previsao_entrega", "metragem_max", "geo", "areas_comuns", "entrega_contratual", "tabela")
 at [Source: REDACTED (`StreamReadFeature.INCLUDE_SOURCE_IN_LOCATION` disabled); line: 1, column: 90] (through reference chain: crm_imobiliario.back.model.service.empreendimento.GuiaParserService$EmpreendimentoGuia["ativo"])
2026-09-13T22:26:00.493-03:00  INFO 5648 --- [back] [nio-8080-exec-1] o.a.c.c.C.[Tomcat].[localhost].[/]       : Initializing Spring DispatcherServlet 'dispatcherServlet'
2026-09-13T22:26:00.493-03:00  INFO 5648 --- [back] [nio-8080-exec-1] o.s.web.servlet.DispatcherServlet        : Initializing Servlet 'dispatcherServlet'
2026-09-13T22:26:00.493-03:00  INFO 5648 --- [back] [nio-8080-exec-1] o.s.web.servlet.DispatcherServlet        : Completed initialization in 0 ms
2026-09-13T22:26:00.504-03:00  WARN 5648 --- [back] [   scheduling-1] c.b.m.s.e.GuiaParserService              : Bloco Guia ignorado: Unrecognized field "ativo" (class crm_imobiliario.back.model.service.empreendimento.GuiaParserService$EmpreendimentoGuia), not marked as ignorable (25 known properties: "preco_min", "regiao", "cidade", "bairro", "pontos_referencia", "endereco", "slug", "resumo_10s", "descricao_resumo", "diferenciais", "uf", "status", "preco_max", "condicoes_comerciais", "metragem_min", "nome", "id", "plantas", "parcelamento_max", "previsao_entrega", "metragem_max", "geo", "areas_comuns", "entrega_contratual", "tabela")
 at [Source: REDACTED (`StreamReadFeature.INCLUDE_SOURCE_IN_LOCATION` disabled); line: 1, column: 87] (through reference chain: crm_imobiliario.back.model.service.empreendimento.GuiaParserService$EmpreendimentoGuia["ativo"])
2026-09-13T22:26:00.523-03:00  WARN 5648 --- [back] [   scheduling-1] c.b.m.s.e.GuiaParserService              : Bloco Guia ignorado: Unrecognized field "ativo" (class crm_imobiliario.back.model.service.empreendimento.GuiaParserService$EmpreendimentoGuia), not marked as ignorable (25 known properties: "preco_min", "regiao", "cidade", "bairro", "pontos_referencia", "endereco", "slug", "resumo_10s", "descricao_resumo", "diferenciais", "uf", "status", "preco_max", "condicoes_comerciais", "metragem_min", "nome", "id", "plantas", "parcelamento_max", "previsao_entrega", "metragem_max", "geo", "areas_comuns", "entrega_contratual", "tabela")
 at [Source: REDACTED (`StreamReadFeature.INCLUDE_SOURCE_IN_LOCATION` disabled); line: 1, column: 82] (through reference chain: crm_imobiliario.back.model.service.empreendimento.GuiaParserService$EmpreendimentoGuia["ativo"])
2026-09-13T22:26:00.541-03:00  WARN 5648 --- [back] [   scheduling-1] c.b.m.s.e.GuiaParserService              : Bloco Guia ignorado: Unrecognized field "ativo" (class crm_imobiliario.back.model.service.empreendimento.GuiaParserService$EmpreendimentoGuia), not marked as ignorable (25 known properties: "preco_min", "regiao", "cidade", "bairro", "pontos_referencia", "endereco", "slug", "resumo_10s", "descricao_resumo", "diferenciais", "uf", "status", "preco_max", "condicoes_comerciais", "metragem_min", "nome", "id", "plantas", "parcelamento_max", "previsao_entrega", "metragem_max", "geo", "areas_comuns", "entrega_contratual", "tabela")
 at [Source: REDACTED (`StreamReadFeature.INCLUDE_SOURCE_IN_LOCATION` disabled); line: 1, column: 84] (through reference chain: crm_imobiliario.back.model.service.empreendimento.GuiaParserService$EmpreendimentoGuia["ativo"])
2026-09-13T22:26:00.558-03:00  WARN 5648 --- [back] [   scheduling-1] c.b.m.s.e.GuiaParserService              : Bloco Guia ignorado: Unrecognized field "ativo" (class crm_imobiliario.back.model.service.empreendimento.GuiaParserService$EmpreendimentoGuia), not marked as ignorable (25 known properties: "preco_min", "regiao", "cidade", "bairro", "pontos_referencia", "endereco", "slug", "resumo_10s", "descricao_resumo", "diferenciais", "uf", "status", "preco_max", "condicoes_comerciais", "metragem_min", "nome", "id", "plantas", "parcelamento_max", "previsao_entrega", "metragem_max", "geo", "areas_comuns", "entrega_contratual", "tabela")
 at [Source: REDACTED (`StreamReadFeature.INCLUDE_SOURCE_IN_LOCATION` disabled); line: 1, column: 78] (through reference chain: crm_imobiliario.back.model.service.empreendimento.GuiaParserService$EmpreendimentoGuia["ativo"])
2026-09-13T22:26:00.558-03:00  INFO 5648 --- [back] [   scheduling-1] c.b.m.s.e.GuiaParserService              : Guia carregado via HTML: 0 empreendimentos de C:\Users\isabe\Desktop\imoveis\guia-de-bolso.html
2026-09-13T22:26:00.558-03:00  WARN 5648 --- [back] [   scheduling-1] c.b.m.s.e.GuiaParserService              : Nenhum Guia encontrado (json=.\guia-de-bolso_empreendimentos.json, html=.\guia-de-bolso.html)
2026-09-13T22:26:00.558-03:00  WARN 5648 --- [back] [   scheduling-1] c.b.m.s.e.GuiaParserService              : Nenhum Guia encontrado (json=.\guia-de-bolso_empreendimentos.json, html=.\data\guia-de-bolso.html)
2026-09-13T22:26:00.560-03:00  WARN 5648 --- [back] [   scheduling-1] c.b.m.s.e.GuiaParserService              : Nenhum Guia encontrado (json=.\guia-de-bolso_empreendimentos.json, html=guia-de-bolso.html)
2026-09-13T22:26:00.588-03:00  WARN 5648 --- [back] [   scheduling-1] c.b.m.s.e.GuiaParserService              : Bloco Guia ignorado: Unrecognized field "ativo" (class crm_imobiliario.back.model.service.empreendimento.GuiaParserService$EmpreendimentoGuia), not marked as ignorable (25 known properties: "preco_min", "regiao", "cidade", "bairro", "pontos_referencia", "endereco", "slug", "resumo_10s", "descricao_resumo", "diferenciais", "uf", "status", "preco_max", "condicoes_comerciais", "metragem_min", "nome", "id", "plantas", "parcelamento_max", "previsao_entrega", "metragem_max", "geo", "areas_comuns", "entrega_contratual", "tabela")
 at [Source: REDACTED (`StreamReadFeature.INCLUDE_SOURCE_IN_LOCATION` disabled); line: 1, column: 90] (through reference chain: crm_imobiliario.back.model.service.empreendimento.GuiaParserService$EmpreendimentoGuia["ativo"])
2026-09-13T22:26:00.608-03:00  WARN 5648 --- [back] [   scheduling-1] c.b.m.s.e.GuiaParserService              : Bloco Guia ignorado: Unrecognized field "ativo" (class crm_imobiliario.back.model.service.empreendimento.GuiaParserService$EmpreendimentoGuia), not marked as ignorable (25 known properties: "preco_min", "regiao", "cidade", "bairro", "pontos_referencia", "endereco", "slug", "resumo_10s", "descricao_resumo", "diferenciais", "uf", "status", "preco_max", "condicoes_comerciais", "metragem_min", "nome", "id", "plantas", "parcelamento_max", "previsao_entrega", "metragem_max", "geo", "areas_comuns", "entrega_contratual", "tabela")
 at [Source: REDACTED (`StreamReadFeature.INCLUDE_SOURCE_IN_LOCATION` disabled); line: 1, column: 87] (through reference chain: crm_imobiliario.back.model.service.empreendimento.GuiaParserService$EmpreendimentoGuia["ativo"])
2026-09-13T22:26:00.630-03:00  WARN 5648 --- [back] [   scheduling-1] c.b.m.s.e.GuiaParserService              : Bloco Guia ignorado: Unrecognized field "ativo" (class crm_imobiliario.back.model.service.empreendimento.GuiaParserService$EmpreendimentoGuia), not marked as ignorable (25 known properties: "preco_min", "regiao", "cidade", "bairro", "pontos_referencia", "endereco", "slug", "resumo_10s", "descricao_resumo", "diferenciais", "uf", "status", "preco_max", "condicoes_comerciais", "metragem_min", "nome", "id", "plantas", "parcelamento_max", "previsao_entrega", "metragem_max", "geo", "areas_comuns", "entrega_contratual", "tabela")
 at [Source: REDACTED (`StreamReadFeature.INCLUDE_SOURCE_IN_LOCATION` disabled); line: 1, column: 82] (through reference chain: crm_imobiliario.back.model.service.empreendimento.GuiaParserService$EmpreendimentoGuia["ativo"])
2026-09-13T22:26:00.646-03:00  WARN 5648 --- [back] [   scheduling-1] c.b.m.s.e.GuiaParserService              : Bloco Guia ignorado: Unrecognized field "ativo" (class crm_imobiliario.back.model.service.empreendimento.GuiaParserService$EmpreendimentoGuia), not marked as ignorable (25 known properties: "preco_min", "regiao", "cidade", "bairro", "pontos_referencia", "endereco", "slug", "resumo_10s", "descricao_resumo", "diferenciais", "uf", "status", "preco_max", "condicoes_comerciais", "metragem_min", "nome", "id", "plantas", "parcelamento_max", "previsao_entrega", "metragem_max", "geo", "areas_comuns", "entrega_contratual", "tabela")
 at [Source: REDACTED (`StreamReadFeature.INCLUDE_SOURCE_IN_LOCATION` disabled); line: 1, column: 84] (through reference chain: crm_imobiliario.back.model.service.empreendimento.GuiaParserService$EmpreendimentoGuia["ativo"])
2026-09-13T22:26:00.675-03:00  WARN 5648 --- [back] [   scheduling-1] c.b.m.s.e.GuiaParserService              : Bloco Guia ignorado: Unrecognized field "ativo" (class crm_imobiliario.back.model.service.empreendimento.GuiaParserService$EmpreendimentoGuia), not marked as ignorable (25 known properties: "preco_min", "regiao", "cidade", "bairro", "pontos_referencia", "endereco", "slug", "resumo_10s", "descricao_resumo", "diferenciais", "uf", "status", "preco_max", "condicoes_comerciais", "metragem_min", "nome", "id", "plantas", "parcelamento_max", "previsao_entrega", "metragem_max", "geo", "areas_comuns", "entrega_contratual", "tabela")
 at [Source: REDACTED (`StreamReadFeature.INCLUDE_SOURCE_IN_LOCATION` disabled); line: 1, column: 78] (through reference chain: crm_imobiliario.back.model.service.empreendimento.GuiaParserService$EmpreendimentoGuia["ativo"])
2026-09-13T22:26:00.675-03:00  INFO 5648 --- [back] [   scheduling-1] c.b.m.s.e.GuiaParserService              : Guia carregado via HTML: 0 empreendimentos de C:\Users\isabe\Desktop\imoveis\guia-de-bolso.html
2026-09-13T22:26:00.675-03:00  WARN 5648 --- [back] [   scheduling-1] c.b.m.s.e.GuiaParserService              : Nenhum Guia encontrado (json=.\data\guia-de-bolso_empreendimentos.json, html=.\guia-de-bolso.html)
2026-09-13T22:26:00.677-03:00  WARN 5648 --- [back] [   scheduling-1] c.b.m.s.e.GuiaParserService              : Nenhum Guia encontrado (json=.\data\guia-de-bolso_empreendimentos.json, html=.\data\guia-de-bolso.html)
2026-09-13T22:26:00.677-03:00  WARN 5648 --- [back] [   scheduling-1] c.b.m.s.e.GuiaParserService              : Nenhum Guia encontrado (json=.\data\guia-de-bolso_empreendimentos.json, html=guia-de-bolso.html)
2026-09-13T22:26:00.710-03:00  WARN 5648 --- [back] [   scheduling-1] c.b.m.s.e.GuiaParserService              : Bloco Guia ignorado: Unrecognized field "ativo" (class crm_imobiliario.back.model.service.empreendimento.GuiaParserService$EmpreendimentoGuia), not marked as ignorable (25 known properties: "preco_min", "regiao", "cidade", "bairro", "pontos_referencia", "endereco", "slug", "resumo_10s", "descricao_resumo", "diferenciais", "uf", "status", "preco_max", "condicoes_comerciais", "metragem_min", "nome", "id", "plantas", "parcelamento_max", "previsao_entrega", "metragem_max", "geo", "areas_comuns", "entrega_contratual", "tabela")
 at [Source: REDACTED (`StreamReadFeature.INCLUDE_SOURCE_IN_LOCATION` disabled); line: 1, column: 90] (through reference chain: crm_imobiliario.back.model.service.empreendimento.GuiaParserService$EmpreendimentoGuia["ativo"])
2026-09-13T22:26:00.737-03:00  WARN 5648 --- [back] [   scheduling-1] c.b.m.s.e.GuiaParserService              : Bloco Guia ignorado: Unrecognized field "ativo" (class crm_imobiliario.back.model.service.empreendimento.GuiaParserService$EmpreendimentoGuia), not marked as ignorable (25 known properties: "preco_min", "regiao", "cidade", "bairro", "pontos_referencia", "endereco", "slug", "resumo_10s", "descricao_resumo", "diferenciais", "uf", "status", "preco_max", "condicoes_comerciais", "metragem_min", "nome", "id", "plantas", "parcelamento_max", "previsao_entrega", "metragem_max", "geo", "areas_comuns", "entrega_contratual", "tabela")
 at [Source: REDACTED (`StreamReadFeature.INCLUDE_SOURCE_IN_LOCATION` disabled); line: 1, column: 87] (through reference chain: crm_imobiliario.back.model.service.empreendimento.GuiaParserService$EmpreendimentoGuia["ativo"])
2026-09-13T22:26:00.744-03:00  WARN 5648 --- [back] [nio-8080-exec-1] c.back.util.GlobalExceptionHandler       : [b78ccb9c-0582-4e51-a334-5d72c477e1ce] Validation error on /login: {senha=A senha é obrigatória, email=O e-mail é obrigatório}
2026-09-13T22:26:00.756-03:00  WARN 5648 --- [back] [   scheduling-1] c.b.m.s.e.GuiaParserService              : Bloco Guia ignorado: Unrecognized field "ativo" (class crm_imobiliario.back.model.service.empreendimento.GuiaParserService$EmpreendimentoGuia), not marked as ignorable (25 known properties: "preco_min", "regiao", "cidade", "bairro", "pontos_referencia", "endereco", "slug", "resumo_10s", "descricao_resumo", "diferenciais", "uf", "status", "preco_max", "condicoes_comerciais", "metragem_min", "nome", "id", "plantas", "parcelamento_max", "previsao_entrega", "metragem_max", "geo", "areas_comuns", "entrega_contratual", "tabela")
 at [Source: REDACTED (`StreamReadFeature.INCLUDE_SOURCE_IN_LOCATION` disabled); line: 1, column: 82] (through reference chain: crm_imobiliario.back.model.service.empreendimento.GuiaParserService$EmpreendimentoGuia["ativo"])
2026-09-13T22:26:00.772-03:00  WARN 5648 --- [back] [   scheduling-1] c.b.m.s.e.GuiaParserService              : Bloco Guia ignorado: Unrecognized field "ativo" (class crm_imobiliario.back.model.service.empreendimento.GuiaParserService$EmpreendimentoGuia), not marked as ignorable (25 known properties: "preco_min", "regiao", "cidade", "bairro", "pontos_referencia", "endereco", "slug", "resumo_10s", "descricao_resumo", "diferenciais", "uf", "status", "preco_max", "condicoes_comerciais", "metragem_min", "nome", "id", "plantas", "parcelamento_max", "previsao_entrega", "metragem_max", "geo", "areas_comuns", "entrega_contratual", "tabela")
 at [Source: REDACTED (`StreamReadFeature.INCLUDE_SOURCE_IN_LOCATION` disabled); line: 1, column: 84] (through reference chain: crm_imobiliario.back.model.service.empreendimento.GuiaParserService$EmpreendimentoGuia["ativo"])
2026-09-13T22:26:00.794-03:00  WARN 5648 --- [back] [   scheduling-1] c.b.m.s.e.GuiaParserService              : Bloco Guia ignorado: Unrecognized field "ativo" (class crm_imobiliario.back.model.service.empreendimento.GuiaParserService$EmpreendimentoGuia), not marked as ignorable (25 known properties: "preco_min", "regiao", "cidade", "bairro", "pontos_referencia", "endereco", "slug", "resumo_10s", "descricao_resumo", "diferenciais", "uf", "status", "preco_max", "condicoes_comerciais", "metragem_min", "nome", "id", "plantas", "parcelamento_max", "previsao_entrega", "metragem_max", "geo", "areas_comuns", "entrega_contratual", "tabela")
 at [Source: REDACTED (`StreamReadFeature.INCLUDE_SOURCE_IN_LOCATION` disabled); line: 1, column: 78] (through reference chain: crm_imobiliario.back.model.service.empreendimento.GuiaParserService$EmpreendimentoGuia["ativo"])
2026-09-13T22:26:00.794-03:00  INFO 5648 --- [back] [   scheduling-1] c.b.m.s.e.GuiaParserService              : Guia carregado via HTML: 0 empreendimentos de C:\Users\isabe\Desktop\imoveis\guia-de-bolso.html
2026-09-13T22:26:00.796-03:00  WARN 5648 --- [back] [   scheduling-1] c.b.m.s.e.GuiaParserService              : Nenhum Guia encontrado (json=guia-de-bolso_empreendimentos.json, html=.\guia-de-bolso.html)
2026-09-13T22:26:00.796-03:00  WARN 5648 --- [back] [   scheduling-1] c.b.m.s.e.GuiaParserService              : Nenhum Guia encontrado (json=guia-de-bolso_empreendimentos.json, html=.\data\guia-de-bolso.html)
2026-09-13T22:26:00.796-03:00  WARN 5648 --- [back] [   scheduling-1] c.b.m.s.e.GuiaParserService              : Nenhum Guia encontrado (json=guia-de-bolso_empreendimentos.json, html=guia-de-bolso.html)
2026-09-13T22:26:00.825-03:00  WARN 5648 --- [back] [   scheduling-1] c.b.m.s.e.GuiaParserService              : Bloco Guia ignorado: Unrecognized field "ativo" (class crm_imobiliario.back.model.service.empreendimento.GuiaParserService$EmpreendimentoGuia), not marked as ignorable (25 known properties: "preco_min", "regiao", "cidade", "bairro", "pontos_referencia", "endereco", "slug", "resumo_10s", "descricao_resumo", "diferenciais", "uf", "status", "preco_max", "condicoes_comerciais", "metragem_min", "nome", "id", "plantas", "parcelamento_max", "previsao_entrega", "metragem_max", "geo", "areas_comuns", "entrega_contratual", "tabela")
 at [Source: REDACTED (`StreamReadFeature.INCLUDE_SOURCE_IN_LOCATION` disabled); line: 1, column: 90] (through reference chain: crm_imobiliario.back.model.service.empreendimento.GuiaParserService$EmpreendimentoGuia["ativo"])
2026-09-13T22:26:00.849-03:00  WARN 5648 --- [back] [   scheduling-1] c.b.m.s.e.GuiaParserService              : Bloco Guia ignorado: Unrecognized field "ativo" (class crm_imobiliario.back.model.service.empreendimento.GuiaParserService$EmpreendimentoGuia), not marked as ignorable (25 known properties: "preco_min", "regiao", "cidade", "bairro", "pontos_referencia", "endereco", "slug", "resumo_10s", "descricao_resumo", "diferenciais", "uf", "status", "preco_max", "condicoes_comerciais", "metragem_min", "nome", "id", "plantas", "parcelamento_max", "previsao_entrega", "metragem_max", "geo", "areas_comuns", "entrega_contratual", "tabela")
 at [Source: REDACTED (`StreamReadFeature.INCLUDE_SOURCE_IN_LOCATION` disabled); line: 1, column: 87] (through reference chain: crm_imobiliario.back.model.service.empreendimento.GuiaParserService$EmpreendimentoGuia["ativo"])
2026-09-13T22:26:00.871-03:00  WARN 5648 --- [back] [   scheduling-1] c.b.m.s.e.GuiaParserService              : Bloco Guia ignorado: Unrecognized field "ativo" (class crm_imobiliario.back.model.service.empreendimento.GuiaParserService$EmpreendimentoGuia), not marked as ignorable (25 known properties: "preco_min", "regiao", "cidade", "bairro", "pontos_referencia", "endereco", "slug", "resumo_10s", "descricao_resumo", "diferenciais", "uf", "status", "preco_max", "condicoes_comerciais", "metragem_min", "nome", "id", "plantas", "parcelamento_max", "previsao_entrega", "metragem_max", "geo", "areas_comuns", "entrega_contratual", "tabela")
 at [Source: REDACTED (`StreamReadFeature.INCLUDE_SOURCE_IN_LOCATION` disabled); line: 1, column: 82] (through reference chain: crm_imobiliario.back.model.service.empreendimento.GuiaParserService$EmpreendimentoGuia["ativo"])
2026-09-13T22:26:00.893-03:00  WARN 5648 --- [back] [   scheduling-1] c.b.m.s.e.GuiaParserService              : Bloco Guia ignorado: Unrecognized field "ativo" (class crm_imobiliario.back.model.service.empreendimento.GuiaParserService$EmpreendimentoGuia), not marked as ignorable (25 known properties: "preco_min", "regiao", "cidade", "bairro", "pontos_referencia", "endereco", "slug", "resumo_10s", "descricao_resumo", "diferenciais", "uf", "status", "preco_max", "condicoes_comerciais", "metragem_min", "nome", "id", "plantas", "parcelamento_max", "previsao_entrega", "metragem_max", "geo", "areas_comuns", "entrega_contratual", "tabela")
 at [Source: REDACTED (`StreamReadFeature.INCLUDE_SOURCE_IN_LOCATION` disabled); line: 1, column: 84] (through reference chain: crm_imobiliario.back.model.service.empreendimento.GuiaParserService$EmpreendimentoGuia["ativo"])
2026-09-13T22:26:00.911-03:00  WARN 5648 --- [back] [   scheduling-1] c.b.m.s.e.GuiaParserService              : Bloco Guia ignorado: Unrecognized field "ativo" (class crm_imobiliario.back.model.service.empreendimento.GuiaParserService$EmpreendimentoGuia), not marked as ignorable (25 known properties: "preco_min", "regiao", "cidade", "bairro", "pontos_referencia", "endereco", "slug", "resumo_10s", "descricao_resumo", "diferenciais", "uf", "status", "preco_max", "condicoes_comerciais", "metragem_min", "nome", "id", "plantas", "parcelamento_max", "previsao_entrega", "metragem_max", "geo", "areas_comuns", "entrega_contratual", "tabela")
 at [Source: REDACTED (`StreamReadFeature.INCLUDE_SOURCE_IN_LOCATION` disabled); line: 1, column: 78] (through reference chain: crm_imobiliario.back.model.service.empreendimento.GuiaParserService$EmpreendimentoGuia["ativo"])
2026-09-13T22:26:00.911-03:00  INFO 5648 --- [back] [   scheduling-1] c.b.m.s.e.GuiaParserService              : Guia carregado via HTML: 0 empreendimentos de C:\Users\isabe\Desktop\imoveis\guia-de-bolso.html
2026-09-13T22:26:00.918-03:00  WARN 5648 --- [back] [   scheduling-1] c.b.m.s.e.GuiaParserService              : Falha ao ler JSON Guia C:\Users\isabe\Desktop\imoveis\guia-de-bolso_empreendimentos.json: Unrecognized field "ativo" (class crm_imobiliario.back.model.service.empreendimento.GuiaParserService$EmpreendimentoGuia), not marked as ignorable (25 known properties: "preco_min", "regiao", "cidade", "bairro", "pontos_referencia", "endereco", "slug", "resumo_10s", "descricao_resumo", "diferenciais", "uf", "status", "preco_max", "condicoes_comerciais", "metragem_min", "nome", "id", "plantas", "parcelamento_max", "previsao_entrega", "metragem_max", "geo", "areas_comuns", "entrega_contratual", "tabela")
 at [Source: REDACTED (`StreamReadFeature.INCLUDE_SOURCE_IN_LOCATION` disabled); line: 6, column: 18] (through reference chain: java.util.ArrayList[0]->crm_imobiliario.back.model.service.empreendimento.GuiaParserService$EmpreendimentoGuia["ativo"])
2026-09-13T22:26:00.918-03:00  WARN 5648 --- [back] [   scheduling-1] c.b.m.s.e.GuiaParserService              : Nenhum Guia encontrado (json=C:\Users\isabe\Desktop\imoveis\guia-de-bolso_empreendimentos.json, html=.\guia-de-bolso.html)
2026-09-13T22:26:00.928-03:00  WARN 5648 --- [back] [   scheduling-1] c.b.m.s.e.GuiaParserService              : Falha ao ler JSON Guia C:\Users\isabe\Desktop\imoveis\guia-de-bolso_empreendimentos.json: Unrecognized field "ativo" (class crm_imobiliario.back.model.service.empreendimento.GuiaParserService$EmpreendimentoGuia), not marked as ignorable (25 known properties: "preco_min", "regiao", "cidade", "bairro", "pontos_referencia", "endereco", "slug", "resumo_10s", "descricao_resumo", "diferenciais", "uf", "status", "preco_max", "condicoes_comerciais", "metragem_min", "nome", "id", "plantas", "parcelamento_max", "previsao_entrega", "metragem_max", "geo", "areas_comuns", "entrega_contratual", "tabela")
 at [Source: REDACTED (`StreamReadFeature.INCLUDE_SOURCE_IN_LOCATION` disabled); line: 6, column: 18] (through reference chain: java.util.ArrayList[0]->crm_imobiliario.back.model.service.empreendimento.GuiaParserService$EmpreendimentoGuia["ativo"])
2026-09-13T22:26:00.928-03:00  WARN 5648 --- [back] [   scheduling-1] c.b.m.s.e.GuiaParserService              : Nenhum Guia encontrado (json=C:\Users\isabe\Desktop\imoveis\guia-de-bolso_empreendimentos.json, html=.\data\guia-de-bolso.html)
2026-09-13T22:26:00.936-03:00  WARN 5648 --- [back] [   scheduling-1] c.b.m.s.e.GuiaParserService              : Falha ao ler JSON Guia C:\Users\isabe\Desktop\imoveis\guia-de-bolso_empreendimentos.json: Unrecognized field "ativo" (class crm_imobiliario.back.model.service.empreendimento.GuiaParserService$EmpreendimentoGuia), not marked as ignorable (25 known properties: "preco_min", "regiao", "cidade", "bairro", "pontos_referencia", "endereco", "slug", "resumo_10s", "descricao_resumo", "diferenciais", "uf", "status", "preco_max", "condicoes_comerciais", "metragem_min", "nome", "id", "plantas", "parcelamento_max", "previsao_entrega", "metragem_max", "geo", "areas_comuns", "entrega_contratual", "tabela")
 at [Source: REDACTED (`StreamReadFeature.INCLUDE_SOURCE_IN_LOCATION` disabled); line: 6, column: 18] (through reference chain: java.util.ArrayList[0]->crm_imobiliario.back.model.service.empreendimento.GuiaParserService$EmpreendimentoGuia["ativo"])
2026-09-13T22:26:00.938-03:00  WARN 5648 --- [back] [   scheduling-1] c.b.m.s.e.GuiaParserService              : Nenhum Guia encontrado (json=C:\Users\isabe\Desktop\imoveis\guia-de-bolso_empreendimentos.json, html=guia-de-bolso.html)
2026-09-13T22:26:00.961-03:00  WARN 5648 --- [back] [   scheduling-1] c.b.m.s.e.GuiaParserService              : Falha ao ler JSON Guia C:\Users\isabe\Desktop\imoveis\guia-de-bolso_empreendimentos.json: Unrecognized field "ativo" (class crm_imobiliario.back.model.service.empreendimento.GuiaParserService$EmpreendimentoGuia), not marked as ignorable (25 known properties: "preco_min", "regiao", "cidade", "bairro", "pontos_referencia", "endereco", "slug", "resumo_10s", "descricao_resumo", "diferenciais", "uf", "status", "preco_max", "condicoes_comerciais", "metragem_min", "nome", "id", "plantas", "parcelamento_max", "previsao_entrega", "metragem_max", "geo", "areas_comuns", "entrega_contratual", "tabela")
 at [Source: REDACTED (`StreamReadFeature.INCLUDE_SOURCE_IN_LOCATION` disabled); line: 6, column: 18] (through reference chain: java.util.ArrayList[0]->crm_imobiliario.back.model.service.empreendimento.GuiaParserService$EmpreendimentoGuia["ativo"])
2026-09-13T22:26:00.996-03:00  WARN 5648 --- [back] [   scheduling-1] c.b.m.s.e.GuiaParserService              : Bloco Guia ignorado: Unrecognized field "ativo" (class crm_imobiliario.back.model.service.empreendimento.GuiaParserService$EmpreendimentoGuia), not marked as ignorable (25 known properties: "preco_min", "regiao", "cidade", "bairro", "pontos_referencia", "endereco", "slug", "resumo_10s", "descricao_resumo", "diferenciais", "uf", "status", "preco_max", "condicoes_comerciais", "metragem_min", "nome", "id", "plantas", "parcelamento_max", "previsao_entrega", "metragem_max", "geo", "areas_comuns", "entrega_contratual", "tabela")
 at [Source: REDACTED (`StreamReadFeature.INCLUDE_SOURCE_IN_LOCATION` disabled); line: 1, column: 90] (through reference chain: crm_imobiliario.back.model.service.empreendimento.GuiaParserService$EmpreendimentoGuia["ativo"])
2026-09-13T22:26:01.013-03:00  WARN 5648 --- [back] [   scheduling-1] c.b.m.s.e.GuiaParserService              : Bloco Guia ignorado: Unrecognized field "ativo" (class crm_imobiliario.back.model.service.empreendimento.GuiaParserService$EmpreendimentoGuia), not marked as ignorable (25 known properties: "preco_min", "regiao", "cidade", "bairro", "pontos_referencia", "endereco", "slug", "resumo_10s", "descricao_resumo", "diferenciais", "uf", "status", "preco_max", "condicoes_comerciais", "metragem_min", "nome", "id", "plantas", "parcelamento_max", "previsao_entrega", "metragem_max", "geo", "areas_comuns", "entrega_contratual", "tabela")
 at [Source: REDACTED (`StreamReadFeature.INCLUDE_SOURCE_IN_LOCATION` disabled); line: 1, column: 87] (through reference chain: crm_imobiliario.back.model.service.empreendimento.GuiaParserService$EmpreendimentoGuia["ativo"])
2026-09-13T22:26:01.028-03:00  WARN 5648 --- [back] [   scheduling-1] c.b.m.s.e.GuiaParserService              : Bloco Guia ignorado: Unrecognized field "ativo" (class crm_imobiliario.back.model.service.empreendimento.GuiaParserService$EmpreendimentoGuia), not marked as ignorable (25 known properties: "preco_min", "regiao", "cidade", "bairro", "pontos_referencia", "endereco", "slug", "resumo_10s", "descricao_resumo", "diferenciais", "uf", "status", "preco_max", "condicoes_comerciais", "metragem_min", "nome", "id", "plantas", "parcelamento_max", "previsao_entrega", "metragem_max", "geo", "areas_comuns", "entrega_contratual", "tabela")
 at [Source: REDACTED (`StreamReadFeature.INCLUDE_SOURCE_IN_LOCATION` disabled); line: 1, column: 82] (through reference chain: crm_imobiliario.back.model.service.empreendimento.GuiaParserService$EmpreendimentoGuia["ativo"])
2026-09-13T22:26:01.046-03:00  WARN 5648 --- [back] [   scheduling-1] c.b.m.s.e.GuiaParserService              : Bloco Guia ignorado: Unrecognized field "ativo" (class crm_imobiliario.back.model.service.empreendimento.GuiaParserService$EmpreendimentoGuia), not marked as ignorable (25 known properties: "preco_min", "regiao", "cidade", "bairro", "pontos_referencia", "endereco", "slug", "resumo_10s", "descricao_resumo", "diferenciais", "uf", "status", "preco_max", "condicoes_comerciais", "metragem_min", "nome", "id", "plantas", "parcelamento_max", "previsao_entrega", "metragem_max", "geo", "areas_comuns", "entrega_contratual", "tabela")
 at [Source: REDACTED (`StreamReadFeature.INCLUDE_SOURCE_IN_LOCATION` disabled); line: 1, column: 84] (through reference chain: crm_imobiliario.back.model.service.empreendimento.GuiaParserService$EmpreendimentoGuia["ativo"])
2026-09-13T22:26:01.059-03:00  WARN 5648 --- [back] [   scheduling-1] c.b.m.s.e.GuiaParserService              : Bloco Guia ignorado: Unrecognized field "ativo" (class crm_imobiliario.back.model.service.empreendimento.GuiaParserService$EmpreendimentoGuia), not marked as ignorable (25 known properties: "preco_min", "regiao", "cidade", "bairro", "pontos_referencia", "endereco", "slug", "resumo_10s", "descricao_resumo", "diferenciais", "uf", "status", "preco_max", "condicoes_comerciais", "metragem_min", "nome", "id", "plantas", "parcelamento_max", "previsao_entrega", "metragem_max", "geo", "areas_comuns", "entrega_contratual", "tabela")
 at [Source: REDACTED (`StreamReadFeature.INCLUDE_SOURCE_IN_LOCATION` disabled); line: 1, column: 78] (through reference chain: crm_imobiliario.back.model.service.empreendimento.GuiaParserService$EmpreendimentoGuia["ativo"])
2026-09-13T22:26:01.059-03:00  INFO 5648 --- [back] [   scheduling-1] c.b.m.s.e.GuiaParserService              : Guia carregado via HTML: 0 empreendimentos de C:\Users\isabe\Desktop\imoveis\guia-de-bolso.html
2026-09-13T22:26:01.059-03:00  WARN 5648 --- [back] [   scheduling-1] c.b.m.s.empreendimento.CrmSyncService    : CrmSyncService: nenhum Guia encontrado em candidatosJson=[.\guia-de-bolso_empreendimentos.json, .\data\guia-de-bolso_empreendimentos.json, guia-de-bolso_empreendimentos.json, C:\Users\isabe\Desktop\imoveis\guia-de-bolso_empreendimentos.json], candidatosHtml=[.\guia-de-bolso.html, .\data\guia-de-bolso.html, guia-de-bolso.html, C:\Users\isabe\Desktop\imoveis\guia-de-bolso.html]
2026-09-13T22:26:01.297-03:00  INFO 5648 --- [back] [   scheduling-1] c.b.m.s.empreendimento.CrmSyncService    : Sync completa: total=17, sucesso=17, falha=0, disponiveis=16
2026-09-13T22:26:02.193-03:00  WARN 5648 --- [back] [       crm-seed] c.b.m.s.e.GuiaParserService              : Nenhum Guia encontrado (json=.\guia-de-bolso_empreendimentos.json, html=.\guia-de-bolso.html)
2026-09-13T22:26:02.193-03:00  WARN 5648 --- [back] [       crm-seed] c.b.m.s.e.GuiaParserService              : Nenhum Guia encontrado (json=.\data\guia-de-bolso_empreendimentos.json, html=.\data\guia-de-bolso.html)
2026-09-13T22:26:02.193-03:00  WARN 5648 --- [back] [       crm-seed] c.b.m.s.e.GuiaParserService              : Nenhum Guia encontrado (json=guia-de-bolso_empreendimentos.json, html=guia-de-bolso.html)
2026-09-13T22:26:02.204-03:00  WARN 5648 --- [back] [       crm-seed] c.b.m.s.e.GuiaParserService              : Falha ao ler JSON Guia C:\Users\isabe\Desktop\imoveis\guia-de-bolso_empreendimentos.json: Unrecognized field "ativo" (class crm_imobiliario.back.model.service.empreendimento.GuiaParserService$EmpreendimentoGuia), not marked as ignorable (25 known properties: "preco_min", "regiao", "cidade", "bairro", "pontos_referencia", "endereco", "slug", "resumo_10s", "descricao_resumo", "diferenciais", "uf", "status", "preco_max", "condicoes_comerciais", "metragem_min", "nome", "id", "plantas", "parcelamento_max", "previsao_entrega", "metragem_max", "geo", "areas_comuns", "entrega_contratual", "tabela")
 at [Source: REDACTED (`StreamReadFeature.INCLUDE_SOURCE_IN_LOCATION` disabled); line: 6, column: 18] (through reference chain: java.util.ArrayList[0]->crm_imobiliario.back.model.service.empreendimento.GuiaParserService$EmpreendimentoGuia["ativo"])
2026-09-13T22:26:02.235-03:00  WARN 5648 --- [back] [       crm-seed] c.b.m.s.e.GuiaParserService              : Bloco Guia ignorado: Unrecognized field "ativo" (class crm_imobiliario.back.model.service.empreendimento.GuiaParserService$EmpreendimentoGuia), not marked as ignorable (25 known properties: "preco_min", "regiao", "cidade", "bairro", "pontos_referencia", "endereco", "slug", "resumo_10s", "descricao_resumo", "diferenciais", "uf", "status", "preco_max", "condicoes_comerciais", "metragem_min", "nome", "id", "plantas", "parcelamento_max", "previsao_entrega", "metragem_max", "geo", "areas_comuns", "entrega_contratual", "tabela")
 at [Source: REDACTED (`StreamReadFeature.INCLUDE_SOURCE_IN_LOCATION` disabled); line: 1, column: 90] (through reference chain: crm_imobiliario.back.model.service.empreendimento.GuiaParserService$EmpreendimentoGuia["ativo"])
2026-09-13T22:26:02.252-03:00  WARN 5648 --- [back] [       crm-seed] c.b.m.s.e.GuiaParserService              : Bloco Guia ignorado: Unrecognized field "ativo" (class crm_imobiliario.back.model.service.empreendimento.GuiaParserService$EmpreendimentoGuia), not marked as ignorable (25 known properties: "preco_min", "regiao", "cidade", "bairro", "pontos_referencia", "endereco", "slug", "resumo_10s", "descricao_resumo", "diferenciais", "uf", "status", "preco_max", "condicoes_comerciais", "metragem_min", "nome", "id", "plantas", "parcelamento_max", "previsao_entrega", "metragem_max", "geo", "areas_comuns", "entrega_contratual", "tabela")
 at [Source: REDACTED (`StreamReadFeature.INCLUDE_SOURCE_IN_LOCATION` disabled); line: 1, column: 87] (through reference chain: crm_imobiliario.back.model.service.empreendimento.GuiaParserService$EmpreendimentoGuia["ativo"])
2026-09-13T22:26:02.277-03:00  WARN 5648 --- [back] [       crm-seed] c.b.m.s.e.GuiaParserService              : Bloco Guia ignorado: Unrecognized field "ativo" (class crm_imobiliario.back.model.service.empreendimento.GuiaParserService$EmpreendimentoGuia), not marked as ignorable (25 known properties: "preco_min", "regiao", "cidade", "bairro", "pontos_referencia", "endereco", "slug", "resumo_10s", "descricao_resumo", "diferenciais", "uf", "status", "preco_max", "condicoes_comerciais", "metragem_min", "nome", "id", "plantas", "parcelamento_max", "previsao_entrega", "metragem_max", "geo", "areas_comuns", "entrega_contratual", "tabela")
 at [Source: REDACTED (`StreamReadFeature.INCLUDE_SOURCE_IN_LOCATION` disabled); line: 1, column: 82] (through reference chain: crm_imobiliario.back.model.service.empreendimento.GuiaParserService$EmpreendimentoGuia["ativo"])
2026-09-13T22:26:02.299-03:00  WARN 5648 --- [back] [       crm-seed] c.b.m.s.e.GuiaParserService              : Bloco Guia ignorado: Unrecognized field "ativo" (class crm_imobiliario.back.model.service.empreendimento.GuiaParserService$EmpreendimentoGuia), not marked as ignorable (25 known properties: "preco_min", "regiao", "cidade", "bairro", "pontos_referencia", "endereco", "slug", "resumo_10s", "descricao_resumo", "diferenciais", "uf", "status", "preco_max", "condicoes_comerciais", "metragem_min", "nome", "id", "plantas", "parcelamento_max", "previsao_entrega", "metragem_max", "geo", "areas_comuns", "entrega_contratual", "tabela")
 at [Source: REDACTED (`StreamReadFeature.INCLUDE_SOURCE_IN_LOCATION` disabled); line: 1, column: 84] (through reference chain: crm_imobiliario.back.model.service.empreendimento.GuiaParserService$EmpreendimentoGuia["ativo"])
2026-09-13T22:26:02.323-03:00  WARN 5648 --- [back] [       crm-seed] c.b.m.s.e.GuiaParserService              : Bloco Guia ignorado: Unrecognized field "ativo" (class crm_imobiliario.back.model.service.empreendimento.GuiaParserService$EmpreendimentoGuia), not marked as ignorable (25 known properties: "preco_min", "regiao", "cidade", "bairro", "pontos_referencia", "endereco", "slug", "resumo_10s", "descricao_resumo", "diferenciais", "uf", "status", "preco_max", "condicoes_comerciais", "metragem_min", "nome", "id", "plantas", "parcelamento_max", "previsao_entrega", "metragem_max", "geo", "areas_comuns", "entrega_contratual", "tabela")
 at [Source: REDACTED (`StreamReadFeature.INCLUDE_SOURCE_IN_LOCATION` disabled); line: 1, column: 78] (through reference chain: crm_imobiliario.back.model.service.empreendimento.GuiaParserService$EmpreendimentoGuia["ativo"])
2026-09-13T22:26:02.323-03:00  INFO 5648 --- [back] [       crm-seed] c.b.m.s.e.GuiaParserService              : Guia carregado via HTML: 0 empreendimentos de C:\Users\isabe\Desktop\imoveis\guia-de-bolso.html
2026-09-13T22:26:02.323-03:00  WARN 5648 --- [back] [       crm-seed] c.b.m.s.e.GuiaParserService              : Nenhum Guia encontrado (json=.\guia-de-bolso_empreendimentos.json, html=.\guia-de-bolso.html)
2026-09-13T22:26:02.323-03:00  WARN 5648 --- [back] [       crm-seed] c.b.m.s.e.GuiaParserService              : Nenhum Guia encontrado (json=.\guia-de-bolso_empreendimentos.json, html=.\data\guia-de-bolso.html)
2026-09-13T22:26:02.323-03:00  WARN 5648 --- [back] [       crm-seed] c.b.m.s.e.GuiaParserService              : Nenhum Guia encontrado (json=.\guia-de-bolso_empreendimentos.json, html=guia-de-bolso.html)
2026-09-13T22:26:02.355-03:00  WARN 5648 --- [back] [       crm-seed] c.b.m.s.e.GuiaParserService              : Bloco Guia ignorado: Unrecognized field "ativo" (class crm_imobiliario.back.model.service.empreendimento.GuiaParserService$EmpreendimentoGuia), not marked as ignorable (25 known properties: "preco_min", "regiao", "cidade", "bairro", "pontos_referencia", "endereco", "slug", "resumo_10s", "descricao_resumo", "diferenciais", "uf", "status", "preco_max", "condicoes_comerciais", "metragem_min", "nome", "id", "plantas", "parcelamento_max", "previsao_entrega", "metragem_max", "geo", "areas_comuns", "entrega_contratual", "tabela")
 at [Source: REDACTED (`StreamReadFeature.INCLUDE_SOURCE_IN_LOCATION` disabled); line: 1, column: 90] (through reference chain: crm_imobiliario.back.model.service.empreendimento.GuiaParserService$EmpreendimentoGuia["ativo"])
2026-09-13T22:26:02.368-03:00  WARN 5648 --- [back] [       crm-seed] c.b.m.s.e.GuiaParserService              : Bloco Guia ignorado: Unrecognized field "ativo" (class crm_imobiliario.back.model.service.empreendimento.GuiaParserService$EmpreendimentoGuia), not marked as ignorable (25 known properties: "preco_min", "regiao", "cidade", "bairro", "pontos_referencia", "endereco", "slug", "resumo_10s", "descricao_resumo", "diferenciais", "uf", "status", "preco_max", "condicoes_comerciais", "metragem_min", "nome", "id", "plantas", "parcelamento_max", "previsao_entrega", "metragem_max", "geo", "areas_comuns", "entrega_contratual", "tabela")
 at [Source: REDACTED (`StreamReadFeature.INCLUDE_SOURCE_IN_LOCATION` disabled); line: 1, column: 87] (through reference chain: crm_imobiliario.back.model.service.empreendimento.GuiaParserService$EmpreendimentoGuia["ativo"])
2026-09-13T22:26:02.393-03:00  WARN 5648 --- [back] [       crm-seed] c.b.m.s.e.GuiaParserService              : Bloco Guia ignorado: Unrecognized field "ativo" (class crm_imobiliario.back.model.service.empreendimento.GuiaParserService$EmpreendimentoGuia), not marked as ignorable (25 known properties: "preco_min", "regiao", "cidade", "bairro", "pontos_referencia", "endereco", "slug", "resumo_10s", "descricao_resumo", "diferenciais", "uf", "status", "preco_max", "condicoes_comerciais", "metragem_min", "nome", "id", "plantas", "parcelamento_max", "previsao_entrega", "metragem_max", "geo", "areas_comuns", "entrega_contratual", "tabela")
 at [Source: REDACTED (`StreamReadFeature.INCLUDE_SOURCE_IN_LOCATION` disabled); line: 1, column: 82] (through reference chain: crm_imobiliario.back.model.service.empreendimento.GuiaParserService$EmpreendimentoGuia["ativo"])
2026-09-13T22:26:02.409-03:00  WARN 5648 --- [back] [       crm-seed] c.b.m.s.e.GuiaParserService              : Bloco Guia ignorado: Unrecognized field "ativo" (class crm_imobiliario.back.model.service.empreendimento.GuiaParserService$EmpreendimentoGuia), not marked as ignorable (25 known properties: "preco_min", "regiao", "cidade", "bairro", "pontos_referencia", "endereco", "slug", "resumo_10s", "descricao_resumo", "diferenciais", "uf", "status", "preco_max", "condicoes_comerciais", "metragem_min", "nome", "id", "plantas", "parcelamento_max", "previsao_entrega", "metragem_max", "geo", "areas_comuns", "entrega_contratual", "tabela")
 at [Source: REDACTED (`StreamReadFeature.INCLUDE_SOURCE_IN_LOCATION` disabled); line: 1, column: 84] (through reference chain: crm_imobiliario.back.model.service.empreendimento.GuiaParserService$EmpreendimentoGuia["ativo"])
2026-09-13T22:26:02.425-03:00  WARN 5648 --- [back] [       crm-seed] c.b.m.s.e.GuiaParserService              : Bloco Guia ignorado: Unrecognized field "ativo" (class crm_imobiliario.back.model.service.empreendimento.GuiaParserService$EmpreendimentoGuia), not marked as ignorable (25 known properties: "preco_min", "regiao", "cidade", "bairro", "pontos_referencia", "endereco", "slug", "resumo_10s", "descricao_resumo", "diferenciais", "uf", "status", "preco_max", "condicoes_comerciais", "metragem_min", "nome", "id", "plantas", "parcelamento_max", "previsao_entrega", "metragem_max", "geo", "areas_comuns", "entrega_contratual", "tabela")
 at [Source: REDACTED (`StreamReadFeature.INCLUDE_SOURCE_IN_LOCATION` disabled); line: 1, column: 78] (through reference chain: crm_imobiliario.back.model.service.empreendimento.GuiaParserService$EmpreendimentoGuia["ativo"])
2026-09-13T22:26:02.425-03:00  INFO 5648 --- [back] [       crm-seed] c.b.m.s.e.GuiaParserService              : Guia carregado via HTML: 0 empreendimentos de C:\Users\isabe\Desktop\imoveis\guia-de-bolso.html
2026-09-13T22:26:02.425-03:00  WARN 5648 --- [back] [       crm-seed] c.b.m.s.e.GuiaParserService              : Nenhum Guia encontrado (json=.\data\guia-de-bolso_empreendimentos.json, html=.\guia-de-bolso.html)
2026-09-13T22:26:02.435-03:00  WARN 5648 --- [back] [       crm-seed] c.b.m.s.e.GuiaParserService              : Nenhum Guia encontrado (json=.\data\guia-de-bolso_empreendimentos.json, html=.\data\guia-de-bolso.html)
2026-09-13T22:26:02.435-03:00  WARN 5648 --- [back] [       crm-seed] c.b.m.s.e.GuiaParserService              : Nenhum Guia encontrado (json=.\data\guia-de-bolso_empreendimentos.json, html=guia-de-bolso.html)
2026-09-13T22:26:02.460-03:00  WARN 5648 --- [back] [       crm-seed] c.b.m.s.e.GuiaParserService              : Bloco Guia ignorado: Unrecognized field "ativo" (class crm_imobiliario.back.model.service.empreendimento.GuiaParserService$EmpreendimentoGuia), not marked as ignorable (25 known properties: "preco_min", "regiao", "cidade", "bairro", "pontos_referencia", "endereco", "slug", "resumo_10s", "descricao_resumo", "diferenciais", "uf", "status", "preco_max", "condicoes_comerciais", "metragem_min", "nome", "id", "plantas", "parcelamento_max", "previsao_entrega", "metragem_max", "geo", "areas_comuns", "entrega_contratual", "tabela")
 at [Source: REDACTED (`StreamReadFeature.INCLUDE_SOURCE_IN_LOCATION` disabled); line: 1, column: 90] (through reference chain: crm_imobiliario.back.model.service.empreendimento.GuiaParserService$EmpreendimentoGuia["ativo"])
2026-09-13T22:26:02.485-03:00  WARN 5648 --- [back] [       crm-seed] c.b.m.s.e.GuiaParserService              : Bloco Guia ignorado: Unrecognized field "ativo" (class crm_imobiliario.back.model.service.empreendimento.GuiaParserService$EmpreendimentoGuia), not marked as ignorable (25 known properties: "preco_min", "regiao", "cidade", "bairro", "pontos_referencia", "endereco", "slug", "resumo_10s", "descricao_resumo", "diferenciais", "uf", "status", "preco_max", "condicoes_comerciais", "metragem_min", "nome", "id", "plantas", "parcelamento_max", "previsao_entrega", "metragem_max", "geo", "areas_comuns", "entrega_contratual", "tabela")
 at [Source: REDACTED (`StreamReadFeature.INCLUDE_SOURCE_IN_LOCATION` disabled); line: 1, column: 87] (through reference chain: crm_imobiliario.back.model.service.empreendimento.GuiaParserService$EmpreendimentoGuia["ativo"])
2026-09-13T22:26:02.504-03:00  WARN 5648 --- [back] [       crm-seed] c.b.m.s.e.GuiaParserService              : Bloco Guia ignorado: Unrecognized field "ativo" (class crm_imobiliario.back.model.service.empreendimento.GuiaParserService$EmpreendimentoGuia), not marked as ignorable (25 known properties: "preco_min", "regiao", "cidade", "bairro", "pontos_referencia", "endereco", "slug", "resumo_10s", "descricao_resumo", "diferenciais", "uf", "status", "preco_max", "condicoes_comerciais", "metragem_min", "nome", "id", "plantas", "parcelamento_max", "previsao_entrega", "metragem_max", "geo", "areas_comuns", "entrega_contratual", "tabela")
 at [Source: REDACTED (`StreamReadFeature.INCLUDE_SOURCE_IN_LOCATION` disabled); line: 1, column: 82] (through reference chain: crm_imobiliario.back.model.service.empreendimento.GuiaParserService$EmpreendimentoGuia["ativo"])
2026-09-13T22:26:02.519-03:00  WARN 5648 --- [back] [       crm-seed] c.b.m.s.e.GuiaParserService              : Bloco Guia ignorado: Unrecognized field "ativo" (class crm_imobiliario.back.model.service.empreendimento.GuiaParserService$EmpreendimentoGuia), not marked as ignorable (25 known properties: "preco_min", "regiao", "cidade", "bairro", "pontos_referencia", "endereco", "slug", "resumo_10s", "descricao_resumo", "diferenciais", "uf", "status", "preco_max", "condicoes_comerciais", "metragem_min", "nome", "id", "plantas", "parcelamento_max", "previsao_entrega", "metragem_max", "geo", "areas_comuns", "entrega_contratual", "tabela")
 at [Source: REDACTED (`StreamReadFeature.INCLUDE_SOURCE_IN_LOCATION` disabled); line: 1, column: 84] (through reference chain: crm_imobiliario.back.model.service.empreendimento.GuiaParserService$EmpreendimentoGuia["ativo"])
2026-09-13T22:26:02.544-03:00  WARN 5648 --- [back] [       crm-seed] c.b.m.s.e.GuiaParserService              : Bloco Guia ignorado: Unrecognized field "ativo" (class crm_imobiliario.back.model.service.empreendimento.GuiaParserService$EmpreendimentoGuia), not marked as ignorable (25 known properties: "preco_min", "regiao", "cidade", "bairro", "pontos_referencia", "endereco", "slug", "resumo_10s", "descricao_resumo", "diferenciais", "uf", "status", "preco_max", "condicoes_comerciais", "metragem_min", "nome", "id", "plantas", "parcelamento_max", "previsao_entrega", "metragem_max", "geo", "areas_comuns", "entrega_contratual", "tabela")
 at [Source: REDACTED (`StreamReadFeature.INCLUDE_SOURCE_IN_LOCATION` disabled); line: 1, column: 78] (through reference chain: crm_imobiliario.back.model.service.empreendimento.GuiaParserService$EmpreendimentoGuia["ativo"])
2026-09-13T22:26:02.544-03:00  INFO 5648 --- [back] [       crm-seed] c.b.m.s.e.GuiaParserService              : Guia carregado via HTML: 0 empreendimentos de C:\Users\isabe\Desktop\imoveis\guia-de-bolso.html
2026-09-13T22:26:02.544-03:00  WARN 5648 --- [back] [       crm-seed] c.b.m.s.e.GuiaParserService              : Nenhum Guia encontrado (json=guia-de-bolso_empreendimentos.json, html=.\guia-de-bolso.html)
2026-09-13T22:26:02.544-03:00  WARN 5648 --- [back] [       crm-seed] c.b.m.s.e.GuiaParserService              : Nenhum Guia encontrado (json=guia-de-bolso_empreendimentos.json, html=.\data\guia-de-bolso.html)
2026-09-13T22:26:02.545-03:00  WARN 5648 --- [back] [       crm-seed] c.b.m.s.e.GuiaParserService              : Nenhum Guia encontrado (json=guia-de-bolso_empreendimentos.json, html=guia-de-bolso.html)
2026-09-13T22:26:02.565-03:00  WARN 5648 --- [back] [       crm-seed] c.b.m.s.e.GuiaParserService              : Bloco Guia ignorado: Unrecognized field "ativo" (class crm_imobiliario.back.model.service.empreendimento.GuiaParserService$EmpreendimentoGuia), not marked as ignorable (25 known properties: "preco_min", "regiao", "cidade", "bairro", "pontos_referencia", "endereco", "slug", "resumo_10s", "descricao_resumo", "diferenciais", "uf", "status", "preco_max", "condicoes_comerciais", "metragem_min", "nome", "id", "plantas", "parcelamento_max", "previsao_entrega", "metragem_max", "geo", "areas_comuns", "entrega_contratual", "tabela")
 at [Source: REDACTED (`StreamReadFeature.INCLUDE_SOURCE_IN_LOCATION` disabled); line: 1, column: 90] (through reference chain: crm_imobiliario.back.model.service.empreendimento.GuiaParserService$EmpreendimentoGuia["ativo"])
2026-09-13T22:26:02.585-03:00  WARN 5648 --- [back] [       crm-seed] c.b.m.s.e.GuiaParserService              : Bloco Guia ignorado: Unrecognized field "ativo" (class crm_imobiliario.back.model.service.empreendimento.GuiaParserService$EmpreendimentoGuia), not marked as ignorable (25 known properties: "preco_min", "regiao", "cidade", "bairro", "pontos_referencia", "endereco", "slug", "resumo_10s", "descricao_resumo", "diferenciais", "uf", "status", "preco_max", "condicoes_comerciais", "metragem_min", "nome", "id", "plantas", "parcelamento_max", "previsao_entrega", "metragem_max", "geo", "areas_comuns", "entrega_contratual", "tabela")
 at [Source: REDACTED (`StreamReadFeature.INCLUDE_SOURCE_IN_LOCATION` disabled); line: 1, column: 87] (through reference chain: crm_imobiliario.back.model.service.empreendimento.GuiaParserService$EmpreendimentoGuia["ativo"])
2026-09-13T22:26:02.605-03:00  WARN 5648 --- [back] [       crm-seed] c.b.m.s.e.GuiaParserService              : Bloco Guia ignorado: Unrecognized field "ativo" (class crm_imobiliario.back.model.service.empreendimento.GuiaParserService$EmpreendimentoGuia), not marked as ignorable (25 known properties: "preco_min", "regiao", "cidade", "bairro", "pontos_referencia", "endereco", "slug", "resumo_10s", "descricao_resumo", "diferenciais", "uf", "status", "preco_max", "condicoes_comerciais", "metragem_min", "nome", "id", "plantas", "parcelamento_max", "previsao_entrega", "metragem_max", "geo", "areas_comuns", "entrega_contratual", "tabela")
 at [Source: REDACTED (`StreamReadFeature.INCLUDE_SOURCE_IN_LOCATION` disabled); line: 1, column: 82] (through reference chain: crm_imobiliario.back.model.service.empreendimento.GuiaParserService$EmpreendimentoGuia["ativo"])
2026-09-13T22:26:02.629-03:00  WARN 5648 --- [back] [       crm-seed] c.b.m.s.e.GuiaParserService              : Bloco Guia ignorado: Unrecognized field "ativo" (class crm_imobiliario.back.model.service.empreendimento.GuiaParserService$EmpreendimentoGuia), not marked as ignorable (25 known properties: "preco_min", "regiao", "cidade", "bairro", "pontos_referencia", "endereco", "slug", "resumo_10s", "descricao_resumo", "diferenciais", "uf", "status", "preco_max", "condicoes_comerciais", "metragem_min", "nome", "id", "plantas", "parcelamento_max", "previsao_entrega", "metragem_max", "geo", "areas_comuns", "entrega_contratual", "tabela")
 at [Source: REDACTED (`StreamReadFeature.INCLUDE_SOURCE_IN_LOCATION` disabled); line: 1, column: 84] (through reference chain: crm_imobiliario.back.model.service.empreendimento.GuiaParserService$EmpreendimentoGuia["ativo"])
2026-09-13T22:26:02.644-03:00  WARN 5648 --- [back] [       crm-seed] c.b.m.s.e.GuiaParserService              : Bloco Guia ignorado: Unrecognized field "ativo" (class crm_imobiliario.back.model.service.empreendimento.GuiaParserService$EmpreendimentoGuia), not marked as ignorable (25 known properties: "preco_min", "regiao", "cidade", "bairro", "pontos_referencia", "endereco", "slug", "resumo_10s", "descricao_resumo", "diferenciais", "uf", "status", "preco_max", "condicoes_comerciais", "metragem_min", "nome", "id", "plantas", "parcelamento_max", "previsao_entrega", "metragem_max", "geo", "areas_comuns", "entrega_contratual", "tabela")
 at [Source: REDACTED (`StreamReadFeature.INCLUDE_SOURCE_IN_LOCATION` disabled); line: 1, column: 78] (through reference chain: crm_imobiliario.back.model.service.empreendimento.GuiaParserService$EmpreendimentoGuia["ativo"])
2026-09-13T22:26:02.644-03:00  INFO 5648 --- [back] [       crm-seed] c.b.m.s.e.GuiaParserService              : Guia carregado via HTML: 0 empreendimentos de C:\Users\isabe\Desktop\imoveis\guia-de-bolso.html
2026-09-13T22:26:02.652-03:00  WARN 5648 --- [back] [       crm-seed] c.b.m.s.e.GuiaParserService              : Falha ao ler JSON Guia C:\Users\isabe\Desktop\imoveis\guia-de-bolso_empreendimentos.json: Unrecognized field "ativo" (class crm_imobiliario.back.model.service.empreendimento.GuiaParserService$EmpreendimentoGuia), not marked as ignorable (25 known properties: "preco_min", "regiao", "cidade", "bairro", "pontos_referencia", "endereco", "slug", "resumo_10s", "descricao_resumo", "diferenciais", "uf", "status", "preco_max", "condicoes_comerciais", "metragem_min", "nome", "id", "plantas", "parcelamento_max", "previsao_entrega", "metragem_max", "geo", "areas_comuns", "entrega_contratual", "tabela")
 at [Source: REDACTED (`StreamReadFeature.INCLUDE_SOURCE_IN_LOCATION` disabled); line: 6, column: 18] (through reference chain: java.util.ArrayList[0]->crm_imobiliario.back.model.service.empreendimento.GuiaParserService$EmpreendimentoGuia["ativo"])
2026-09-13T22:26:02.652-03:00  WARN 5648 --- [back] [       crm-seed] c.b.m.s.e.GuiaParserService              : Nenhum Guia encontrado (json=C:\Users\isabe\Desktop\imoveis\guia-de-bolso_empreendimentos.json, html=.\guia-de-bolso.html)
2026-09-13T22:26:02.660-03:00  WARN 5648 --- [back] [       crm-seed] c.b.m.s.e.GuiaParserService              : Falha ao ler JSON Guia C:\Users\isabe\Desktop\imoveis\guia-de-bolso_empreendimentos.json: Unrecognized field "ativo" (class crm_imobiliario.back.model.service.empreendimento.GuiaParserService$EmpreendimentoGuia), not marked as ignorable (25 known properties: "preco_min", "regiao", "cidade", "bairro", "pontos_referencia", "endereco", "slug", "resumo_10s", "descricao_resumo", "diferenciais", "uf", "status", "preco_max", "condicoes_comerciais", "metragem_min", "nome", "id", "plantas", "parcelamento_max", "previsao_entrega", "metragem_max", "geo", "areas_comuns", "entrega_contratual", "tabela")
 at [Source: REDACTED (`StreamReadFeature.INCLUDE_SOURCE_IN_LOCATION` disabled); line: 6, column: 18] (through reference chain: java.util.ArrayList[0]->crm_imobiliario.back.model.service.empreendimento.GuiaParserService$EmpreendimentoGuia["ativo"])
2026-09-13T22:26:02.660-03:00  WARN 5648 --- [back] [       crm-seed] c.b.m.s.e.GuiaParserService              : Nenhum Guia encontrado (json=C:\Users\isabe\Desktop\imoveis\guia-de-bolso_empreendimentos.json, html=.\data\guia-de-bolso.html)
2026-09-13T22:26:02.672-03:00  WARN 5648 --- [back] [       crm-seed] c.b.m.s.e.GuiaParserService              : Falha ao ler JSON Guia C:\Users\isabe\Desktop\imoveis\guia-de-bolso_empreendimentos.json: Unrecognized field "ativo" (class crm_imobiliario.back.model.service.empreendimento.GuiaParserService$EmpreendimentoGuia), not marked as ignorable (25 known properties: "preco_min", "regiao", "cidade", "bairro", "pontos_referencia", "endereco", "slug", "resumo_10s", "descricao_resumo", "diferenciais", "uf", "status", "preco_max", "condicoes_comerciais", "metragem_min", "nome", "id", "plantas", "parcelamento_max", "previsao_entrega", "metragem_max", "geo", "areas_comuns", "entrega_contratual", "tabela")
 at [Source: REDACTED (`StreamReadFeature.INCLUDE_SOURCE_IN_LOCATION` disabled); line: 6, column: 18] (through reference chain: java.util.ArrayList[0]->crm_imobiliario.back.model.service.empreendimento.GuiaParserService$EmpreendimentoGuia["ativo"])
2026-09-13T22:26:02.672-03:00  WARN 5648 --- [back] [       crm-seed] c.b.m.s.e.GuiaParserService              : Nenhum Guia encontrado (json=C:\Users\isabe\Desktop\imoveis\guia-de-bolso_empreendimentos.json, html=guia-de-bolso.html)
2026-09-13T22:26:02.682-03:00  WARN 5648 --- [back] [       crm-seed] c.b.m.s.e.GuiaParserService              : Falha ao ler JSON Guia C:\Users\isabe\Desktop\imoveis\guia-de-bolso_empreendimentos.json: Unrecognized field "ativo" (class crm_imobiliario.back.model.service.empreendimento.GuiaParserService$EmpreendimentoGuia), not marked as ignorable (25 known properties: "preco_min", "regiao", "cidade", "bairro", "pontos_referencia", "endereco", "slug", "resumo_10s", "descricao_resumo", "diferenciais", "uf", "status", "preco_max", "condicoes_comerciais", "metragem_min", "nome", "id", "plantas", "parcelamento_max", "previsao_entrega", "metragem_max", "geo", "areas_comuns", "entrega_contratual", "tabela")
 at [Source: REDACTED (`StreamReadFeature.INCLUDE_SOURCE_IN_LOCATION` disabled); line: 6, column: 18] (through reference chain: java.util.ArrayList[0]->crm_imobiliario.back.model.service.empreendimento.GuiaParserService$EmpreendimentoGuia["ativo"])
2026-09-13T22:26:02.711-03:00  WARN 5648 --- [back] [       crm-seed] c.b.m.s.e.GuiaParserService              : Bloco Guia ignorado: Unrecognized field "ativo" (class crm_imobiliario.back.model.service.empreendimento.GuiaParserService$EmpreendimentoGuia), not marked as ignorable (25 known properties: "preco_min", "regiao", "cidade", "bairro", "pontos_referencia", "endereco", "slug", "resumo_10s", "descricao_resumo", "diferenciais", "uf", "status", "preco_max", "condicoes_comerciais", "metragem_min", "nome", "id", "plantas", "parcelamento_max", "previsao_entrega", "metragem_max", "geo", "areas_comuns", "entrega_contratual", "tabela")
 at [Source: REDACTED (`StreamReadFeature.INCLUDE_SOURCE_IN_LOCATION` disabled); line: 1, column: 90] (through reference chain: crm_imobiliario.back.model.service.empreendimento.GuiaParserService$EmpreendimentoGuia["ativo"])
2026-09-13T22:26:02.739-03:00  WARN 5648 --- [back] [       crm-seed] c.b.m.s.e.GuiaParserService              : Bloco Guia ignorado: Unrecognized field "ativo" (class crm_imobiliario.back.model.service.empreendimento.GuiaParserService$EmpreendimentoGuia), not marked as ignorable (25 known properties: "preco_min", "regiao", "cidade", "bairro", "pontos_referencia", "endereco", "slug", "resumo_10s", "descricao_resumo", "diferenciais", "uf", "status", "preco_max", "condicoes_comerciais", "metragem_min", "nome", "id", "plantas", "parcelamento_max", "previsao_entrega", "metragem_max", "geo", "areas_comuns", "entrega_contratual", "tabela")
 at [Source: REDACTED (`StreamReadFeature.INCLUDE_SOURCE_IN_LOCATION` disabled); line: 1, column: 87] (through reference chain: crm_imobiliario.back.model.service.empreendimento.GuiaParserService$EmpreendimentoGuia["ativo"])
2026-09-13T22:26:02.756-03:00  WARN 5648 --- [back] [       crm-seed] c.b.m.s.e.GuiaParserService              : Bloco Guia ignorado: Unrecognized field "ativo" (class crm_imobiliario.back.model.service.empreendimento.GuiaParserService$EmpreendimentoGuia), not marked as ignorable (25 known properties: "preco_min", "regiao", "cidade", "bairro", "pontos_referencia", "endereco", "slug", "resumo_10s", "descricao_resumo", "diferenciais", "uf", "status", "preco_max", "condicoes_comerciais", "metragem_min", "nome", "id", "plantas", "parcelamento_max", "previsao_entrega", "metragem_max", "geo", "areas_comuns", "entrega_contratual", "tabela")
 at [Source: REDACTED (`StreamReadFeature.INCLUDE_SOURCE_IN_LOCATION` disabled); line: 1, column: 82] (through reference chain: crm_imobiliario.back.model.service.empreendimento.GuiaParserService$EmpreendimentoGuia["ativo"])
2026-09-13T22:26:02.772-03:00  WARN 5648 --- [back] [       crm-seed] c.b.m.s.e.GuiaParserService              : Bloco Guia ignorado: Unrecognized field "ativo" (class crm_imobiliario.back.model.service.empreendimento.GuiaParserService$EmpreendimentoGuia), not marked as ignorable (25 known properties: "preco_min", "regiao", "cidade", "bairro", "pontos_referencia", "endereco", "slug", "resumo_10s", "descricao_resumo", "diferenciais", "uf", "status", "preco_max", "condicoes_comerciais", "metragem_min", "nome", "id", "plantas", "parcelamento_max", "previsao_entrega", "metragem_max", "geo", "areas_comuns", "entrega_contratual", "tabela")
 at [Source: REDACTED (`StreamReadFeature.INCLUDE_SOURCE_IN_LOCATION` disabled); line: 1, column: 84] (through reference chain: crm_imobiliario.back.model.service.empreendimento.GuiaParserService$EmpreendimentoGuia["ativo"])
2026-09-13T22:26:02.792-03:00  WARN 5648 --- [back] [       crm-seed] c.b.m.s.e.GuiaParserService              : Bloco Guia ignorado: Unrecognized field "ativo" (class crm_imobiliario.back.model.service.empreendimento.GuiaParserService$EmpreendimentoGuia), not marked as ignorable (25 known properties: "preco_min", "regiao", "cidade", "bairro", "pontos_referencia", "endereco", "slug", "resumo_10s", "descricao_resumo", "diferenciais", "uf", "status", "preco_max", "condicoes_comerciais", "metragem_min", "nome", "id", "plantas", "parcelamento_max", "previsao_entrega", "metragem_max", "geo", "areas_comuns", "entrega_contratual", "tabela")
 at [Source: REDACTED (`StreamReadFeature.INCLUDE_SOURCE_IN_LOCATION` disabled); line: 1, column: 78] (through reference chain: crm_imobiliario.back.model.service.empreendimento.GuiaParserService$EmpreendimentoGuia["ativo"])
2026-09-13T22:26:02.793-03:00  INFO 5648 --- [back] [       crm-seed] c.b.m.s.e.GuiaParserService              : Guia carregado via HTML: 0 empreendimentos de C:\Users\isabe\Desktop\imoveis\guia-de-bolso.html
2026-09-13T22:26:02.793-03:00  WARN 5648 --- [back] [       crm-seed] c.b.m.s.empreendimento.CrmSyncService    : CrmSyncService: nenhum Guia encontrado em candidatosJson=[.\guia-de-bolso_empreendimentos.json, .\data\guia-de-bolso_empreendimentos.json, guia-de-bolso_empreendimentos.json, C:\Users\isabe\Desktop\imoveis\guia-de-bolso_empreendimentos.json], candidatosHtml=[.\guia-de-bolso.html, .\data\guia-de-bolso.html, guia-de-bolso.html, C:\Users\isabe\Desktop\imoveis\guia-de-bolso.html]
2026-09-13T22:26:02.864-03:00  INFO 5648 --- [back] [       crm-seed] c.b.m.s.empreendimento.CrmSyncService    : Sync completa: total=17, sucesso=17, falha=0, disponiveis=16
2026-09-13T22:26:09.698-03:00  INFO 5648 --- [back] [nio-8080-exec-4] b.m.s.e.e.DocumentExtractionOrchestrator : Documento "C-PRD - Book - London Plaza (Digital).pdf" classificado como Book. Total de páginas: 21. Página 21 ignorada para extração do endereço institucional do empreendimento. Páginas elegíveis para endereço: 1 a 20.
2026-09-13T22:26:09.799-03:00  INFO 5648 --- [back] [nio-8080-exec-4] c.b.m.s.e.EmpreendimentoExtracaoService  : Extracao 14 concluida status=revisao
2026-09-13T22:26:50.802-03:00  WARN 5648 --- [back] [nio-8080-exec-6] ration$PageModule$WarningLoggingModifier : Serializing PageImpl instances as-is is not supported, meaning that there is no guarantee about the stability of the resulting JSON structure!
	For a stable JSON structure, please use Spring Data's PagedModel (globally via @EnableSpringDataWebSupport(pageSerializationMode = VIA_DTO))
	or Spring HATEOAS and Spring Data's PagedResourcesAssembler as documented in https://docs.spring.io/spring-data/commons/reference/repositories/core-extensions.html#core.web.pageables.

2026-09-13T22:27:29.940-03:00  INFO 5648 --- [back] [nio-8080-exec-7] b.m.s.e.e.DocumentExtractionOrchestrator : Documento "C-PRD - Book - London Plaza (Digital).pdf" classificado como Book. Total de páginas: 21. Página 21 ignorada para extração do endereço institucional do empreendimento. Páginas elegíveis para endereço: 1 a 20.
2026-09-13T22:27:31.030-03:00  INFO 5648 --- [back] [nio-8080-exec-7] c.b.m.s.e.EmpreendimentoExtracaoService  : Extracao 15 concluida status=revisao
2026-09-13T23:10:54.114-03:00  INFO 5648 --- [back] [io-8080-exec-10] b.m.s.e.e.DocumentExtractionOrchestrator : Documento "C-PRD - Book - Marbella (Digital) 2.pdf" classificado como Book. Total de páginas: 19. Página 19 ignorada para extração do endereço institucional do empreendimento. Páginas elegíveis para endereço: 1 a 18.
2026-09-13T23:10:54.220-03:00  INFO 5648 --- [back] [io-8080-exec-10] c.b.m.s.e.EmpreendimentoExtracaoService  : Extracao 16 concluida status=concluido
2026-09-13T23:13:09.580-03:00  WARN 5648 --- [back] [nio-8080-exec-6] org.hibernate.orm.jdbc.error             : HHH000247: ErrorCode: 0, SQLState: 23505
2026-09-13T23:13:09.582-03:00  WARN 5648 --- [back] [nio-8080-exec-6] org.hibernate.orm.jdbc.error             : ERRO: duplicar valor da chave viola a restrição de unicidade "idx_emp_codigo_ext"
  Detalhe: Chave (codigo_externo)=() já existe.
2026-09-13T23:13:09.689-03:00  WARN 5648 --- [back] [nio-8080-exec-6] c.back.util.GlobalExceptionHandler       : DataIntegrityViolation on /api/v1/empreendimentos/confirmar: ERRO: duplicar valor da chave viola a restrição de unicidade "idx_emp_codigo_ext"
  Detalhe: Chave (codigo_externo)=() já existe.
2026-09-13T23:13:22.075-03:00  WARN 5648 --- [back] [nio-8080-exec-9] org.hibernate.orm.jdbc.error             : HHH000247: ErrorCode: 0, SQLState: 23505
2026-09-13T23:13:22.075-03:00  WARN 5648 --- [back] [nio-8080-exec-9] org.hibernate.orm.jdbc.error             : ERRO: duplicar valor da chave viola a restrição de unicidade "idx_emp_codigo_ext"
  Detalhe: Chave (codigo_externo)=() já existe.
2026-09-13T23:13:22.081-03:00  WARN 5648 --- [back] [nio-8080-exec-9] c.back.util.GlobalExceptionHandler       : DataIntegrityViolation on /api/v1/empreendimentos/confirmar: ERRO: duplicar valor da chave viola a restrição de unicidade "idx_emp_codigo_ext"
  Detalhe: Chave (codigo_externo)=() já existe.
2026-09-13T23:13:41.745-03:00  WARN 5648 --- [back] [nio-8080-exec-7] org.hibernate.orm.jdbc.error             : HHH000247: ErrorCode: 0, SQLState: 23505
2026-09-13T23:13:41.745-03:00  WARN 5648 --- [back] [nio-8080-exec-7] org.hibernate.orm.jdbc.error             : ERRO: duplicar valor da chave viola a restrição de unicidade "idx_emp_codigo_ext"
  Detalhe: Chave (codigo_externo)=() já existe.
2026-09-13T23:13:41.745-03:00  WARN 5648 --- [back] [nio-8080-exec-7] c.back.util.GlobalExceptionHandler       : DataIntegrityViolation on /api/v1/empreendimentos/confirmar: ERRO: duplicar valor da chave viola a restrição de unicidade "idx_emp_codigo_ext"
  Detalhe: Chave (codigo_externo)=() já existe.
[INFO] ------------------------------------------------------------------------
[INFO] BUILD FAILURE
[INFO] ------------------------------------------------------------------------
[INFO] Total time:  01:13 h
[INFO] Finished at: 2026-09-13T23:38:58-03:00
[INFO] ------------------------------------------------------------------------
[ERROR] Failed to execute goal org.springframework.boot:spring-boot-maven-plugin:4.0.5:run (default-cli) on project back: Process terminated with exit code: 1 -> [Help 1]
[ERROR] 
[ERROR] To see the full stack trace of the errors, re-run Maven with the -e switch.
[ERROR] Re-run Maven using the -X switch to enable full debug logging.
[ERROR] 
[ERROR] For more information about the errors and possible solutions, please read the following articles:
[ERROR] [Help 1] http://cwiki.apache.org/confluence/display/MAVEN/MojoExecutionException
